../Drivers/STM32H5xx_HAL_Driver/Src/stm32h5xx_hal_sdio.c:313:19:HAL_SDIO_Init	72	static
../Drivers/STM32H5xx_HAL_Driver/Src/stm32h5xx_hal_sdio.c:434:19:HAL_SDIO_DeInit	16	static
../Drivers/STM32H5xx_HAL_Driver/Src/stm32h5xx_hal_sdio.c:472:13:HAL_SDIO_MspInit	16	static
../Drivers/STM32H5xx_HAL_Driver/Src/stm32h5xx_hal_sdio.c:487:13:HAL_SDIO_MspDeInit	16	static
../Drivers/STM32H5xx_HAL_Driver/Src/stm32h5xx_hal_sdio.c:523:19:HAL_SDIO_SetDataBusWidth	32	static
../Drivers/STM32H5xx_HAL_Driver/Src/stm32h5xx_hal_sdio.c:562:19:HAL_SDIO_ConfigFrequency	24	static
../Drivers/STM32H5xx_HAL_Driver/Src/stm32h5xx_hal_sdio.c:605:19:HAL_SDIO_SetBlockSize	32	static
../Drivers/STM32H5xx_HAL_Driver/Src/stm32h5xx_hal_sdio.c:641:19:HAL_SDIO_SetSpeedMode	32	static
../Drivers/STM32H5xx_HAL_Driver/Src/stm32h5xx_hal_sdio.c:688:19:HAL_SDIO_CardReset	32	static
../Drivers/STM32H5xx_HAL_Driver/Src/stm32h5xx_hal_sdio.c:726:19:HAL_SDIO_GetCardCommonControlRegister	288	static
../Drivers/STM32H5xx_HAL_Driver/Src/stm32h5xx_hal_sdio.c:767:19:HAL_SDIO_GetCardFBRRegister	288	static
../Drivers/STM32H5xx_HAL_Driver/Src/stm32h5xx_hal_sdio.c:833:19:HAL_SDIO_ReadDirect	32	static
../Drivers/STM32H5xx_HAL_Driver/Src/stm32h5xx_hal_sdio.c:899:19:HAL_SDIO_WriteDirect	32	static
../Drivers/STM32H5xx_HAL_Driver/Src/stm32h5xx_hal_sdio.c:964:19:HAL_SDIO_ReadExtended	96	static,ignoring_inline_asm
../Drivers/STM32H5xx_HAL_Driver/Src/stm32h5xx_hal_sdio.c:1173:19:HAL_SDIO_WriteExtended	104	static,ignoring_inline_asm
../Drivers/STM32H5xx_HAL_Driver/Src/stm32h5xx_hal_sdio.c:1366:19:HAL_SDIO_ReadExtended_DMA	80	static,ignoring_inline_asm
../Drivers/STM32H5xx_HAL_Driver/Src/stm32h5xx_hal_sdio.c:1498:19:HAL_SDIO_WriteExtended_DMA	80	static,ignoring_inline_asm
../Drivers/STM32H5xx_HAL_Driver/Src/stm32h5xx_hal_sdio.c:1656:6:HAL_SDIO_IRQHandler	48	static
../Drivers/STM32H5xx_HAL_Driver/Src/stm32h5xx_hal_sdio.c:1757:13:HAL_SDIO_TxCpltCallback	16	static
../Drivers/STM32H5xx_HAL_Driver/Src/stm32h5xx_hal_sdio.c:1772:13:HAL_SDIO_RxCpltCallback	16	static
../Drivers/STM32H5xx_HAL_Driver/Src/stm32h5xx_hal_sdio.c:1787:13:HAL_SDIO_ErrorCallback	16	static
../Drivers/STM32H5xx_HAL_Driver/Src/stm32h5xx_hal_sdio.c:1803:13:HAL_SDIO_IOFunctionCallback	16	static
../Drivers/STM32H5xx_HAL_Driver/Src/stm32h5xx_hal_sdio.c:1821:14:HAL_SDIO_DriveTransceiver_1_8V_Callback	16	static
../Drivers/STM32H5xx_HAL_Driver/Src/stm32h5xx_hal_sdio.c:2001:19:HAL_SDIO_RegisterTransceiverCallback	24	static
../Drivers/STM32H5xx_HAL_Driver/Src/stm32h5xx_hal_sdio.c:2034:19:HAL_SDIO_UnRegisterTransceiverCallback	24	static
../Drivers/STM32H5xx_HAL_Driver/Src/stm32h5xx_hal_sdio.c:2060:19:HAL_SDIO_RegisterIdentifyCardCallback	16	static
../Drivers/STM32H5xx_HAL_Driver/Src/stm32h5xx_hal_sdio.c:2100:23:HAL_SDIO_GetState	16	static
../Drivers/STM32H5xx_HAL_Driver/Src/stm32h5xx_hal_sdio.c:2110:10:HAL_SDIO_GetError	16	static
../Drivers/STM32H5xx_HAL_Driver/Src/stm32h5xx_hal_sdio.c:2139:19:HAL_SDIO_EnableIOFunctionInterrupt	32	static
../Drivers/STM32H5xx_HAL_Driver/Src/stm32h5xx_hal_sdio.c:2189:19:HAL_SDIO_DisableIOFunctionInterrupt	32	static
../Drivers/STM32H5xx_HAL_Driver/Src/stm32h5xx_hal_sdio.c:2243:19:HAL_SDIO_EnableIOFunction	32	static
../Drivers/STM32H5xx_HAL_Driver/Src/stm32h5xx_hal_sdio.c:2297:19:HAL_SDIO_DisableIOFunction	32	static
../Drivers/STM32H5xx_HAL_Driver/Src/stm32h5xx_hal_sdio.c:2340:19:HAL_SDIO_SelectIOFunction	24	static
../Drivers/STM32H5xx_HAL_Driver/Src/stm32h5xx_hal_sdio.c:2367:19:HAL_SDIO_AbortIOFunction	24	static
../Drivers/STM32H5xx_HAL_Driver/Src/stm32h5xx_hal_sdio.c:2393:19:HAL_SDIO_EnableIOAsynInterrupt	32	static
../Drivers/STM32H5xx_HAL_Driver/Src/stm32h5xx_hal_sdio.c:2436:19:HAL_SDIO_DisableIOAsynInterrupt	32	static
../Drivers/STM32H5xx_HAL_Driver/Src/stm32h5xx_hal_sdio.c:2480:19:HAL_SDIO_RegisterIOFunctionCallback	24	static
../Drivers/STM32H5xx_HAL_Driver/Src/stm32h5xx_hal_sdio.c:2515:26:SDIO_InitCard	40	static
../Drivers/STM32H5xx_HAL_Driver/Src/stm32h5xx_hal_sdio.c:2603:26:SDIO_ReadDirect	32	static
../Drivers/STM32H5xx_HAL_Driver/Src/stm32h5xx_hal_sdio.c:2640:26:SDIO_WriteDirect	40	static
../Drivers/STM32H5xx_HAL_Driver/Src/stm32h5xx_hal_sdio.c:2679:26:SDIO_WriteExtended	104	static,ignoring_inline_asm
../Drivers/STM32H5xx_HAL_Driver/Src/stm32h5xx_hal_sdio.c:2838:16:SDIO_Convert_Block_Size	32	static,ignoring_inline_asm
../Drivers/STM32H5xx_HAL_Driver/Src/stm32h5xx_hal_sdio.c:2858:26:SDIO_IOFunction_IRQHandler	32	static
