../Drivers/STM32H5xx_HAL_Driver/Src/stm32h5xx_hal_nand.c:159:20:HAL_NAND_Init	24	static
../Drivers/STM32H5xx_HAL_Driver/Src/stm32h5xx_hal_nand.c:214:19:HAL_NAND_DeInit	16	static
../Drivers/STM32H5xx_HAL_Driver/Src/stm32h5xx_hal_nand.c:247:13:HAL_NAND_MspInit	16	static
../Drivers/STM32H5xx_HAL_Driver/Src/stm32h5xx_hal_nand.c:263:13:HAL_NAND_MspDeInit	16	static
../Drivers/STM32H5xx_HAL_Driver/Src/stm32h5xx_hal_nand.c:280:6:HAL_NAND_IRQHandler	16	static
../Drivers/STM32H5xx_HAL_Driver/Src/stm32h5xx_hal_nand.c:346:13:HAL_NAND_ITCallback	16	static
../Drivers/STM32H5xx_HAL_Driver/Src/stm32h5xx_hal_nand.c:382:19:HAL_NAND_Read_ID	32	static,ignoring_inline_asm
../Drivers/STM32H5xx_HAL_Driver/Src/stm32h5xx_hal_nand.c:453:19:HAL_NAND_Reset	24	static
../Drivers/STM32H5xx_HAL_Driver/Src/stm32h5xx_hal_nand.c:498:20:HAL_NAND_ConfigDevice	16	static
../Drivers/STM32H5xx_HAL_Driver/Src/stm32h5xx_hal_nand.c:520:19:HAL_NAND_Read_Page_8b	48	static,ignoring_inline_asm
../Drivers/STM32H5xx_HAL_Driver/Src/stm32h5xx_hal_nand.c:674:19:HAL_NAND_Read_Page_16b	48	static,ignoring_inline_asm
../Drivers/STM32H5xx_HAL_Driver/Src/stm32h5xx_hal_nand.c:838:19:HAL_NAND_Write_Page_8b	48	static,ignoring_inline_asm
../Drivers/STM32H5xx_HAL_Driver/Src/stm32h5xx_hal_nand.c:987:19:HAL_NAND_Write_Page_16b	48	static,ignoring_inline_asm
../Drivers/STM32H5xx_HAL_Driver/Src/stm32h5xx_hal_nand.c:1147:19:HAL_NAND_Read_SpareArea_8b	56	static,ignoring_inline_asm
../Drivers/STM32H5xx_HAL_Driver/Src/stm32h5xx_hal_nand.c:1308:19:HAL_NAND_Read_SpareArea_16b	56	static,ignoring_inline_asm
../Drivers/STM32H5xx_HAL_Driver/Src/stm32h5xx_hal_nand.c:1469:19:HAL_NAND_Write_SpareArea_8b	56	static,ignoring_inline_asm
../Drivers/STM32H5xx_HAL_Driver/Src/stm32h5xx_hal_nand.c:1628:19:HAL_NAND_Write_SpareArea_16b	56	static,ignoring_inline_asm
../Drivers/STM32H5xx_HAL_Driver/Src/stm32h5xx_hal_nand.c:1785:19:HAL_NAND_Erase_Block	24	static,ignoring_inline_asm
../Drivers/STM32H5xx_HAL_Driver/Src/stm32h5xx_hal_nand.c:1841:10:HAL_NAND_Address_Inc	24	static
../Drivers/STM32H5xx_HAL_Driver/Src/stm32h5xx_hal_nand.c:2026:20:HAL_NAND_ECC_Enable	16	static
../Drivers/STM32H5xx_HAL_Driver/Src/stm32h5xx_hal_nand.c:2058:20:HAL_NAND_ECC_Disable	16	static
../Drivers/STM32H5xx_HAL_Driver/Src/stm32h5xx_hal_nand.c:2092:20:HAL_NAND_GetECC	32	static
../Drivers/STM32H5xx_HAL_Driver/Src/stm32h5xx_hal_nand.c:2146:23:HAL_NAND_GetState	16	static
../Drivers/STM32H5xx_HAL_Driver/Src/stm32h5xx_hal_nand.c:2157:10:HAL_NAND_Read_Status	24	static
