../Drivers/STM32H5xx_HAL_Driver/Src/stm32h5xx_hal_timebase_rtc_alarm_template.c:115:19:HAL_InitTick	424	static
../Drivers/STM32H5xx_HAL_Driver/Src/stm32h5xx_hal_timebase_rtc_alarm_template.c:224:6:HAL_SuspendTick	4	static
../Drivers/STM32H5xx_HAL_Driver/Src/stm32h5xx_hal_timebase_rtc_alarm_template.c:239:6:HAL_ResumeTick	4	static
../Drivers/STM32H5xx_HAL_Driver/Src/stm32h5xx_hal_timebase_rtc_alarm_template.c:260:6:HAL_RTC_AlarmAEventCallback	16	static
../Drivers/STM32H5xx_HAL_Driver/Src/stm32h5xx_hal_timebase_rtc_alarm_template.c:273:6:RTC_IRQHandler	8	static
