../Drivers/STM32H5xx_HAL_Driver/Src/stm32h5xx_hal_irda.c:332:19:HAL_IRDA_Init	16	static
../Drivers/STM32H5xx_HAL_Driver/Src/stm32h5xx_hal_irda.c:397:19:HAL_IRDA_DeInit	16	static
../Drivers/STM32H5xx_HAL_Driver/Src/stm32h5xx_hal_irda.c:440:13:HAL_IRDA_MspInit	16	static
../Drivers/STM32H5xx_HAL_Driver/Src/stm32h5xx_hal_irda.c:456:13:HAL_IRDA_MspDeInit	16	static
../Drivers/STM32H5xx_HAL_Driver/Src/stm32h5xx_hal_irda.c:801:19:HAL_IRDA_Transmit	48	static
../Drivers/STM32H5xx_HAL_Driver/Src/stm32h5xx_hal_irda.c:890:19:HAL_IRDA_Receive	48	static
../Drivers/STM32H5xx_HAL_Driver/Src/stm32h5xx_hal_irda.c:980:19:HAL_IRDA_Transmit_IT	24	static
../Drivers/STM32H5xx_HAL_Driver/Src/stm32h5xx_hal_irda.c:1025:19:HAL_IRDA_Receive_IT	24	static
../Drivers/STM32H5xx_HAL_Driver/Src/stm32h5xx_hal_irda.c:1086:19:HAL_IRDA_Transmit_DMA	32	static
../Drivers/STM32H5xx_HAL_Driver/Src/stm32h5xx_hal_irda.c:1206:19:HAL_IRDA_Receive_DMA	32	static
../Drivers/STM32H5xx_HAL_Driver/Src/stm32h5xx_hal_irda.c:1324:19:HAL_IRDA_DMAPause	16	static
../Drivers/STM32H5xx_HAL_Driver/Src/stm32h5xx_hal_irda.c:1362:19:HAL_IRDA_DMAResume	16	static
../Drivers/STM32H5xx_HAL_Driver/Src/stm32h5xx_hal_irda.c:1400:19:HAL_IRDA_DMAStop	16	static
../Drivers/STM32H5xx_HAL_Driver/Src/stm32h5xx_hal_irda.c:1478:19:HAL_IRDA_Abort	16	static
../Drivers/STM32H5xx_HAL_Driver/Src/stm32h5xx_hal_irda.c:1567:19:HAL_IRDA_AbortTransmit	16	static
../Drivers/STM32H5xx_HAL_Driver/Src/stm32h5xx_hal_irda.c:1621:19:HAL_IRDA_AbortReceive	16	static
../Drivers/STM32H5xx_HAL_Driver/Src/stm32h5xx_hal_irda.c:1681:19:HAL_IRDA_Abort_IT	24	static
../Drivers/STM32H5xx_HAL_Driver/Src/stm32h5xx_hal_irda.c:1816:19:HAL_IRDA_AbortTransmit_IT	16	static
../Drivers/STM32H5xx_HAL_Driver/Src/stm32h5xx_hal_irda.c:1896:19:HAL_IRDA_AbortReceive_IT	16	static
../Drivers/STM32H5xx_HAL_Driver/Src/stm32h5xx_hal_irda.c:1974:6:HAL_IRDA_IRQHandler	40	static
../Drivers/STM32H5xx_HAL_Driver/Src/stm32h5xx_hal_irda.c:2136:13:HAL_IRDA_TxCpltCallback	16	static
../Drivers/STM32H5xx_HAL_Driver/Src/stm32h5xx_hal_irda.c:2152:13:HAL_IRDA_TxHalfCpltCallback	16	static
../Drivers/STM32H5xx_HAL_Driver/Src/stm32h5xx_hal_irda.c:2168:13:HAL_IRDA_RxCpltCallback	16	static
../Drivers/STM32H5xx_HAL_Driver/Src/stm32h5xx_hal_irda.c:2184:13:HAL_IRDA_RxHalfCpltCallback	16	static
../Drivers/STM32H5xx_HAL_Driver/Src/stm32h5xx_hal_irda.c:2200:13:HAL_IRDA_ErrorCallback	16	static
../Drivers/STM32H5xx_HAL_Driver/Src/stm32h5xx_hal_irda.c:2216:13:HAL_IRDA_AbortCpltCallback	16	static
../Drivers/STM32H5xx_HAL_Driver/Src/stm32h5xx_hal_irda.c:2232:13:HAL_IRDA_AbortTransmitCpltCallback	16	static
../Drivers/STM32H5xx_HAL_Driver/Src/stm32h5xx_hal_irda.c:2248:13:HAL_IRDA_AbortReceiveCpltCallback	16	static
../Drivers/STM32H5xx_HAL_Driver/Src/stm32h5xx_hal_irda.c:2287:23:HAL_IRDA_GetState	24	static
../Drivers/STM32H5xx_HAL_Driver/Src/stm32h5xx_hal_irda.c:2304:10:HAL_IRDA_GetError	16	static
../Drivers/STM32H5xx_HAL_Driver/Src/stm32h5xx_hal_irda.c:2348:26:IRDA_SetConfig	56	static
../Drivers/STM32H5xx_HAL_Driver/Src/stm32h5xx_hal_irda.c:2447:26:IRDA_CheckIdleState	32	static
../Drivers/STM32H5xx_HAL_Driver/Src/stm32h5xx_hal_irda.c:2499:26:IRDA_WaitOnFlagUntilTimeout	24	static
../Drivers/STM32H5xx_HAL_Driver/Src/stm32h5xx_hal_irda.c:2535:13:IRDA_EndTxTransfer	16	static
../Drivers/STM32H5xx_HAL_Driver/Src/stm32h5xx_hal_irda.c:2551:13:IRDA_EndRxTransfer	16	static
../Drivers/STM32H5xx_HAL_Driver/Src/stm32h5xx_hal_irda.c:2569:13:IRDA_DMATransmitCplt	24	static
../Drivers/STM32H5xx_HAL_Driver/Src/stm32h5xx_hal_irda.c:2605:13:IRDA_DMATransmitHalfCplt	24	static
../Drivers/STM32H5xx_HAL_Driver/Src/stm32h5xx_hal_irda.c:2624:13:IRDA_DMAReceiveCplt	24	static
../Drivers/STM32H5xx_HAL_Driver/Src/stm32h5xx_hal_irda.c:2660:13:IRDA_DMAReceiveHalfCplt	24	static
../Drivers/STM32H5xx_HAL_Driver/Src/stm32h5xx_hal_irda.c:2679:13:IRDA_DMAError	24	static
../Drivers/STM32H5xx_HAL_Driver/Src/stm32h5xx_hal_irda.c:2719:13:IRDA_DMAAbortOnError	24	static
../Drivers/STM32H5xx_HAL_Driver/Src/stm32h5xx_hal_irda.c:2742:13:IRDA_DMATxAbortCallback	24	static
../Drivers/STM32H5xx_HAL_Driver/Src/stm32h5xx_hal_irda.c:2790:13:IRDA_DMARxAbortCallback	24	static
../Drivers/STM32H5xx_HAL_Driver/Src/stm32h5xx_hal_irda.c:2838:13:IRDA_DMATxOnlyAbortCallback	24	static
../Drivers/STM32H5xx_HAL_Driver/Src/stm32h5xx_hal_irda.c:2865:13:IRDA_DMARxOnlyAbortCallback	24	static
../Drivers/STM32H5xx_HAL_Driver/Src/stm32h5xx_hal_irda.c:2896:13:IRDA_Transmit_IT	24	static
../Drivers/STM32H5xx_HAL_Driver/Src/stm32h5xx_hal_irda.c:2935:13:IRDA_EndTransmit_IT	16	static
../Drivers/STM32H5xx_HAL_Driver/Src/stm32h5xx_hal_irda.c:2960:13:IRDA_Receive_IT	24	static
