C:/Users/Xavi/Documents/FW/DDR5_FW/1_GPIO/Drivers/CMSIS/Include/core_cm33.h:2587:22:__NVIC_SetPriority	16	static
C:/Users/Xavi/Documents/FW/DDR5_FW/1_GPIO/Drivers/CMSIS/Include/core_cm33.h:3140:26:SysTick_Config	16	static
C:/Users/Xavi/Documents/FW/DDR5_FW/1_GPIO/Drivers/STM32H5xx_HAL_Driver/Inc/stm32h5xx_ll_bus.h:993:22:LL_AHB2_GRP1_EnableClock	24	static
C:/Users/Xavi/Documents/FW/DDR5_FW/1_GPIO/Drivers/STM32H5xx_HAL_Driver/Inc/stm32h5xx_ll_bus.h:1669:22:LL_APB1_GRP1_EnableClock	24	static
C:/Users/Xavi/Documents/FW/DDR5_FW/1_GPIO/Drivers/STM32H5xx_HAL_Driver/Inc/stm32h5xx_ll_gpio.h:283:22:LL_GPIO_SetPinMode	48	static,ignoring_inline_asm
C:/Users/Xavi/Documents/FW/DDR5_FW/1_GPIO/Drivers/STM32H5xx_HAL_Driver/Inc/stm32h5xx_ll_gpio.h:424:22:LL_GPIO_SetPinSpeed	48	static,ignoring_inline_asm
C:/Users/Xavi/Documents/FW/DDR5_FW/1_GPIO/Drivers/STM32H5xx_HAL_Driver/Inc/stm32h5xx_ll_gpio.h:496:22:LL_GPIO_SetPinPull	48	static,ignoring_inline_asm
C:/Users/Xavi/Documents/FW/DDR5_FW/1_GPIO/Drivers/STM32H5xx_HAL_Driver/Inc/stm32h5xx_ll_gpio.h:646:22:LL_GPIO_SetAFPin_8_15	48	static,ignoring_inline_asm
C:/Users/Xavi/Documents/FW/DDR5_FW/1_GPIO/Drivers/STM32H5xx_HAL_Driver/Inc/stm32h5xx_ll_system.h:1826:22:LL_FLASH_SetLatency	16	static
C:/Users/Xavi/Documents/FW/DDR5_FW/1_GPIO/Drivers/STM32H5xx_HAL_Driver/Inc/stm32h5xx_ll_system.h:1852:26:LL_FLASH_GetLatency	4	static
C:/Users/Xavi/Documents/FW/DDR5_FW/1_GPIO/Drivers/STM32H5xx_HAL_Driver/Inc/stm32h5xx_ll_i3c.h:652:22:LL_I3C_Enable	16	static
C:/Users/Xavi/Documents/FW/DDR5_FW/1_GPIO/Drivers/STM32H5xx_HAL_Driver/Inc/stm32h5xx_ll_i3c.h:665:22:LL_I3C_Disable	16	static
C:/Users/Xavi/Documents/FW/DDR5_FW/1_GPIO/Drivers/STM32H5xx_HAL_Driver/Inc/stm32h5xx_ll_i3c.h:704:22:LL_I3C_SetMode	16	static
C:/Users/Xavi/Documents/FW/DDR5_FW/1_GPIO/Drivers/STM32H5xx_HAL_Driver/Inc/stm32h5xx_ll_i3c.h:848:22:LL_I3C_DisableHighKeeperSDA	16	static
C:/Users/Xavi/Documents/FW/DDR5_FW/1_GPIO/Drivers/STM32H5xx_HAL_Driver/Inc/stm32h5xx_ll_i3c.h:885:22:LL_I3C_DisableHJAck	16	static
C:/Users/Xavi/Documents/FW/DDR5_FW/1_GPIO/Drivers/STM32H5xx_HAL_Driver/Inc/stm32h5xx_ll_i3c.h:999:22:LL_I3C_SetRxFIFOThreshold	16	static
C:/Users/Xavi/Documents/FW/DDR5_FW/1_GPIO/Drivers/STM32H5xx_HAL_Driver/Inc/stm32h5xx_ll_i3c.h:1059:22:LL_I3C_SetTxFIFOThreshold	16	static
C:/Users/Xavi/Documents/FW/DDR5_FW/1_GPIO/Drivers/STM32H5xx_HAL_Driver/Inc/stm32h5xx_ll_i3c.h:1129:22:LL_I3C_DisableStatusFIFO	16	static
C:/Users/Xavi/Documents/FW/DDR5_FW/1_GPIO/Drivers/STM32H5xx_HAL_Driver/Inc/stm32h5xx_ll_i3c.h:1163:22:LL_I3C_DisableControlFIFO	16	static
C:/Users/Xavi/Documents/FW/DDR5_FW/1_GPIO/Drivers/STM32H5xx_HAL_Driver/Inc/stm32h5xx_ll_i3c.h:1218:22:LL_I3C_EnableOwnDynAddress	16	static
C:/Users/Xavi/Documents/FW/DDR5_FW/1_GPIO/Drivers/STM32H5xx_HAL_Driver/Inc/stm32h5xx_ll_i3c.h:1253:22:LL_I3C_SetOwnDynamicAddress	16	static
C:/Users/Xavi/Documents/FW/DDR5_FW/1_GPIO/Drivers/STM32H5xx_HAL_Driver/Inc/stm32h5xx_ll_i3c.h:1467:22:LL_I3C_ConfigClockWaveForm	16	static
C:/Users/Xavi/Documents/FW/DDR5_FW/1_GPIO/Drivers/STM32H5xx_HAL_Driver/Inc/stm32h5xx_ll_i3c.h:1596:22:LL_I3C_SetDataHoldTime	16	static
C:/Users/Xavi/Documents/FW/DDR5_FW/1_GPIO/Drivers/STM32H5xx_HAL_Driver/Inc/stm32h5xx_ll_i3c.h:1679:22:LL_I3C_SetControllerActivityState	16	static
C:/Users/Xavi/Documents/FW/DDR5_FW/1_GPIO/Drivers/STM32H5xx_HAL_Driver/Inc/stm32h5xx_ll_i3c.h:1714:22:LL_I3C_SetCtrlBusCharacteristic	16	static
C:/Users/Xavi/Documents/FW/DDR5_FW/1_GPIO/Drivers/STM32H5xx_HAL_Driver/Inc/stm32h5xx_ll_i3c.h:1769:22:LL_I3C_SetStallTime	16	static
C:/Users/Xavi/Documents/FW/DDR5_FW/1_GPIO/Drivers/STM32H5xx_HAL_Driver/Inc/stm32h5xx_ll_i3c.h:1804:22:LL_I3C_DisableStallACK	16	static
C:/Users/Xavi/Documents/FW/DDR5_FW/1_GPIO/Drivers/STM32H5xx_HAL_Driver/Inc/stm32h5xx_ll_i3c.h:1839:22:LL_I3C_DisableStallParityCCC	16	static
C:/Users/Xavi/Documents/FW/DDR5_FW/1_GPIO/Drivers/STM32H5xx_HAL_Driver/Inc/stm32h5xx_ll_i3c.h:1874:22:LL_I3C_DisableStallParityData	16	static
C:/Users/Xavi/Documents/FW/DDR5_FW/1_GPIO/Drivers/STM32H5xx_HAL_Driver/Inc/stm32h5xx_ll_i3c.h:1909:22:LL_I3C_DisableStallTbit	16	static
C:/Users/Xavi/Documents/FW/DDR5_FW/1_GPIO/Drivers/STM32H5xx_HAL_Driver/Inc/stm32h5xx_ll_rcc.h:2001:22:LL_RCC_HSI_Enable	4	static
C:/Users/Xavi/Documents/FW/DDR5_FW/1_GPIO/Drivers/STM32H5xx_HAL_Driver/Inc/stm32h5xx_ll_rcc.h:2021:26:LL_RCC_HSI_IsReady	4	static
C:/Users/Xavi/Documents/FW/DDR5_FW/1_GPIO/Drivers/STM32H5xx_HAL_Driver/Inc/stm32h5xx_ll_rcc.h:2077:22:LL_RCC_HSI_SetDivider	16	static
C:/Users/Xavi/Documents/FW/DDR5_FW/1_GPIO/Drivers/STM32H5xx_HAL_Driver/Inc/stm32h5xx_ll_rcc.h:2091:26:LL_RCC_HSI_GetDivider	4	static
C:/Users/Xavi/Documents/FW/DDR5_FW/1_GPIO/Drivers/STM32H5xx_HAL_Driver/Inc/stm32h5xx_ll_rcc.h:2543:22:LL_RCC_SetSysClkSource	16	static
C:/Users/Xavi/Documents/FW/DDR5_FW/1_GPIO/Drivers/STM32H5xx_HAL_Driver/Inc/stm32h5xx_ll_rcc.h:2557:26:LL_RCC_GetSysClkSource	4	static
C:/Users/Xavi/Documents/FW/DDR5_FW/1_GPIO/Drivers/STM32H5xx_HAL_Driver/Inc/stm32h5xx_ll_rcc.h:2577:22:LL_RCC_SetAHBPrescaler	16	static
C:/Users/Xavi/Documents/FW/DDR5_FW/1_GPIO/Drivers/STM32H5xx_HAL_Driver/Inc/stm32h5xx_ll_rcc.h:2607:22:LL_RCC_SetAPB1Prescaler	16	static
C:/Users/Xavi/Documents/FW/DDR5_FW/1_GPIO/Drivers/STM32H5xx_HAL_Driver/Inc/stm32h5xx_ll_rcc.h:2623:22:LL_RCC_SetAPB2Prescaler	16	static
C:/Users/Xavi/Documents/FW/DDR5_FW/1_GPIO/Drivers/STM32H5xx_HAL_Driver/Inc/stm32h5xx_ll_rcc.h:2639:22:LL_RCC_SetAPB3Prescaler	16	static
C:/Users/Xavi/Documents/FW/DDR5_FW/1_GPIO/Drivers/STM32H5xx_HAL_Driver/Inc/stm32h5xx_ll_rcc.h:2658:26:LL_RCC_GetAHBPrescaler	4	static
C:/Users/Xavi/Documents/FW/DDR5_FW/1_GPIO/Drivers/STM32H5xx_HAL_Driver/Inc/stm32h5xx_ll_rcc.h:2686:26:LL_RCC_GetAPB1Prescaler	4	static
C:/Users/Xavi/Documents/FW/DDR5_FW/1_GPIO/Drivers/STM32H5xx_HAL_Driver/Inc/stm32h5xx_ll_rcc.h:2701:26:LL_RCC_GetAPB2Prescaler	4	static
C:/Users/Xavi/Documents/FW/DDR5_FW/1_GPIO/Drivers/STM32H5xx_HAL_Driver/Inc/stm32h5xx_ll_rcc.h:2716:26:LL_RCC_GetAPB3Prescaler	4	static
C:/Users/Xavi/Documents/FW/DDR5_FW/1_GPIO/Drivers/STM32H5xx_HAL_Driver/Inc/stm32h5xx_ll_rcc.h:3023:22:LL_RCC_SetClockSource	24	static
C:/Users/Xavi/Documents/FW/DDR5_FW/1_GPIO/Drivers/STM32H5xx_HAL_Driver/Inc/stm32h5xx_ll_rcc.h:3079:22:LL_RCC_SetUSARTClockSource	16	static
C:/Users/Xavi/Documents/FW/DDR5_FW/1_GPIO/Drivers/STM32H5xx_HAL_Driver/Inc/stm32h5xx_ll_rcc.h:3187:22:LL_RCC_SetI2CClockSource	16	static
C:/Users/Xavi/Documents/FW/DDR5_FW/1_GPIO/Drivers/STM32H5xx_HAL_Driver/Inc/stm32h5xx_ll_rcc.h:3213:22:LL_RCC_SetI3CClockSource	16	static
C:/Users/Xavi/Documents/FW/DDR5_FW/1_GPIO/Drivers/STM32H5xx_HAL_Driver/Inc/stm32h5xx_ll_rcc.h:5094:22:LL_RCC_PLL1_Enable	4	static
C:/Users/Xavi/Documents/FW/DDR5_FW/1_GPIO/Drivers/STM32H5xx_HAL_Driver/Inc/stm32h5xx_ll_rcc.h:5105:22:LL_RCC_PLL1_Disable	4	static
C:/Users/Xavi/Documents/FW/DDR5_FW/1_GPIO/Drivers/STM32H5xx_HAL_Driver/Inc/stm32h5xx_ll_rcc.h:5115:26:LL_RCC_PLL1_IsReady	4	static
C:/Users/Xavi/Documents/FW/DDR5_FW/1_GPIO/Drivers/STM32H5xx_HAL_Driver/Inc/stm32h5xx_ll_rcc.h:5126:22:LL_RCC_PLL1P_Enable	4	static
C:/Users/Xavi/Documents/FW/DDR5_FW/1_GPIO/Drivers/STM32H5xx_HAL_Driver/Inc/stm32h5xx_ll_rcc.h:5149:22:LL_RCC_PLL1Q_Enable	4	static
C:/Users/Xavi/Documents/FW/DDR5_FW/1_GPIO/Drivers/STM32H5xx_HAL_Driver/Inc/stm32h5xx_ll_rcc.h:5172:22:LL_RCC_PLL1R_Enable	4	static
C:/Users/Xavi/Documents/FW/DDR5_FW/1_GPIO/Drivers/STM32H5xx_HAL_Driver/Inc/stm32h5xx_ll_rcc.h:5253:22:LL_RCC_PLL1_SetSource	16	static
C:/Users/Xavi/Documents/FW/DDR5_FW/1_GPIO/Drivers/STM32H5xx_HAL_Driver/Inc/stm32h5xx_ll_rcc.h:5277:22:LL_RCC_PLL1_SetN	16	static
C:/Users/Xavi/Documents/FW/DDR5_FW/1_GPIO/Drivers/STM32H5xx_HAL_Driver/Inc/stm32h5xx_ll_rcc.h:5298:22:LL_RCC_PLL1_SetP	16	static
C:/Users/Xavi/Documents/FW/DDR5_FW/1_GPIO/Drivers/STM32H5xx_HAL_Driver/Inc/stm32h5xx_ll_rcc.h:5321:22:LL_RCC_PLL1_SetQ	16	static
C:/Users/Xavi/Documents/FW/DDR5_FW/1_GPIO/Drivers/STM32H5xx_HAL_Driver/Inc/stm32h5xx_ll_rcc.h:5343:22:LL_RCC_PLL1_SetR	16	static
C:/Users/Xavi/Documents/FW/DDR5_FW/1_GPIO/Drivers/STM32H5xx_HAL_Driver/Inc/stm32h5xx_ll_rcc.h:5364:22:LL_RCC_PLL1_SetM	16	static
C:/Users/Xavi/Documents/FW/DDR5_FW/1_GPIO/Drivers/STM32H5xx_HAL_Driver/Inc/stm32h5xx_ll_rcc.h:5404:22:LL_RCC_PLL1FRACN_Disable	4	static
C:/Users/Xavi/Documents/FW/DDR5_FW/1_GPIO/Drivers/STM32H5xx_HAL_Driver/Inc/stm32h5xx_ll_rcc.h:5440:22:LL_RCC_PLL1_SetVCOInputRange	16	static
C:/Users/Xavi/Documents/FW/DDR5_FW/1_GPIO/Drivers/STM32H5xx_HAL_Driver/Inc/stm32h5xx_ll_rcc.h:5454:22:LL_RCC_PLL1_SetVCOOutputRange	16	static
C:/Users/Xavi/Documents/FW/DDR5_FW/1_GPIO/Drivers/STM32H5xx_HAL_Driver/Inc/stm32h5xx_ll_rcc.h:5824:22:LL_RCC_PLL3_Enable	4	static
C:/Users/Xavi/Documents/FW/DDR5_FW/1_GPIO/Drivers/STM32H5xx_HAL_Driver/Inc/stm32h5xx_ll_rcc.h:5834:22:LL_RCC_PLL3_Disable	4	static
C:/Users/Xavi/Documents/FW/DDR5_FW/1_GPIO/Drivers/STM32H5xx_HAL_Driver/Inc/stm32h5xx_ll_rcc.h:5844:26:LL_RCC_PLL3_IsReady	4	static
C:/Users/Xavi/Documents/FW/DDR5_FW/1_GPIO/Drivers/STM32H5xx_HAL_Driver/Inc/stm32h5xx_ll_rcc.h:5860:22:LL_RCC_PLL3_SetSource	16	static
C:/Users/Xavi/Documents/FW/DDR5_FW/1_GPIO/Drivers/STM32H5xx_HAL_Driver/Inc/stm32h5xx_ll_rcc.h:5884:22:LL_RCC_PLL3_SetN	16	static
C:/Users/Xavi/Documents/FW/DDR5_FW/1_GPIO/Drivers/STM32H5xx_HAL_Driver/Inc/stm32h5xx_ll_rcc.h:5905:22:LL_RCC_PLL3_SetP	16	static
C:/Users/Xavi/Documents/FW/DDR5_FW/1_GPIO/Drivers/STM32H5xx_HAL_Driver/Inc/stm32h5xx_ll_rcc.h:5927:22:LL_RCC_PLL3_SetQ	16	static
C:/Users/Xavi/Documents/FW/DDR5_FW/1_GPIO/Drivers/STM32H5xx_HAL_Driver/Inc/stm32h5xx_ll_rcc.h:5949:22:LL_RCC_PLL3_SetR	16	static
C:/Users/Xavi/Documents/FW/DDR5_FW/1_GPIO/Drivers/STM32H5xx_HAL_Driver/Inc/stm32h5xx_ll_rcc.h:5970:22:LL_RCC_PLL3_SetM	16	static
C:/Users/Xavi/Documents/FW/DDR5_FW/1_GPIO/Drivers/STM32H5xx_HAL_Driver/Inc/stm32h5xx_ll_rcc.h:6002:22:LL_RCC_PLL3P_Disable	4	static
C:/Users/Xavi/Documents/FW/DDR5_FW/1_GPIO/Drivers/STM32H5xx_HAL_Driver/Inc/stm32h5xx_ll_rcc.h:6024:22:LL_RCC_PLL3Q_Disable	4	static
C:/Users/Xavi/Documents/FW/DDR5_FW/1_GPIO/Drivers/STM32H5xx_HAL_Driver/Inc/stm32h5xx_ll_rcc.h:6034:22:LL_RCC_PLL3R_Enable	4	static
C:/Users/Xavi/Documents/FW/DDR5_FW/1_GPIO/Drivers/STM32H5xx_HAL_Driver/Inc/stm32h5xx_ll_rcc.h:6106:22:LL_RCC_PLL3FRACN_Disable	4	static
C:/Users/Xavi/Documents/FW/DDR5_FW/1_GPIO/Drivers/STM32H5xx_HAL_Driver/Inc/stm32h5xx_ll_rcc.h:6142:22:LL_RCC_PLL3_SetVCOInputRange	16	static
C:/Users/Xavi/Documents/FW/DDR5_FW/1_GPIO/Drivers/STM32H5xx_HAL_Driver/Inc/stm32h5xx_ll_rcc.h:6156:22:LL_RCC_PLL3_SetVCOOutputRange	16	static
C:/Users/Xavi/Documents/FW/DDR5_FW/1_GPIO/Drivers/STM32H5xx_HAL_Driver/Inc/stm32h5xx_ll_pwr.h:864:22:LL_PWR_SetRegulVoltageScaling	16	static
C:/Users/Xavi/Documents/FW/DDR5_FW/1_GPIO/Drivers/STM32H5xx_HAL_Driver/Inc/stm32h5xx_ll_pwr.h:878:26:LL_PWR_GetRegulVoltageScaling	4	static
C:/Users/Xavi/Documents/FW/DDR5_FW/1_GPIO/Drivers/STM32H5xx_HAL_Driver/Inc/stm32h5xx_ll_pwr.h:1726:26:LL_PWR_IsActiveFlag_VOS	4	static
../Bsp/src/DDR5_Board_Clock.c:24:13:delay_ms	24	static
../Bsp/src/DDR5_Board_Clock.c:61:6:Debug_Clocks_And_Flash	464	static,ignoring_inline_asm
../Bsp/src/DDR5_Board_Clock.c:345:13:DDR5_Clock_SetVoltageScale	8	static
../Bsp/src/DDR5_Board_Clock.c:358:13:DDR5_Clock_SetFlashLatency	8	static
../Bsp/src/DDR5_Board_Clock.c:371:13:DDR5_Clock_InitSafeHSI	16	static
../Bsp/src/DDR5_Board_Clock.c:404:13:DDR5_PLL1_Config	8	static
../Bsp/src/DDR5_Board_Clock.c:437:13:DDR5_PLL3_Config	8	static
../Bsp/src/DDR5_Board_Clock.c:469:6:DDR5_I3C1_HAL_State_Init	32	static
../Bsp/src/DDR5_Board_Clock.c:555:6:DDR5_I3C1_Init	8	static
../Bsp/src/DDR5_Board_Clock.c:643:6:DDR5_Clock_Init	8	static
