C:/Users/Xavi/Documents/FW/DDR5_FW/1_GPIO/Drivers/STM32H5xx_HAL_Driver/Inc/stm32h5xx_ll_bus.h:993:22:LL_AHB2_GRP1_EnableClock	24	static
C:/Users/Xavi/Documents/FW/DDR5_FW/1_GPIO/Drivers/STM32H5xx_HAL_Driver/Inc/stm32h5xx_ll_bus.h:1669:22:LL_APB1_GRP1_EnableClock	24	static
C:/Users/Xavi/Documents/FW/DDR5_FW/1_GPIO/Drivers/STM32H5xx_HAL_Driver/Inc/stm32h5xx_ll_bus.h:2710:22:LL_APB3_GRP1_EnableClock	24	static
C:/Users/Xavi/Documents/FW/DDR5_FW/1_GPIO/Drivers/STM32H5xx_HAL_Driver/Inc/stm32h5xx_ll_gpio.h:283:22:LL_GPIO_SetPinMode	48	static,ignoring_inline_asm
C:/Users/Xavi/Documents/FW/DDR5_FW/1_GPIO/Drivers/STM32H5xx_HAL_Driver/Inc/stm32h5xx_ll_gpio.h:353:22:LL_GPIO_SetPinOutputType	24	static
C:/Users/Xavi/Documents/FW/DDR5_FW/1_GPIO/Drivers/STM32H5xx_HAL_Driver/Inc/stm32h5xx_ll_gpio.h:424:22:LL_GPIO_SetPinSpeed	48	static,ignoring_inline_asm
C:/Users/Xavi/Documents/FW/DDR5_FW/1_GPIO/Drivers/STM32H5xx_HAL_Driver/Inc/stm32h5xx_ll_gpio.h:496:22:LL_GPIO_SetPinPull	48	static,ignoring_inline_asm
C:/Users/Xavi/Documents/FW/DDR5_FW/1_GPIO/Drivers/STM32H5xx_HAL_Driver/Inc/stm32h5xx_ll_gpio.h:569:22:LL_GPIO_SetAFPin_0_7	48	static,ignoring_inline_asm
C:/Users/Xavi/Documents/FW/DDR5_FW/1_GPIO/Drivers/STM32H5xx_HAL_Driver/Inc/stm32h5xx_ll_gpio.h:646:22:LL_GPIO_SetAFPin_8_15	48	static,ignoring_inline_asm
C:/Users/Xavi/Documents/FW/DDR5_FW/1_GPIO/Drivers/STM32H5xx_HAL_Driver/Inc/stm32h5xx_ll_gpio.h:894:22:LL_GPIO_SetOutputPin	16	static
C:/Users/Xavi/Documents/FW/DDR5_FW/1_GPIO/Drivers/STM32H5xx_HAL_Driver/Inc/stm32h5xx_ll_gpio.h:923:22:LL_GPIO_ResetOutputPin	16	static
C:/Users/Xavi/Documents/FW/DDR5_FW/1_GPIO/Drivers/STM32H5xx_HAL_Driver/Inc/stm32h5xx_ll_exti.h:407:22:LL_EXTI_EnableIT_0_31	16	static
C:/Users/Xavi/Documents/FW/DDR5_FW/1_GPIO/Drivers/STM32H5xx_HAL_Driver/Inc/stm32h5xx_ll_exti.h:1081:22:LL_EXTI_EnableRisingTrig_0_31	16	static
C:/Users/Xavi/Documents/FW/DDR5_FW/1_GPIO/Drivers/STM32H5xx_HAL_Driver/Inc/stm32h5xx_ll_exti.h:1325:22:LL_EXTI_EnableFallingTrig_0_31	16	static
C:/Users/Xavi/Documents/FW/DDR5_FW/1_GPIO/Drivers/STM32H5xx_HAL_Driver/Inc/stm32h5xx_ll_exti.h:1792:22:LL_EXTI_ClearFallingFlag_0_31	16	static
C:/Users/Xavi/Documents/FW/DDR5_FW/1_GPIO/Drivers/STM32H5xx_HAL_Driver/Inc/stm32h5xx_ll_exti.h:2005:22:LL_EXTI_ClearRisingFlag_0_31	16	static
C:/Users/Xavi/Documents/FW/DDR5_FW/1_GPIO/Bsp/Inc/DDR5_Board.h:198:20:DDR5_GPIO_ClocksEnable	8	static
C:/Users/Xavi/Documents/FW/DDR5_FW/1_GPIO/Drivers/STM32H5xx_HAL_Driver/Inc/stm32h5xx_ll_i2c.h:429:22:LL_I2C_Enable	16	static
C:/Users/Xavi/Documents/FW/DDR5_FW/1_GPIO/Drivers/STM32H5xx_HAL_Driver/Inc/stm32h5xx_ll_i2c.h:443:22:LL_I2C_Disable	16	static
C:/Users/Xavi/Documents/FW/DDR5_FW/1_GPIO/Drivers/STM32H5xx_HAL_Driver/Inc/stm32h5xx_ll_i2c.h:492:22:LL_I2C_SetDigitalFilter	16	static
C:/Users/Xavi/Documents/FW/DDR5_FW/1_GPIO/Drivers/STM32H5xx_HAL_Driver/Inc/stm32h5xx_ll_i2c.h:515:22:LL_I2C_EnableAnalogFilter	16	static
C:/Users/Xavi/Documents/FW/DDR5_FW/1_GPIO/Drivers/STM32H5xx_HAL_Driver/Inc/stm32h5xx_ll_i2c.h:644:22:LL_I2C_EnableClockStretching	16	static
C:/Users/Xavi/Documents/FW/DDR5_FW/1_GPIO/Drivers/STM32H5xx_HAL_Driver/Inc/stm32h5xx_ll_i2c.h:764:22:LL_I2C_DisableGeneralCall	16	static
C:/Users/Xavi/Documents/FW/DDR5_FW/1_GPIO/Drivers/STM32H5xx_HAL_Driver/Inc/stm32h5xx_ll_i2c.h:920:22:LL_I2C_SetOwnAddress1	24	static
C:/Users/Xavi/Documents/FW/DDR5_FW/1_GPIO/Drivers/STM32H5xx_HAL_Driver/Inc/stm32h5xx_ll_i2c.h:942:22:LL_I2C_DisableOwnAddress1	16	static
C:/Users/Xavi/Documents/FW/DDR5_FW/1_GPIO/Drivers/STM32H5xx_HAL_Driver/Inc/stm32h5xx_ll_i2c.h:998:22:LL_I2C_DisableOwnAddress2	16	static
C:/Users/Xavi/Documents/FW/DDR5_FW/1_GPIO/Drivers/STM32H5xx_HAL_Driver/Inc/stm32h5xx_ll_i2c.h:1023:22:LL_I2C_SetTiming	16	static
C:/Users/Xavi/Documents/FW/DDR5_FW/1_GPIO/Drivers/STM32H5xx_HAL_Driver/Inc/stm32h5xx_ll_i2c.h:1097:22:LL_I2C_SetMode	16	static
C:/Users/Xavi/Documents/FW/DDR5_FW/1_GPIO/Drivers/STM32H5xx_HAL_Driver/Inc/stm32h5xx_ll_i2c.h:1666:26:LL_I2C_IsActiveFlag_TXIS	16	static
C:/Users/Xavi/Documents/FW/DDR5_FW/1_GPIO/Drivers/STM32H5xx_HAL_Driver/Inc/stm32h5xx_ll_i2c.h:1679:26:LL_I2C_IsActiveFlag_RXNE	16	static
C:/Users/Xavi/Documents/FW/DDR5_FW/1_GPIO/Drivers/STM32H5xx_HAL_Driver/Inc/stm32h5xx_ll_i2c.h:1705:26:LL_I2C_IsActiveFlag_NACK	16	static
C:/Users/Xavi/Documents/FW/DDR5_FW/1_GPIO/Drivers/STM32H5xx_HAL_Driver/Inc/stm32h5xx_ll_i2c.h:1718:26:LL_I2C_IsActiveFlag_STOP	16	static
C:/Users/Xavi/Documents/FW/DDR5_FW/1_GPIO/Drivers/STM32H5xx_HAL_Driver/Inc/stm32h5xx_ll_i2c.h:1731:26:LL_I2C_IsActiveFlag_TC	16	static
C:/Users/Xavi/Documents/FW/DDR5_FW/1_GPIO/Drivers/STM32H5xx_HAL_Driver/Inc/stm32h5xx_ll_i2c.h:1757:26:LL_I2C_IsActiveFlag_BERR	16	static
C:/Users/Xavi/Documents/FW/DDR5_FW/1_GPIO/Drivers/STM32H5xx_HAL_Driver/Inc/stm32h5xx_ll_i2c.h:1770:26:LL_I2C_IsActiveFlag_ARLO	16	static
C:/Users/Xavi/Documents/FW/DDR5_FW/1_GPIO/Drivers/STM32H5xx_HAL_Driver/Inc/stm32h5xx_ll_i2c.h:1842:26:LL_I2C_IsActiveFlag_BUSY	16	static
C:/Users/Xavi/Documents/FW/DDR5_FW/1_GPIO/Drivers/STM32H5xx_HAL_Driver/Inc/stm32h5xx_ll_i2c.h:1864:22:LL_I2C_ClearFlag_NACK	16	static
C:/Users/Xavi/Documents/FW/DDR5_FW/1_GPIO/Drivers/STM32H5xx_HAL_Driver/Inc/stm32h5xx_ll_i2c.h:1875:22:LL_I2C_ClearFlag_STOP	16	static
C:/Users/Xavi/Documents/FW/DDR5_FW/1_GPIO/Drivers/STM32H5xx_HAL_Driver/Inc/stm32h5xx_ll_i2c.h:1898:22:LL_I2C_ClearFlag_BERR	16	static
C:/Users/Xavi/Documents/FW/DDR5_FW/1_GPIO/Drivers/STM32H5xx_HAL_Driver/Inc/stm32h5xx_ll_i2c.h:1909:22:LL_I2C_ClearFlag_ARLO	16	static
C:/Users/Xavi/Documents/FW/DDR5_FW/1_GPIO/Drivers/STM32H5xx_HAL_Driver/Inc/stm32h5xx_ll_i2c.h:1980:22:LL_I2C_EnableAutoEndMode	16	static
C:/Users/Xavi/Documents/FW/DDR5_FW/1_GPIO/Drivers/STM32H5xx_HAL_Driver/Inc/stm32h5xx_ll_i2c.h:2078:22:LL_I2C_AcknowledgeNextData	16	static
C:/Users/Xavi/Documents/FW/DDR5_FW/1_GPIO/Drivers/STM32H5xx_HAL_Driver/Inc/stm32h5xx_ll_i2c.h:2234:22:LL_I2C_HandleTransfer	32	static
C:/Users/Xavi/Documents/FW/DDR5_FW/1_GPIO/Drivers/STM32H5xx_HAL_Driver/Inc/stm32h5xx_ll_i2c.h:2326:25:LL_I2C_ReceiveData8	16	static
C:/Users/Xavi/Documents/FW/DDR5_FW/1_GPIO/Drivers/STM32H5xx_HAL_Driver/Inc/stm32h5xx_ll_i2c.h:2338:22:LL_I2C_TransmitData8	16	static
C:/Users/Xavi/Documents/FW/DDR5_FW/1_GPIO/Drivers/STM32H5xx_HAL_Driver/Inc/stm32h5xx_ll_usart.h:639:22:LL_USART_Enable	16	static
C:/Users/Xavi/Documents/FW/DDR5_FW/1_GPIO/Drivers/STM32H5xx_HAL_Driver/Inc/stm32h5xx_ll_usart.h:653:22:LL_USART_Disable	16	static
C:/Users/Xavi/Documents/FW/DDR5_FW/1_GPIO/Drivers/STM32H5xx_HAL_Driver/Inc/stm32h5xx_ll_usart.h:914:22:LL_USART_SetTransferDirection	40	static,ignoring_inline_asm
C:/Users/Xavi/Documents/FW/DDR5_FW/1_GPIO/Drivers/STM32H5xx_HAL_Driver/Inc/stm32h5xx_ll_usart.h:1069:22:LL_USART_SetOverSampling	16	static
C:/Users/Xavi/Documents/FW/DDR5_FW/1_GPIO/Drivers/STM32H5xx_HAL_Driver/Inc/stm32h5xx_ll_usart.h:1230:22:LL_USART_SetPrescaler	16	static
C:/Users/Xavi/Documents/FW/DDR5_FW/1_GPIO/Drivers/STM32H5xx_HAL_Driver/Inc/stm32h5xx_ll_usart.h:1357:22:LL_USART_ConfigCharacter	24	static
C:/Users/Xavi/Documents/FW/DDR5_FW/1_GPIO/Drivers/STM32H5xx_HAL_Driver/Inc/stm32h5xx_ll_usart.h:1735:22:LL_USART_SetHWFlowCtrl	16	static
C:/Users/Xavi/Documents/FW/DDR5_FW/1_GPIO/Drivers/STM32H5xx_HAL_Driver/Inc/stm32h5xx_ll_usart.h:1886:22:LL_USART_SetBaudRate	32	static
C:/Users/Xavi/Documents/FW/DDR5_FW/1_GPIO/Drivers/STM32H5xx_HAL_Driver/Inc/stm32h5xx_ll_usart.h:4256:25:LL_USART_ReceiveData8	16	static
C:/Users/Xavi/Documents/FW/DDR5_FW/1_GPIO/Drivers/STM32H5xx_HAL_Driver/Inc/stm32h5xx_ll_usart.h:4279:22:LL_USART_TransmitData8	16	static
../Bsp/src/DDR5_Board.c:20:13:DDR5_GPIO_Init_Output	24	static
../Bsp/src/DDR5_Board.c:32:13:DDR5_GPIO_Init_Input	24	static
../Bsp/src/DDR5_Board.c:40:17:DDR5_GPIO_IsLowPin	16	static
../Bsp/src/DDR5_Board.c:45:13:DDR5_GPIO_Init_AF	24	static
../Bsp/src/DDR5_Board.c:70:6:DDR5_GPIO_Init	16	static
../Bsp/src/DDR5_Board.c:354:13:DDR5_EXTI_SelectPort	24	static
../Bsp/src/DDR5_Board.c:362:5:DDR5_I2C_Ping	32	static
../Bsp/src/DDR5_Board.c:447:6:DDR5_I2C_Scan	64	static
../Bsp/src/DDR5_Board.c:470:6:MX_I2C1_Init	64	static
../Bsp/src/DDR5_Board.c:506:6:DDR5_I2C4_Init	8	static
../Bsp/src/DDR5_Board.c:551:6:DDR5_I2C1_Init	8	static
../Bsp/src/DDR5_Board.c:595:5:I2C_WriteBytes	40	static
../Bsp/src/DDR5_Board.c:635:8:DDR5_I2C_Write	40	static
../Bsp/src/DDR5_Board.c:702:6:DDR5_I2C_Scan_With_LCD	104	static
../Bsp/src/DDR5_Board.c:776:8:DDR5_I2C_WriteRaw	40	static
../Bsp/src/DDR5_Board.c:829:8:DDR5_I2C_Read	48	static
../Bsp/src/DDR5_Board.c:910:12:DDR5_UART_WaitFlagSet	24	static
../Bsp/src/DDR5_Board.c:926:6:DDR5_USART3_GPIO_Init	8	static
../Bsp/src/DDR5_Board.c:948:5:DDR5_UART_Init_115200_8N1	24	static
../Bsp/src/DDR5_Board.c:980:5:DDR5_UART_WriteByte	32	static
../Bsp/src/DDR5_Board.c:1006:5:DDR5_UART_ReadByte	32	static
../Bsp/src/DDR5_Board.c:1026:5:DDR5_UART_WriteBuffer	32	static
../Bsp/src/DDR5_Board.c:1048:5:DDR5_UART_WriteString	32	static
../Bsp/src/DDR5_Board.c:1070:6:DDR5_Debug_Enable_MCO_PA8	16	static
../Bsp/src/DDR5_Board.c:1122:6:DDR5_EXTI_Init	8	static
