C:/Users/Xavi/Documents/FW/DDR5_FW/Drivers/STM32H5xx_HAL_Driver/Inc/stm32h5xx_ll_gpio.h:813:26:LL_GPIO_IsInputPinSet	16	static
C:/Users/Xavi/Documents/FW/DDR5_FW/Drivers/STM32H5xx_HAL_Driver/Inc/stm32h5xx_ll_gpio.h:894:22:LL_GPIO_SetOutputPin	16	static
C:/Users/Xavi/Documents/FW/DDR5_FW/Drivers/STM32H5xx_HAL_Driver/Inc/stm32h5xx_ll_gpio.h:923:22:LL_GPIO_ResetOutputPin	16	static
C:/Users/Xavi/Documents/FW/DDR5_FW/1_GPIO/Bsp/Inc/DDR5_Board.h:285:23:DDR5_ButtonPressed	16	static
C:/Users/Xavi/Documents/FW/DDR5_FW/1_GPIO/Bsp/Inc/DDR5_Board.h:290:23:DDR5_UPButtonPressed	8	static
C:/Users/Xavi/Documents/FW/DDR5_FW/1_GPIO/Bsp/Inc/DDR5_Board.h:295:23:DDR5_DOWNButtonPressed	8	static
C:/Users/Xavi/Documents/FW/DDR5_FW/1_GPIO/Bsp/Inc/DDR5_Board.h:300:23:DDR5_LEFTButtonPressed	8	static
C:/Users/Xavi/Documents/FW/DDR5_FW/1_GPIO/Bsp/Inc/DDR5_Board.h:305:23:DDR5_RIGHTButtonPressed	8	static
C:/Users/Xavi/Documents/FW/DDR5_FW/1_GPIO/Bsp/Inc/DDR5_Board.h:310:23:DDR5_OKButtonPressed	8	static
C:/Users/Xavi/Documents/FW/DDR5_FW/1_GPIO/Bsp/Inc/DDR5_Board.h:315:23:DDR5_CANCELButtonPressed	8	static
../Src/main.c:9:6:SysTick_Handler	4	static
../Src/main.c:14:20:delay_ms	24	static
../Src/main.c:22:5:main	16	static
