Archive member included to satisfy reference by file (symbol)

C:/ST/STM32CubeIDE_1.13.0/STM32CubeIDE/plugins/com.st.stm32cube.ide.mcu.externaltools.gnu-tools-for-stm32.11.3.rel1.win32_1.1.100.202309141235/tools/bin/../lib/gcc/arm-none-eabi/11.3.1/../../../../arm-none-eabi/lib/thumb/v8-m.main+fp/hard\libc_nano.a(libc_a-exit.o)
                              C:/ST/STM32CubeIDE_1.13.0/STM32CubeIDE/plugins/com.st.stm32cube.ide.mcu.externaltools.gnu-tools-for-stm32.11.3.rel1.win32_1.1.100.202309141235/tools/bin/../lib/gcc/arm-none-eabi/11.3.1/../../../../arm-none-eabi/lib/thumb/v8-m.main+fp/hard/crt0.o (exit)
C:/ST/STM32CubeIDE_1.13.0/STM32CubeIDE/plugins/com.st.stm32cube.ide.mcu.externaltools.gnu-tools-for-stm32.11.3.rel1.win32_1.1.100.202309141235/tools/bin/../lib/gcc/arm-none-eabi/11.3.1/../../../../arm-none-eabi/lib/thumb/v8-m.main+fp/hard\libc_nano.a(libc_a-findfp.o)
                              C:/ST/STM32CubeIDE_1.13.0/STM32CubeIDE/plugins/com.st.stm32cube.ide.mcu.externaltools.gnu-tools-for-stm32.11.3.rel1.win32_1.1.100.202309141235/tools/bin/../lib/gcc/arm-none-eabi/11.3.1/../../../../arm-none-eabi/lib/thumb/v8-m.main+fp/hard\libc_nano.a(libc_a-exit.o) (__stdio_exit_handler)
C:/ST/STM32CubeIDE_1.13.0/STM32CubeIDE/plugins/com.st.stm32cube.ide.mcu.externaltools.gnu-tools-for-stm32.11.3.rel1.win32_1.1.100.202309141235/tools/bin/../lib/gcc/arm-none-eabi/11.3.1/../../../../arm-none-eabi/lib/thumb/v8-m.main+fp/hard\libc_nano.a(libc_a-fwalk.o)
                              C:/ST/STM32CubeIDE_1.13.0/STM32CubeIDE/plugins/com.st.stm32cube.ide.mcu.externaltools.gnu-tools-for-stm32.11.3.rel1.win32_1.1.100.202309141235/tools/bin/../lib/gcc/arm-none-eabi/11.3.1/../../../../arm-none-eabi/lib/thumb/v8-m.main+fp/hard\libc_nano.a(libc_a-findfp.o) (_fwalk_sglue)
C:/ST/STM32CubeIDE_1.13.0/STM32CubeIDE/plugins/com.st.stm32cube.ide.mcu.externaltools.gnu-tools-for-stm32.11.3.rel1.win32_1.1.100.202309141235/tools/bin/../lib/gcc/arm-none-eabi/11.3.1/../../../../arm-none-eabi/lib/thumb/v8-m.main+fp/hard\libc_nano.a(libc_a-snprintf.o)
                              ./Bsp/src/DDR5_Board.o (snprintf)
C:/ST/STM32CubeIDE_1.13.0/STM32CubeIDE/plugins/com.st.stm32cube.ide.mcu.externaltools.gnu-tools-for-stm32.11.3.rel1.win32_1.1.100.202309141235/tools/bin/../lib/gcc/arm-none-eabi/11.3.1/../../../../arm-none-eabi/lib/thumb/v8-m.main+fp/hard\libc_nano.a(libc_a-stdio.o)
                              C:/ST/STM32CubeIDE_1.13.0/STM32CubeIDE/plugins/com.st.stm32cube.ide.mcu.externaltools.gnu-tools-for-stm32.11.3.rel1.win32_1.1.100.202309141235/tools/bin/../lib/gcc/arm-none-eabi/11.3.1/../../../../arm-none-eabi/lib/thumb/v8-m.main+fp/hard\libc_nano.a(libc_a-findfp.o) (__sread)
C:/ST/STM32CubeIDE_1.13.0/STM32CubeIDE/plugins/com.st.stm32cube.ide.mcu.externaltools.gnu-tools-for-stm32.11.3.rel1.win32_1.1.100.202309141235/tools/bin/../lib/gcc/arm-none-eabi/11.3.1/../../../../arm-none-eabi/lib/thumb/v8-m.main+fp/hard\libc_nano.a(libc_a-memset.o)
                              C:/ST/STM32CubeIDE_1.13.0/STM32CubeIDE/plugins/com.st.stm32cube.ide.mcu.externaltools.gnu-tools-for-stm32.11.3.rel1.win32_1.1.100.202309141235/tools/bin/../lib/gcc/arm-none-eabi/11.3.1/../../../../arm-none-eabi/lib/thumb/v8-m.main+fp/hard/crt0.o (memset)
C:/ST/STM32CubeIDE_1.13.0/STM32CubeIDE/plugins/com.st.stm32cube.ide.mcu.externaltools.gnu-tools-for-stm32.11.3.rel1.win32_1.1.100.202309141235/tools/bin/../lib/gcc/arm-none-eabi/11.3.1/../../../../arm-none-eabi/lib/thumb/v8-m.main+fp/hard\libc_nano.a(libc_a-closer.o)
                              C:/ST/STM32CubeIDE_1.13.0/STM32CubeIDE/plugins/com.st.stm32cube.ide.mcu.externaltools.gnu-tools-for-stm32.11.3.rel1.win32_1.1.100.202309141235/tools/bin/../lib/gcc/arm-none-eabi/11.3.1/../../../../arm-none-eabi/lib/thumb/v8-m.main+fp/hard\libc_nano.a(libc_a-stdio.o) (_close_r)
C:/ST/STM32CubeIDE_1.13.0/STM32CubeIDE/plugins/com.st.stm32cube.ide.mcu.externaltools.gnu-tools-for-stm32.11.3.rel1.win32_1.1.100.202309141235/tools/bin/../lib/gcc/arm-none-eabi/11.3.1/../../../../arm-none-eabi/lib/thumb/v8-m.main+fp/hard\libc_nano.a(libc_a-reent.o)
                              C:/ST/STM32CubeIDE_1.13.0/STM32CubeIDE/plugins/com.st.stm32cube.ide.mcu.externaltools.gnu-tools-for-stm32.11.3.rel1.win32_1.1.100.202309141235/tools/bin/../lib/gcc/arm-none-eabi/11.3.1/../../../../arm-none-eabi/lib/thumb/v8-m.main+fp/hard\libc_nano.a(libc_a-closer.o) (errno)
C:/ST/STM32CubeIDE_1.13.0/STM32CubeIDE/plugins/com.st.stm32cube.ide.mcu.externaltools.gnu-tools-for-stm32.11.3.rel1.win32_1.1.100.202309141235/tools/bin/../lib/gcc/arm-none-eabi/11.3.1/../../../../arm-none-eabi/lib/thumb/v8-m.main+fp/hard\libc_nano.a(libc_a-impure.o)
                              C:/ST/STM32CubeIDE_1.13.0/STM32CubeIDE/plugins/com.st.stm32cube.ide.mcu.externaltools.gnu-tools-for-stm32.11.3.rel1.win32_1.1.100.202309141235/tools/bin/../lib/gcc/arm-none-eabi/11.3.1/../../../../arm-none-eabi/lib/thumb/v8-m.main+fp/hard\libc_nano.a(libc_a-snprintf.o) (_impure_ptr)
[...]
Memory Configuration

Name             Origin             Length             Attributes
RAM              0x0000000020000000 0x00000000000a0000 xrw
FLASH            0x0000000008000000 0x0000000000200000 xr
*default*        0x0000000000000000 0xffffffffffffffff

Linker script and memory map

LOAD C:/ST/STM32CubeIDE_1.13.0/STM32CubeIDE/plugins/com.st.stm32cube.ide.mcu.externaltools.gnu-tools-for-stm32.11.3.rel1.win32_1.1.100.202309141235/tools/bin/../lib/gcc/arm-none-eabi/11.3.1/thumb/v8-m.main+fp/hard/crti.o
LOAD C:/ST/STM32CubeIDE_1.13.0/STM32CubeIDE/plugins/com.st.stm32cube.ide.mcu.externaltools.gnu-tools-for-stm32.11.3.rel1.win32_1.1.100.202309141235/tools/bin/../lib/gcc/arm-none-eabi/11.3.1/thumb/v8-m.main+fp/hard/crtbegin.o
LOAD C:/ST/STM32CubeIDE_1.13.0/STM32CubeIDE/plugins/com.st.stm32cube.ide.mcu.externaltools.gnu-tools-for-stm32.11.3.rel1.win32_1.1.100.202309141235/tools/bin/../lib/gcc/arm-none-eabi/11.3.1/../../../../arm-none-eabi/lib/thumb/v8-m.main+fp/hard/crt0.o
LOAD ./Bsp/src/DDR5_Board.o
LOAD ./Bsp/src/DDR5_Board_Clock.o
LOAD ./Bsp/src/DDR5_Board_IRQ.o
LOAD ./Bsp/src/nhd0420_i2c.o
LOAD ./Src/main.o
LOAD ./Src/syscalls.o
LOAD ./Src/sysmem.o
LOAD ./Src/system_stm32h5xx.o
LOAD ./Startup/startup_stm32h563zitx.o
START GROUP
LOAD C:/ST/STM32CubeIDE_1.13.0/STM32CubeIDE/plugins/com.st.stm32cube.ide.mcu.externaltools.gnu-tools-for-stm32.11.3.rel1.win32_1.1.100.202309141235/tools/bin/../lib/gcc/arm-none-eabi/11.3.1/../../../../arm-none-eabi/lib/thumb/v8-m.main+fp/hard\libc_nano.a
LOAD C:/ST/STM32CubeIDE_1.13.0/STM32CubeIDE/plugins/com.st.stm32cube.ide.mcu.externaltools.gnu-tools-for-stm32.11.3.rel1.win32_1.1.100.202309141235/tools/bin/../lib/gcc/arm-none-eabi/11.3.1/../../../../arm-none-eabi/lib/thumb/v8-m.main+fp/hard\libm.a
END GROUP
START GROUP
LOAD C:/ST/STM32CubeIDE_1.13.0/STM32CubeIDE/plugins/com.st.stm32cube.ide.mcu.externaltools.gnu-tools-for-stm32.11.3.rel1.win32_1.1.100.202309141235/tools/bin/../lib/gcc/arm-none-eabi/11.3.1/thumb/v8-m.main+fp/hard\libgcc.a
LOAD C:/ST/STM32CubeIDE_1.13.0/STM32CubeIDE/plugins/com.st.stm32cube.ide.mcu.externaltools.gnu-tools-for-stm32.11.3.rel1.win32_1.1.100.202309141235/tools/bin/../lib/gcc/arm-none-eabi/11.3.1/../../../../arm-none-eabi/lib/thumb/v8-m.main+fp/hard\libc_nano.a
END GROUP
START GROUP
LOAD C:/ST/STM32CubeIDE_1.13.0/STM32CubeIDE/plugins/com.st.stm32cube.ide.mcu.externaltools.gnu-tools-for-stm32.11.3.rel1.win32_1.1.100.202309141235/tools/bin/../lib/gcc/arm-none-eabi/11.3.1/thumb/v8-m.main+fp/hard\libgcc.a
LOAD C:/ST/STM32CubeIDE_1.13.0/STM32CubeIDE/plugins/com.st.stm32cube.ide.mcu.externaltools.gnu-tools-for-stm32.11.3.rel1.win32_1.1.100.202309141235/tools/bin/../lib/gcc/arm-none-eabi/11.3.1/../../../../arm-none-eabi/lib/thumb/v8-m.main+fp/hard\libc_nano.a
LOAD C:/ST/STM32CubeIDE_1.13.0/STM32CubeIDE/plugins/com.st.stm32cube.ide.mcu.externaltools.gnu-tools-for-stm32.11.3.rel1.win32_1.1.100.202309141235/tools/bin/../lib/gcc/arm-none-eabi/11.3.1/../../../../arm-none-eabi/lib/thumb/v8-m.main+fp/hard\libnosys.a
END GROUP
START GROUP
LOAD C:/ST/STM32CubeIDE_1.13.0/STM32CubeIDE/plugins/com.st.stm32cube.ide.mcu.externaltools.gnu-tools-for-stm32.11.3.rel1.win32_1.1.100.202309141235/tools/bin/../lib/gcc/arm-none-eabi/11.3.1/thumb/v8-m.main+fp/hard\libgcc.a
LOAD C:/ST/STM32CubeIDE_1.13.0/STM32CubeIDE/plugins/com.st.stm32cube.ide.mcu.externaltools.gnu-tools-for-stm32.11.3.rel1.win32_1.1.100.202309141235/tools/bin/../lib/gcc/arm-none-eabi/11.3.1/../../../../arm-none-eabi/lib/thumb/v8-m.main+fp/hard\libc_nano.a
LOAD C:/ST/STM32CubeIDE_1.13.0/STM32CubeIDE/plugins/com.st.stm32cube.ide.mcu.externaltools.gnu-tools-for-stm32.11.3.rel1.win32_1.1.100.202309141235/tools/bin/../lib/gcc/arm-none-eabi/11.3.1/../../../../arm-none-eabi/lib/thumb/v8-m.main+fp/hard\libnosys.a
END GROUP
LOAD C:/ST/STM32CubeIDE_1.13.0/STM32CubeIDE/plugins/com.st.stm32cube.ide.mcu.externaltools.gnu-tools-for-stm32.11.3.rel1.win32_1.1.100.202309141235/tools/bin/../lib/gcc/arm-none-eabi/11.3.1/thumb/v8-m.main+fp/hard/crtend.o
LOAD C:/ST/STM32CubeIDE_1.13.0/STM32CubeIDE/plugins/com.st.stm32cube.ide.mcu.externaltools.gnu-tools-for-stm32.11.3.rel1.win32_1.1.100.202309141235/tools/bin/../lib/gcc/arm-none-eabi/11.3.1/thumb/v8-m.main+fp/hard/crtn.o
                0x00000000200a0000                _estack = (ORIGIN (RAM) + LENGTH (RAM))
                0x0000000000000200                _Min_Heap_Size = 0x200
                0x0000000000000400                _Min_Stack_Size = 0x400

.isr_vector     0x0000000008000000      0x24c
                0x0000000008000000                . = ALIGN (0x4)
 *(.isr_vector)
 .isr_vector    0x0000000008000000      0x24c ./Startup/startup_stm32h563zitx.o
                0x0000000008000000                g_pfnVectors
                0x000000000800024c                . = ALIGN (0x4)

.text           0x000000000800024c     0x31ac
                0x000000000800024c                . = ALIGN (0x4)
 *(.text)
 .text          0x000000000800024c       0x40 C:/ST/STM32CubeIDE_1.13.0/STM32CubeIDE/plugins/com.st.stm32cube.ide.mcu.externaltools.gnu-tools-for-stm32.11.3.rel1.win32_1.1.100.202309141235/tools/bin/../lib/gcc/arm-none-eabi/11.3.1/thumb/v8-m.main+fp/hard/crtbegin.o
 *(.text*)
 .text.LL_AHB2_GRP1_EnableClock
                0x000000000800028c       0x38 ./Bsp/src/DDR5_Board.o
 .text.LL_APB1_GRP1_EnableClock
                0x00000000080002c4       0x38 ./Bsp/src/DDR5_Board.o
 .text.LL_APB3_GRP1_EnableClock
                0x00000000080002fc       0x38 ./Bsp/src/DDR5_Board.o
 .text.LL_GPIO_SetPinMode
                0x0000000008000334       0x7a ./Bsp/src/DDR5_Board.o
 .text.LL_GPIO_SetPinOutputType
                0x00000000080003ae       0x30 ./Bsp/src/DDR5_Board.o
 .text.LL_GPIO_SetPinSpeed
                0x00000000080003de       0x7a ./Bsp/src/DDR5_Board.o
 .text.LL_GPIO_SetPinPull
                0x0000000008000458       0x7a ./Bsp/src/DDR5_Board.o
 .text.LL_GPIO_SetAFPin_0_7
                0x00000000080004d2       0x7a ./Bsp/src/DDR5_Board.o
 .text.LL_GPIO_SetAFPin_8_15
                0x000000000800054c       0x7e ./Bsp/src/DDR5_Board.o
 .text.LL_GPIO_SetOutputPin
                0x00000000080005ca       0x1c ./Bsp/src/DDR5_Board.o
 .text.LL_GPIO_ResetOutputPin
                0x00000000080005e6       0x1c ./Bsp/src/DDR5_Board.o
 .text.DDR5_GPIO_ClocksEnable
                0x0000000008000602       0x26 ./Bsp/src/DDR5_Board.o
 .text.LL_I2C_Enable
                0x0000000008000628       0x20 ./Bsp/src/DDR5_Board.o
 .text.LL_I2C_Disable
                0x0000000008000648       0x20 ./Bsp/src/DDR5_Board.o
 .text.LL_I2C_SetDigitalFilter
                0x0000000008000668       0x28 ./Bsp/src/DDR5_Board.o
 .text.LL_I2C_EnableAnalogFilter
                0x0000000008000690       0x20 ./Bsp/src/DDR5_Board.o
 .text.LL_I2C_EnableClockStretching
                0x00000000080006b0       0x20 ./Bsp/src/DDR5_Board.o
 .text.LL_I2C_DisableGeneralCall
                0x00000000080006d0       0x20 ./Bsp/src/DDR5_Board.o
 .text.LL_I2C_SetOwnAddress1
                0x00000000080006f0       0x30 ./Bsp/src/DDR5_Board.o
 .text.LL_I2C_DisableOwnAddress1
                0x0000000008000720       0x20 ./Bsp/src/DDR5_Board.o
 .text.LL_I2C_DisableOwnAddress2
                0x0000000008000740       0x20 ./Bsp/src/DDR5_Board.o
 .text.LL_I2C_SetTiming
                0x0000000008000760       0x1c ./Bsp/src/DDR5_Board.o
 .text.LL_I2C_SetMode
                0x000000000800077c       0x26 ./Bsp/src/DDR5_Board.o
 .text.LL_I2C_IsActiveFlag_NACK
                0x00000000080007a2       0x26 ./Bsp/src/DDR5_Board.o
 .text.LL_I2C_IsActiveFlag_STOP
                0x00000000080007c8       0x26 ./Bsp/src/DDR5_Board.o
 .text.LL_I2C_IsActiveFlag_BERR
                0x00000000080007ee       0x28 ./Bsp/src/DDR5_Board.o
 .text.LL_I2C_IsActiveFlag_ARLO
                0x0000000008000816       0x28 ./Bsp/src/DDR5_Board.o
 .text.LL_I2C_IsActiveFlag_BUSY
                0x000000000800083e       0x28 ./Bsp/src/DDR5_Board.o
 .text.LL_I2C_ClearFlag_NACK
                0x0000000008000866       0x20 ./Bsp/src/DDR5_Board.o
 .text.LL_I2C_ClearFlag_STOP
                0x0000000008000886       0x20 ./Bsp/src/DDR5_Board.o
 .text.LL_I2C_ClearFlag_BERR
                0x00000000080008a6       0x20 ./Bsp/src/DDR5_Board.o
 .text.LL_I2C_ClearFlag_ARLO
                0x00000000080008c6       0x20 ./Bsp/src/DDR5_Board.o
 .text.LL_I2C_EnableAutoEndMode
                0x00000000080008e6       0x20 ./Bsp/src/DDR5_Board.o
 .text.LL_I2C_AcknowledgeNextData
                0x0000000008000906       0x26 ./Bsp/src/DDR5_Board.o
 .text.LL_I2C_HandleTransfer
                0x000000000800092c       0x60 ./Bsp/src/DDR5_Board.o
 .text.LL_USART_Enable
                0x000000000800098c       0x20 ./Bsp/src/DDR5_Board.o
 .text.LL_USART_Disable
                0x00000000080009ac       0x20 ./Bsp/src/DDR5_Board.o
 .text.LL_USART_SetTransferDirection
                0x00000000080009cc       0x48 ./Bsp/src/DDR5_Board.o
 .text.LL_USART_SetOverSampling
                0x0000000008000a14       0x26 ./Bsp/src/DDR5_Board.o
 .text.LL_USART_SetPrescaler
                0x0000000008000a3a       0x28 ./Bsp/src/DDR5_Board.o
 .text.LL_USART_ConfigCharacter
                0x0000000008000a62       0x42 ./Bsp/src/DDR5_Board.o
 .text.LL_USART_SetHWFlowCtrl
                0x0000000008000aa4       0x26 ./Bsp/src/DDR5_Board.o
 *fill*         0x0000000008000aca        0x2 
 .text.LL_USART_SetBaudRate
                0x0000000008000acc       0xa0 ./Bsp/src/DDR5_Board.o
 .text.LL_USART_TransmitData8
                0x0000000008000b6c       0x1e ./Bsp/src/DDR5_Board.o
 .text.DDR5_GPIO_Init_Output
                0x0000000008000b8a       0x3e ./Bsp/src/DDR5_Board.o
 .text.DDR5_GPIO_Init_Input
                0x0000000008000bc8       0x28 ./Bsp/src/DDR5_Board.o
 .text.DDR5_GPIO_IsLowPin
                0x0000000008000bf0       0x22 ./Bsp/src/DDR5_Board.o
 .text.DDR5_GPIO_Init_AF
                0x0000000008000c12       0x60 ./Bsp/src/DDR5_Board.o
 *fill*         0x0000000008000c72        0x2 
 .text.DDR5_GPIO_Init
                0x0000000008000c74      0x30c ./Bsp/src/DDR5_Board.o
                0x0000000008000c74                DDR5_GPIO_Init
 .text.DDR5_I2C_Ping
                0x0000000008000f80      0x170 ./Bsp/src/DDR5_Board.o
                0x0000000008000f80                DDR5_I2C_Ping
 .text.DDR5_I2C4_Init
                0x00000000080010f0       0xf4 ./Bsp/src/DDR5_Board.o
                0x00000000080010f0                DDR5_I2C4_Init
 .text.DDR5_I2C1_Init
                0x00000000080011e4       0xe0 ./Bsp/src/DDR5_Board.o
                0x00000000080011e4                DDR5_I2C1_Init
 .text.DDR5_I2C_Scan_With_LCD
                0x00000000080012c4      0x1c4 ./Bsp/src/DDR5_Board.o
                0x00000000080012c4                DDR5_I2C_Scan_With_LCD
 .text.DDR5_UART_WaitFlagSet
                0x0000000008001488       0x3a ./Bsp/src/DDR5_Board.o
 .text.DDR5_UART_Init_115200_8N1
                0x00000000080014c2       0x78 ./Bsp/src/DDR5_Board.o
                0x00000000080014c2                DDR5_UART_Init_115200_8N1
 .text.DDR5_UART_WriteByte
                0x000000000800153a       0x62 ./Bsp/src/DDR5_Board.o
                0x000000000800153a                DDR5_UART_WriteByte
 .text.DDR5_UART_WriteString
                0x000000000800159c       0x50 ./Bsp/src/DDR5_Board.o
                0x000000000800159c                DDR5_UART_WriteString
 .text.__NVIC_SetPriority
                0x00000000080015ec       0x54 ./Bsp/src/DDR5_Board_Clock.o
 .text.SysTick_Config
                0x0000000008001640       0x44 ./Bsp/src/DDR5_Board_Clock.o
 .text.LL_FLASH_SetLatency
                0x0000000008001684       0x28 ./Bsp/src/DDR5_Board_Clock.o
 .text.LL_FLASH_GetLatency
                0x00000000080016ac       0x1c ./Bsp/src/DDR5_Board_Clock.o
 .text.LL_RCC_HSI_Enable
                0x00000000080016c8       0x20 ./Bsp/src/DDR5_Board_Clock.o
 .text.LL_RCC_HSI_IsReady
                0x00000000080016e8       0x24 ./Bsp/src/DDR5_Board_Clock.o
 .text.LL_RCC_HSI_SetDivider
                0x000000000800170c       0x28 ./Bsp/src/DDR5_Board_Clock.o
 .text.LL_RCC_HSI_GetDivider
                0x0000000008001734       0x1c ./Bsp/src/DDR5_Board_Clock.o
 .text.LL_RCC_SetSysClkSource
                0x0000000008001750       0x28 ./Bsp/src/DDR5_Board_Clock.o
 .text.LL_RCC_GetSysClkSource
                0x0000000008001778       0x1c ./Bsp/src/DDR5_Board_Clock.o
 .text.LL_RCC_SetAHBPrescaler
                0x0000000008001794       0x28 ./Bsp/src/DDR5_Board_Clock.o
 .text.LL_RCC_SetAPB1Prescaler
                0x00000000080017bc       0x28 ./Bsp/src/DDR5_Board_Clock.o
 .text.LL_RCC_SetAPB2Prescaler
                0x00000000080017e4       0x28 ./Bsp/src/DDR5_Board_Clock.o
 .text.LL_RCC_SetAPB3Prescaler
                0x000000000800180c       0x28 ./Bsp/src/DDR5_Board_Clock.o
 .text.LL_RCC_SetClockSource
                0x0000000008001834       0x54 ./Bsp/src/DDR5_Board_Clock.o
 .text.LL_RCC_SetUSARTClockSource
                0x0000000008001888       0x16 ./Bsp/src/DDR5_Board_Clock.o
 .text.LL_RCC_SetI2CClockSource
                0x000000000800189e       0x16 ./Bsp/src/DDR5_Board_Clock.o
 .text.LL_RCC_PLL1_Enable
                0x00000000080018b4       0x20 ./Bsp/src/DDR5_Board_Clock.o
 .text.LL_RCC_PLL1_Disable
                0x00000000080018d4       0x20 ./Bsp/src/DDR5_Board_Clock.o
 .text.LL_RCC_PLL1_IsReady
                0x00000000080018f4       0x28 ./Bsp/src/DDR5_Board_Clock.o
 .text.LL_RCC_PLL1P_Enable
                0x000000000800191c       0x20 ./Bsp/src/DDR5_Board_Clock.o
 .text.LL_RCC_PLL1Q_Enable
                0x000000000800193c       0x20 ./Bsp/src/DDR5_Board_Clock.o
 .text.LL_RCC_PLL1R_Enable
                0x000000000800195c       0x20 ./Bsp/src/DDR5_Board_Clock.o
 .text.LL_RCC_PLL1_SetSource
                0x000000000800197c       0x28 ./Bsp/src/DDR5_Board_Clock.o
 .text.LL_RCC_PLL1_SetN
                0x00000000080019a4       0x30 ./Bsp/src/DDR5_Board_Clock.o
 .text.LL_RCC_PLL1_SetP
                0x00000000080019d4       0x2c ./Bsp/src/DDR5_Board_Clock.o
 .text.LL_RCC_PLL1_SetQ
                0x0000000008001a00       0x2c ./Bsp/src/DDR5_Board_Clock.o
 .text.LL_RCC_PLL1_SetR
                0x0000000008001a2c       0x2c ./Bsp/src/DDR5_Board_Clock.o
 .text.LL_RCC_PLL1_SetM
                0x0000000008001a58       0x2c ./Bsp/src/DDR5_Board_Clock.o
 .text.LL_RCC_PLL1FRACN_Disable
                0x0000000008001a84       0x20 ./Bsp/src/DDR5_Board_Clock.o
 .text.LL_RCC_PLL1_SetVCOInputRange
                0x0000000008001aa4       0x2c ./Bsp/src/DDR5_Board_Clock.o
 .text.LL_RCC_PLL1_SetVCOOutputRange
                0x0000000008001ad0       0x2c ./Bsp/src/DDR5_Board_Clock.o
 .text.LL_RCC_PLL3_Enable
                0x0000000008001afc       0x20 ./Bsp/src/DDR5_Board_Clock.o
 .text.LL_RCC_PLL3_Disable
                0x0000000008001b1c       0x20 ./Bsp/src/DDR5_Board_Clock.o
 .text.LL_RCC_PLL3_IsReady
                0x0000000008001b3c       0x28 ./Bsp/src/DDR5_Board_Clock.o
 .text.LL_RCC_PLL3_SetSource
                0x0000000008001b64       0x28 ./Bsp/src/DDR5_Board_Clock.o
 .text.LL_RCC_PLL3_SetN
                0x0000000008001b8c       0x30 ./Bsp/src/DDR5_Board_Clock.o
 .text.LL_RCC_PLL3_SetP
                0x0000000008001bbc       0x2c ./Bsp/src/DDR5_Board_Clock.o
 .text.LL_RCC_PLL3_SetQ
                0x0000000008001be8       0x2c ./Bsp/src/DDR5_Board_Clock.o
 .text.LL_RCC_PLL3_SetR
                0x0000000008001c14       0x2c ./Bsp/src/DDR5_Board_Clock.o
 .text.LL_RCC_PLL3_SetM
                0x0000000008001c40       0x2c ./Bsp/src/DDR5_Board_Clock.o
 .text.LL_RCC_PLL3P_Disable
                0x0000000008001c6c       0x20 ./Bsp/src/DDR5_Board_Clock.o
 .text.LL_RCC_PLL3Q_Disable
                0x0000000008001c8c       0x20 ./Bsp/src/DDR5_Board_Clock.o
 .text.LL_RCC_PLL3R_Enable
                0x0000000008001cac       0x20 ./Bsp/src/DDR5_Board_Clock.o
 .text.LL_RCC_PLL3FRACN_Disable
                0x0000000008001ccc       0x20 ./Bsp/src/DDR5_Board_Clock.o
 .text.LL_RCC_PLL3_SetVCOInputRange
                0x0000000008001cec       0x2c ./Bsp/src/DDR5_Board_Clock.o
 .text.LL_RCC_PLL3_SetVCOOutputRange
                0x0000000008001d18       0x2c ./Bsp/src/DDR5_Board_Clock.o
 .text.LL_PWR_SetRegulVoltageScaling
                0x0000000008001d44       0x28 ./Bsp/src/DDR5_Board_Clock.o
 .text.LL_PWR_IsActiveFlag_VOS
                0x0000000008001d6c       0x24 ./Bsp/src/DDR5_Board_Clock.o
 .text.DDR5_Clock_SetVoltageScale
                0x0000000008001d90       0x1c ./Bsp/src/DDR5_Board_Clock.o
 .text.DDR5_Clock_SetFlashLatency
                0x0000000008001dac       0x1c ./Bsp/src/DDR5_Board_Clock.o
 .text.DDR5_Clock_InitSafeHSI
                0x0000000008001dc8       0x78 ./Bsp/src/DDR5_Board_Clock.o
 .text.DDR5_PLL1_Config
                0x0000000008001e40       0x74 ./Bsp/src/DDR5_Board_Clock.o
 .text.DDR5_PLL3_Config
                0x0000000008001eb4       0x74 ./Bsp/src/DDR5_Board_Clock.o
 .text.DDR5_Clock_Init
                0x0000000008001f28       0x7c ./Bsp/src/DDR5_Board_Clock.o
                0x0000000008001f28                DDR5_Clock_Init
 .text.LL_EXTI_IsActiveFallingFlag_0_31
                0x0000000008001fa4       0x2c ./Bsp/src/DDR5_Board_IRQ.o
 .text.LL_EXTI_ClearFallingFlag_0_31
                0x0000000008001fd0       0x20 ./Bsp/src/DDR5_Board_IRQ.o
 .text.LL_EXTI_IsActiveRisingFlag_0_31
                0x0000000008001ff0       0x2c ./Bsp/src/DDR5_Board_IRQ.o
 .text.LL_EXTI_ClearRisingFlag_0_31
                0x000000000800201c       0x20 ./Bsp/src/DDR5_Board_IRQ.o
 .text.DDR5_OnButtonIRQ
                0x000000000800203c       0x14 ./Bsp/src/DDR5_Board_IRQ.o
                0x000000000800203c                DDR5_OnButtonIRQ
 .text.DDR5_OnTriggerInIRQ
                0x0000000008002050        0xe ./Bsp/src/DDR5_Board_IRQ.o
                0x0000000008002050                DDR5_OnTriggerInIRQ
 .text.EXTI0_IRQHandler
                0x000000000800205e       0x20 ./Bsp/src/DDR5_Board_IRQ.o
                0x000000000800205e                EXTI0_IRQHandler
 .text.EXTI1_IRQHandler
                0x000000000800207e       0x1e ./Bsp/src/DDR5_Board_IRQ.o
                0x000000000800207e                EXTI1_IRQHandler
 .text.EXTI2_IRQHandler
                0x000000000800209c       0x20 ./Bsp/src/DDR5_Board_IRQ.o
                0x000000000800209c                EXTI2_IRQHandler
 .text.EXTI3_IRQHandler
                0x00000000080020bc       0x20 ./Bsp/src/DDR5_Board_IRQ.o
                0x00000000080020bc                EXTI3_IRQHandler
 .text.EXTI4_IRQHandler
                0x00000000080020dc       0x20 ./Bsp/src/DDR5_Board_IRQ.o
                0x00000000080020dc                EXTI4_IRQHandler
 .text.EXTI5_IRQHandler
                0x00000000080020fc       0x20 ./Bsp/src/DDR5_Board_IRQ.o
                0x00000000080020fc                EXTI5_IRQHandler
 .text.EXTI6_IRQHandler
                0x000000000800211c       0x20 ./Bsp/src/DDR5_Board_IRQ.o
                0x000000000800211c                EXTI6_IRQHandler
 .text.LL_I2C_IsActiveFlag_TXIS
                0x000000000800213c       0x26 ./Bsp/src/nhd0420_i2c.o
 .text.LL_I2C_IsActiveFlag_NACK
                0x0000000008002162       0x26 ./Bsp/src/nhd0420_i2c.o
 .text.LL_I2C_IsActiveFlag_STOP
                0x0000000008002188       0x26 ./Bsp/src/nhd0420_i2c.o
 .text.LL_I2C_IsActiveFlag_TC
                0x00000000080021ae       0x26 ./Bsp/src/nhd0420_i2c.o
 .text.LL_I2C_IsActiveFlag_BERR
                0x00000000080021d4       0x28 ./Bsp/src/nhd0420_i2c.o
 .text.LL_I2C_IsActiveFlag_ARLO
                0x00000000080021fc       0x28 ./Bsp/src/nhd0420_i2c.o
 .text.LL_I2C_IsActiveFlag_BUSY
                0x0000000008002224       0x28 ./Bsp/src/nhd0420_i2c.o
 .text.LL_I2C_ClearFlag_NACK
                0x000000000800224c       0x20 ./Bsp/src/nhd0420_i2c.o
 .text.LL_I2C_ClearFlag_STOP
                0x000000000800226c       0x20 ./Bsp/src/nhd0420_i2c.o
 .text.LL_I2C_ClearFlag_BERR
                0x000000000800228c       0x20 ./Bsp/src/nhd0420_i2c.o
 .text.LL_I2C_ClearFlag_ARLO
                0x00000000080022ac       0x20 ./Bsp/src/nhd0420_i2c.o
 .text.LL_I2C_HandleTransfer
                0x00000000080022cc       0x60 ./Bsp/src/nhd0420_i2c.o
 .text.LL_I2C_TransmitData8
                0x000000000800232c       0x1e ./Bsp/src/nhd0420_i2c.o
 *fill*         0x000000000800234a        0x2 
 .text.nhd0420_i2c_write_raw
                0x000000000800234c      0x1d4 ./Bsp/src/nhd0420_i2c.o
                0x000000000800234c                nhd0420_i2c_write_raw
 .text.nhd0420_send_cmd0
                0x0000000008002520       0x30 ./Bsp/src/nhd0420_i2c.o
 .text.nhd0420_send_cmd1
                0x0000000008002550       0x38 ./Bsp/src/nhd0420_i2c.o
 .text.nhd0420_rowcol_to_pos
                0x0000000008002588       0x2c ./Bsp/src/nhd0420_i2c.o
 .text.nhd0420_init
                0x00000000080025b4       0x52 ./Bsp/src/nhd0420_i2c.o
                0x00000000080025b4                nhd0420_init
 .text.nhd0420_display_on
                0x0000000008002606       0x1a ./Bsp/src/nhd0420_i2c.o
                0x0000000008002606                nhd0420_display_on
 .text.nhd0420_clear
                0x0000000008002620       0x32 ./Bsp/src/nhd0420_i2c.o
                0x0000000008002620                nhd0420_clear
 .text.nhd0420_set_cursor_pos
                0x0000000008002652       0x22 ./Bsp/src/nhd0420_i2c.o
                0x0000000008002652                nhd0420_set_cursor_pos
 .text.nhd0420_set_cursor_rc
                0x0000000008002674       0x42 ./Bsp/src/nhd0420_i2c.o
                0x0000000008002674                nhd0420_set_cursor_rc
 .text.nhd0420_write_char
                0x00000000080026b6       0x2c ./Bsp/src/nhd0420_i2c.o
                0x00000000080026b6                nhd0420_write_char
 .text.nhd0420_write_line
                0x00000000080026e2       0x7c ./Bsp/src/nhd0420_i2c.o
                0x00000000080026e2                nhd0420_write_line
 .text.nhd0420_set_contrast
                0x000000000800275e       0x34 ./Bsp/src/nhd0420_i2c.o
                0x000000000800275e                nhd0420_set_contrast
 .text.nhd0420_set_backlight
                0x0000000008002792       0x34 ./Bsp/src/nhd0420_i2c.o
                0x0000000008002792                nhd0420_set_backlight
 *fill*         0x00000000080027c6        0x2 
 .text.SysTick_Handler
                0x00000000080027c8       0x1c ./Src/main.o
                0x00000000080027c8                SysTick_Handler
 .text.delay_ms
                0x00000000080027e4       0x30 ./Src/main.o
 .text.main     0x0000000008002814       0x90 ./Src/main.o
                0x0000000008002814                main
 .text._sbrk    0x00000000080028a4       0x6c ./Src/sysmem.o
                0x00000000080028a4                _sbrk
 .text.SystemInit
                0x0000000008002910      0x100 ./Src/system_stm32h5xx.o
                0x0000000008002910                SystemInit
 .text.Reset_Handler
                0x0000000008002a10       0x50 ./Startup/startup_stm32h563zitx.o
                0x0000000008002a10                Reset_Handler
 .text.Default_Handler
                0x0000000008002a60        0x2 ./Startup/startup_stm32h563zitx.o
                0x0000000008002a60                TIM8_CC_IRQHandler
                0x0000000008002a60                I3C1_ER_IRQHandler
                0x0000000008002a60                DebugMon_Handler
                0x0000000008002a60                UART8_IRQHandler
                0x0000000008002a60                SPI4_IRQHandler
                0x0000000008002a60                FLASH_S_IRQHandler
                0x0000000008002a60                EXTI13_IRQHandler
                0x0000000008002a60                TIM1_CC_IRQHandler
                0x0000000008002a60                Cordic_IRQHandler
                0x0000000008002a60                HardFault_Handler
                0x0000000008002a60                TIM1_TRG_COM_DIR_IDX_IRQHandler
                0x0000000008002a60                TAMP_IRQHandler
                0x0000000008002a60                TIM6_IRQHandler
                0x0000000008002a60                EXTI12_IRQHandler
                0x0000000008002a60                PendSV_Handler
                0x0000000008002a60                NMI_Handler
                0x0000000008002a60                LPTIM4_IRQHandler
                0x0000000008002a60                EXTI8_IRQHandler
                0x0000000008002a60                LPTIM2_IRQHandler
                0x0000000008002a60                GPDMA1_CH5_IRQHandler
                0x0000000008002a60                USB_FS_IRQHandler
                0x0000000008002a60                USART10_IRQHandler
                0x0000000008002a60                LPTIM3_IRQHandler
                0x0000000008002a60                I2C2_EV_IRQHandler
                0x0000000008002a60                FDCAN1_IT1_IRQHandler
                0x0000000008002a60                RAMCFG_IRQHandler
                0x0000000008002a60                UsageFault_Handler
                0x0000000008002a60                GPDMA1_CH3_IRQHandler
                0x0000000008002a60                SPI1_IRQHandler
                0x0000000008002a60                OCTOSPI1_IRQHandler
                0x0000000008002a60                GPDMA1_CH4_IRQHandler
                0x0000000008002a60                TIM8_UP_IRQHandler
                0x0000000008002a60                RCC_S_IRQHandler
                0x0000000008002a60                SAI2_IRQHandler
                0x0000000008002a60                ADC1_IRQHandler
                0x0000000008002a60                USART6_IRQHandler
                0x0000000008002a60                TIM8_TRG_COM_DIR_IDX_IRQHandler
                0x0000000008002a60                EXTI15_IRQHandler
                0x0000000008002a60                TIM17_IRQHandler
                0x0000000008002a60                GPDMA2_CH6_IRQHandler
                0x0000000008002a60                USART3_IRQHandler
                0x0000000008002a60                EXTI9_IRQHandler
                0x0000000008002a60                LPTIM5_IRQHandler
                0x0000000008002a60                UART5_IRQHandler
                0x0000000008002a60                GPDMA1_CH7_IRQHandler
                0x0000000008002a60                TIM4_IRQHandler
                0x0000000008002a60                I2C1_EV_IRQHandler
                0x0000000008002a60                TIM16_IRQHandler
                0x0000000008002a60                UART4_IRQHandler
                0x0000000008002a60                SecureFault_Handler
                0x0000000008002a60                GPDMA1_CH6_IRQHandler
                0x0000000008002a60                TIM3_IRQHandler
                0x0000000008002a60                RCC_IRQHandler
                0x0000000008002a60                UART9_IRQHandler
                0x0000000008002a60                Default_Handler
                0x0000000008002a60                GPDMA1_CH1_IRQHandler
                0x0000000008002a60                GPDMA2_CH0_IRQHandler
                0x0000000008002a60                FMAC_IRQHandler
                0x0000000008002a60                USART11_IRQHandler
                0x0000000008002a60                TIM14_IRQHandler
                0x0000000008002a60                TIM13_IRQHandler
                0x0000000008002a60                GPDMA2_CH4_IRQHandler
                0x0000000008002a60                SPI5_IRQHandler
                0x0000000008002a60                GPDMA1_CH0_IRQHandler
                0x0000000008002a60                TIM12_IRQHandler
                0x0000000008002a60                TIM7_IRQHandler
                0x0000000008002a60                SDMMC1_IRQHandler
                0x0000000008002a60                TIM5_IRQHandler
                0x0000000008002a60                UCPD1_IRQHandler
                0x0000000008002a60                I3C1_EV_IRQHandler
                0x0000000008002a60                TIM15_IRQHandler
                0x0000000008002a60                GPDMA2_CH3_IRQHandler
                0x0000000008002a60                ETH_WKUP_IRQHandler
                0x0000000008002a60                ADC2_IRQHandler
                0x0000000008002a60                SPI2_IRQHandler
                0x0000000008002a60                MemManage_Handler
                0x0000000008002a60                GPDMA1_CH2_IRQHandler
                0x0000000008002a60                EXTI14_IRQHandler
                0x0000000008002a60                EXTI11_IRQHandler
                0x0000000008002a60                SVC_Handler
                0x0000000008002a60                CRS_IRQHandler
                0x0000000008002a60                GPDMA2_CH2_IRQHandler
                0x0000000008002a60                TIM1_BRK_TERR_IERR_IRQHandler
                0x0000000008002a60                RNG_IRQHandler
                0x0000000008002a60                DCACHE_IRQHandler
                0x0000000008002a60                FDCAN2_IT1_IRQHandler
                0x0000000008002a60                ETH_IRQHandler
                0x0000000008002a60                GPDMA2_CH7_IRQHandler
                0x0000000008002a60                TIM1_UP_IRQHandler
                0x0000000008002a60                UART12_IRQHandler
                0x0000000008002a60                WWDG_IRQHandler
                0x0000000008002a60                SPI6_IRQHandler
                0x0000000008002a60                FDCAN2_IT0_IRQHandler
                0x0000000008002a60                IWDG_IRQHandler
                0x0000000008002a60                LPUART1_IRQHandler
                0x0000000008002a60                FDCAN1_IT0_IRQHandler
                0x0000000008002a60                TIM2_IRQHandler
                0x0000000008002a60                DTS_WKUP_IRQHandler
                0x0000000008002a60                GPDMA2_CH1_IRQHandler
                0x0000000008002a60                EXTI7_IRQHandler
                0x0000000008002a60                SDMMC2_IRQHandler
                0x0000000008002a60                LPTIM6_IRQHandler
                0x0000000008002a60                DAC1_IRQHandler
                0x0000000008002a60                UART7_IRQHandler
                0x0000000008002a60                GTZC_IRQHandler
                0x0000000008002a60                USART2_IRQHandler
                0x0000000008002a60                I2C2_ER_IRQHandler
                0x0000000008002a60                FLASH_IRQHandler
                0x0000000008002a60                BusFault_Handler
                0x0000000008002a60                USART1_IRQHandler
                0x0000000008002a60                EXTI10_IRQHandler
                0x0000000008002a60                SPI3_IRQHandler
                0x0000000008002a60                IM8_BRK_TERR_IERR_IRQHandler
                0x0000000008002a60                I2C1_ER_IRQHandler
                0x0000000008002a60                FMC_IRQHandler
                0x0000000008002a60                LPTIM1_IRQHandler
                0x0000000008002a60                DCMI_PSSI_IRQHandler
                0x0000000008002a60                GPDMA2_CH5_IRQHandler
                0x0000000008002a60                ICACHE_IRQHandler
                0x0000000008002a60                SAI1_IRQHandler
                0x0000000008002a60                HASH_IRQHandler
 *fill*         0x0000000008002a62        0x2 
 .text.snprintf
                0x0000000008002a64       0x68 C:/ST/STM32CubeIDE_1.13.0/STM32CubeIDE/plugins/com.st.stm32cube.ide.mcu.externaltools.gnu-tools-for-stm32.11.3.rel1.win32_1.1.100.202309141235/tools/bin/../lib/gcc/arm-none-eabi/11.3.1/../../../../arm-none-eabi/lib/thumb/v8-m.main+fp/hard\libc_nano.a(libc_a-snprintf.o)
                0x0000000008002a64                sniprintf
                0x0000000008002a64                snprintf
 .text.__errno  0x0000000008002acc        0xc C:/ST/STM32CubeIDE_1.13.0/STM32CubeIDE/plugins/com.st.stm32cube.ide.mcu.externaltools.gnu-tools-for-stm32.11.3.rel1.win32_1.1.100.202309141235/tools/bin/../lib/gcc/arm-none-eabi/11.3.1/../../../../arm-none-eabi/lib/thumb/v8-m.main+fp/hard\libc_nano.a(libc_a-errno.o)
                0x0000000008002acc                __errno
 .text.__libc_init_array
                0x0000000008002ad8       0x48 C:/ST/STM32CubeIDE_1.13.0/STM32CubeIDE/plugins/com.st.stm32cube.ide.mcu.externaltools.gnu-tools-for-stm32.11.3.rel1.win32_1.1.100.202309141235/tools/bin/../lib/gcc/arm-none-eabi/11.3.1/../../../../arm-none-eabi/lib/thumb/v8-m.main+fp/hard\libc_nano.a(libc_a-init.o)
                0x0000000008002ad8                __libc_init_array
 .text.__retarget_lock_acquire_recursive
                0x0000000008002b20        0x2 C:/ST/STM32CubeIDE_1.13.0/STM32CubeIDE/plugins/com.st.stm32cube.ide.mcu.externaltools.gnu-tools-for-stm32.11.3.rel1.win32_1.1.100.202309141235/tools/bin/../lib/gcc/arm-none-eabi/11.3.1/../../../../arm-none-eabi/lib/thumb/v8-m.main+fp/hard\libc_nano.a(libc_a-lock.o)
                0x0000000008002b20                __retarget_lock_acquire_recursive
 .text.__retarget_lock_release_recursive
                0x0000000008002b22        0x2 C:/ST/STM32CubeIDE_1.13.0/STM32CubeIDE/plugins/com.st.stm32cube.ide.mcu.externaltools.gnu-tools-for-stm32.11.3.rel1.win32_1.1.100.202309141235/tools/bin/../lib/gcc/arm-none-eabi/11.3.1/../../../../arm-none-eabi/lib/thumb/v8-m.main+fp/hard\libc_nano.a(libc_a-lock.o)
                0x0000000008002b22                __retarget_lock_release_recursive
 .text._free_r  0x0000000008002b24       0x98 C:/ST/STM32CubeIDE_1.13.0/STM32CubeIDE/plugins/com.st.stm32cube.ide.mcu.externaltools.gnu-tools-for-stm32.11.3.rel1.win32_1.1.100.202309141235/tools/bin/../lib/gcc/arm-none-eabi/11.3.1/../../../../arm-none-eabi/lib/thumb/v8-m.main+fp/hard\libc_nano.a(libc_a-freer.o)
                0x0000000008002b24                _free_r
 .text.sbrk_aligned
                0x0000000008002bbc       0x40 C:/ST/STM32CubeIDE_1.13.0/STM32CubeIDE/plugins/com.st.stm32cube.ide.mcu.externaltools.gnu-tools-for-stm32.11.3.rel1.win32_1.1.100.202309141235/tools/bin/../lib/gcc/arm-none-eabi/11.3.1/../../../../arm-none-eabi/lib/thumb/v8-m.main+fp/hard\libc_nano.a(libc_a-mallocr.o)
 .text._malloc_r
                0x0000000008002bfc      0x100 C:/ST/STM32CubeIDE_1.13.0/STM32CubeIDE/plugins/com.st.stm32cube.ide.mcu.externaltools.gnu-tools-for-stm32.11.3.rel1.win32_1.1.100.202309141235/tools/bin/../lib/gcc/arm-none-eabi/11.3.1/../../../../arm-none-eabi/lib/thumb/v8-m.main+fp/hard\libc_nano.a(libc_a-mallocr.o)
                0x0000000008002bfc                _malloc_r
 .text.__malloc_lock
                0x0000000008002cfc        0xc C:/ST/STM32CubeIDE_1.13.0/STM32CubeIDE/plugins/com.st.stm32cube.ide.mcu.externaltools.gnu-tools-for-stm32.11.3.rel1.win32_1.1.100.202309141235/tools/bin/../lib/gcc/arm-none-eabi/11.3.1/../../../../arm-none-eabi/lib/thumb/v8-m.main+fp/hard\libc_nano.a(libc_a-mlock.o)
                0x0000000008002cfc                __malloc_lock
 .text.__malloc_unlock
                0x0000000008002d08        0xc C:/ST/STM32CubeIDE_1.13.0/STM32CubeIDE/plugins/com.st.stm32cube.ide.mcu.externaltools.gnu-tools-for-stm32.11.3.rel1.win32_1.1.100.202309141235/tools/bin/../lib/gcc/arm-none-eabi/11.3.1/../../../../arm-none-eabi/lib/thumb/v8-m.main+fp/hard\libc_nano.a(libc_a-mlock.o)
                0x0000000008002d08                __malloc_unlock
 .text.__ssputs_r
                0x0000000008002d14       0xb4 C:/ST/STM32CubeIDE_1.13.0/STM32CubeIDE/plugins/com.st.stm32cube.ide.mcu.externaltools.gnu-tools-for-stm32.11.3.rel1.win32_1.1.100.202309141235/tools/bin/../lib/gcc/arm-none-eabi/11.3.1/../../../../arm-none-eabi/lib/thumb/v8-m.main+fp/hard\libc_nano.a(libc_a-nano-svfprintf.o)
                0x0000000008002d14                __ssputs_r
 .text._svfprintf_r
                0x0000000008002dc8      0x1fc C:/ST/STM32CubeIDE_1.13.0/STM32CubeIDE/plugins/com.st.stm32cube.ide.mcu.externaltools.gnu-tools-for-stm32.11.3.rel1.win32_1.1.100.202309141235/tools/bin/../lib/gcc/arm-none-eabi/11.3.1/../../../../arm-none-eabi/lib/thumb/v8-m.main+fp/hard\libc_nano.a(libc_a-nano-svfprintf.o)
                0x0000000008002dc8                _svfiprintf_r
                0x0000000008002dc8                _svfprintf_r
 .text._printf_common
                0x0000000008002fc4       0xe4 C:/ST/STM32CubeIDE_1.13.0/STM32CubeIDE/plugins/com.st.stm32cube.ide.mcu.externaltools.gnu-tools-for-stm32.11.3.rel1.win32_1.1.100.202309141235/tools/bin/../lib/gcc/arm-none-eabi/11.3.1/../../../../arm-none-eabi/lib/thumb/v8-m.main+fp/hard\libc_nano.a(libc_a-nano-vfprintf_i.o)
                0x0000000008002fc4                _printf_common
 .text._printf_i
                0x00000000080030a8      0x240 C:/ST/STM32CubeIDE_1.13.0/STM32CubeIDE/plugins/com.st.stm32cube.ide.mcu.externaltools.gnu-tools-for-stm32.11.3.rel1.win32_1.1.100.202309141235/tools/bin/../lib/gcc/arm-none-eabi/11.3.1/../../../../arm-none-eabi/lib/thumb/v8-m.main+fp/hard\libc_nano.a(libc_a-nano-vfprintf_i.o)
                0x00000000080030a8                _printf_i
 .text.memmove  0x00000000080032e8       0x34 C:/ST/STM32CubeIDE_1.13.0/STM32CubeIDE/plugins/com.st.stm32cube.ide.mcu.externaltools.gnu-tools-for-stm32.11.3.rel1.win32_1.1.100.202309141235/tools/bin/../lib/gcc/arm-none-eabi/11.3.1/../../../../arm-none-eabi/lib/thumb/v8-m.main+fp/hard\libc_nano.a(libc_a-memmove.o)
                0x00000000080032e8                memmove
 .text._sbrk_r  0x000000000800331c       0x20 C:/ST/STM32CubeIDE_1.13.0/STM32CubeIDE/plugins/com.st.stm32cube.ide.mcu.externaltools.gnu-tools-for-stm32.11.3.rel1.win32_1.1.100.202309141235/tools/bin/../lib/gcc/arm-none-eabi/11.3.1/../../../../arm-none-eabi/lib/thumb/v8-m.main+fp/hard\libc_nano.a(libc_a-sbrkr.o)
                0x000000000800331c                _sbrk_r
 .text.memchr   0x000000000800333c       0x1c C:/ST/STM32CubeIDE_1.13.0/STM32CubeIDE/plugins/com.st.stm32cube.ide.mcu.externaltools.gnu-tools-for-stm32.11.3.rel1.win32_1.1.100.202309141235/tools/bin/../lib/gcc/arm-none-eabi/11.3.1/../../../../arm-none-eabi/lib/thumb/v8-m.main+fp/hard\libc_nano.a(libc_a-memchr-stub.o)
                0x000000000800333c                memchr
 .text.memcpy   0x0000000008003358       0x1a C:/ST/STM32CubeIDE_1.13.0/STM32CubeIDE/plugins/com.st.stm32cube.ide.mcu.externaltools.gnu-tools-for-stm32.11.3.rel1.win32_1.1.100.202309141235/tools/bin/../lib/gcc/arm-none-eabi/11.3.1/../../../../arm-none-eabi/lib/thumb/v8-m.main+fp/hard\libc_nano.a(libc_a-memcpy-stub.o)
                0x0000000008003358                memcpy
 .text._realloc_r
                0x0000000008003372       0x5e C:/ST/STM32CubeIDE_1.13.0/STM32CubeIDE/plugins/com.st.stm32cube.ide.mcu.externaltools.gnu-tools-for-stm32.11.3.rel1.win32_1.1.100.202309141235/tools/bin/../lib/gcc/arm-none-eabi/11.3.1/../../../../arm-none-eabi/lib/thumb/v8-m.main+fp/hard\libc_nano.a(libc_a-reallocr.o)
                0x0000000008003372                _realloc_r
 .text._malloc_usable_size_r
                0x00000000080033d0       0x10 C:/ST/STM32CubeIDE_1.13.0/STM32CubeIDE/plugins/com.st.stm32cube.ide.mcu.externaltools.gnu-tools-for-stm32.11.3.rel1.win32_1.1.100.202309141235/tools/bin/../lib/gcc/arm-none-eabi/11.3.1/../../../../arm-none-eabi/lib/thumb/v8-m.main+fp/hard\libc_nano.a(libc_a-msizer.o)
                0x00000000080033d0                _malloc_usable_size_r
 *(.glue_7)
 .glue_7        0x00000000080033e0        0x0 linker stubs
 *(.glue_7t)
 .glue_7t       0x00000000080033e0        0x0 linker stubs
 *(.eh_frame)
 .eh_frame      0x00000000080033e0        0x0 C:/ST/STM32CubeIDE_1.13.0/STM32CubeIDE/plugins/com.st.stm32cube.ide.mcu.externaltools.gnu-tools-for-stm32.11.3.rel1.win32_1.1.100.202309141235/tools/bin/../lib/gcc/arm-none-eabi/11.3.1/thumb/v8-m.main+fp/hard/crtbegin.o
 *(.init)
 .init          0x00000000080033e0        0x4 C:/ST/STM32CubeIDE_1.13.0/STM32CubeIDE/plugins/com.st.stm32cube.ide.mcu.externaltools.gnu-tools-for-stm32.11.3.rel1.win32_1.1.100.202309141235/tools/bin/../lib/gcc/arm-none-eabi/11.3.1/thumb/v8-m.main+fp/hard/crti.o
                0x00000000080033e0                _init
 .init          0x00000000080033e4        0x8 C:/ST/STM32CubeIDE_1.13.0/STM32CubeIDE/plugins/com.st.stm32cube.ide.mcu.externaltools.gnu-tools-for-stm32.11.3.rel1.win32_1.1.100.202309141235/tools/bin/../lib/gcc/arm-none-eabi/11.3.1/thumb/v8-m.main+fp/hard/crtn.o
 *(.fini)
 .fini          0x00000000080033ec        0x4 C:/ST/STM32CubeIDE_1.13.0/STM32CubeIDE/plugins/com.st.stm32cube.ide.mcu.externaltools.gnu-tools-for-stm32.11.3.rel1.win32_1.1.100.202309141235/tools/bin/../lib/gcc/arm-none-eabi/11.3.1/thumb/v8-m.main+fp/hard/crti.o
                0x00000000080033ec                _fini
 .fini          0x00000000080033f0        0x8 C:/ST/STM32CubeIDE_1.13.0/STM32CubeIDE/plugins/com.st.stm32cube.ide.mcu.externaltools.gnu-tools-for-stm32.11.3.rel1.win32_1.1.100.202309141235/tools/bin/../lib/gcc/arm-none-eabi/11.3.1/thumb/v8-m.main+fp/hard/crtn.o
                0x00000000080033f8                . = ALIGN (0x4)
                0x00000000080033f8                _etext = .

.vfp11_veneer   0x00000000080033f8        0x0
 .vfp11_veneer  0x00000000080033f8        0x0 linker stubs

.v4_bx          0x00000000080033f8        0x0
 .v4_bx         0x00000000080033f8        0x0 linker stubs

.iplt           0x00000000080033f8        0x0
 .iplt          0x00000000080033f8        0x0 C:/ST/STM32CubeIDE_1.13.0/STM32CubeIDE/plugins/com.st.stm32cube.ide.mcu.externaltools.gnu-tools-for-stm32.11.3.rel1.win32_1.1.100.202309141235/tools/bin/../lib/gcc/arm-none-eabi/11.3.1/thumb/v8-m.main+fp/hard/crtbegin.o

.rodata         0x00000000080033f8       0xfc
                0x00000000080033f8                . = ALIGN (0x4)
 *(.rodata)
 .rodata        0x00000000080033f8       0x6a ./Bsp/src/DDR5_Board.o
 *fill*         0x0000000008003462        0x2 
 .rodata        0x0000000008003464       0x16 ./Src/main.o
 *(.rodata*)
 *fill*         0x000000000800347a        0x2 
 .rodata.USART_PRESCALER_TAB
                0x000000000800347c       0x40 ./Bsp/src/DDR5_Board.o
 .rodata.row_base.0
                0x00000000080034bc        0x4 ./Bsp/src/nhd0420_i2c.o
 .rodata._svfprintf_r.str1.1
                0x00000000080034c0       0x11 C:/ST/STM32CubeIDE_1.13.0/STM32CubeIDE/plugins/com.st.stm32cube.ide.mcu.externaltools.gnu-tools-for-stm32.11.3.rel1.win32_1.1.100.202309141235/tools/bin/../lib/gcc/arm-none-eabi/11.3.1/../../../../arm-none-eabi/lib/thumb/v8-m.main+fp/hard\libc_nano.a(libc_a-nano-svfprintf.o)
 .rodata._printf_i.str1.1
                0x00000000080034d1       0x22 C:/ST/STM32CubeIDE_1.13.0/STM32CubeIDE/plugins/com.st.stm32cube.ide.mcu.externaltools.gnu-tools-for-stm32.11.3.rel1.win32_1.1.100.202309141235/tools/bin/../lib/gcc/arm-none-eabi/11.3.1/../../../../arm-none-eabi/lib/thumb/v8-m.main+fp/hard\libc_nano.a(libc_a-nano-vfprintf_i.o)
                0x00000000080034f4                . = ALIGN (0x4)
 *fill*         0x00000000080034f3        0x1 

.rel.dyn        0x00000000080034f4        0x0
 .rel.iplt      0x00000000080034f4        0x0 C:/ST/STM32CubeIDE_1.13.0/STM32CubeIDE/plugins/com.st.stm32cube.ide.mcu.externaltools.gnu-tools-for-stm32.11.3.rel1.win32_1.1.100.202309141235/tools/bin/../lib/gcc/arm-none-eabi/11.3.1/thumb/v8-m.main+fp/hard/crtbegin.o

.ARM.extab      0x00000000080034f4        0x0
                0x00000000080034f4                . = ALIGN (0x4)
 *(.ARM.extab* .gnu.linkonce.armextab.*)
                0x00000000080034f4                . = ALIGN (0x4)

.ARM            0x00000000080034f4        0x0
                0x00000000080034f4                . = ALIGN (0x4)
                0x00000000080034f4                __exidx_start = .
 *(.ARM.exidx*)
                0x00000000080034f4                __exidx_end = .
                0x00000000080034f4                . = ALIGN (0x4)

.preinit_array  0x00000000080034f4        0x0
                0x00000000080034f4                . = ALIGN (0x4)
                0x00000000080034f4                PROVIDE (__preinit_array_start = .)
 *(.preinit_array*)
                0x00000000080034f4                PROVIDE (__preinit_array_end = .)
                0x00000000080034f4                . = ALIGN (0x4)

.init_array     0x00000000080034f4        0x4
                0x00000000080034f4                . = ALIGN (0x4)
                0x00000000080034f4                PROVIDE (__init_array_start = .)
 *(SORT_BY_NAME(.init_array.*))
 *(.init_array*)
 .init_array    0x00000000080034f4        0x4 C:/ST/STM32CubeIDE_1.13.0/STM32CubeIDE/plugins/com.st.stm32cube.ide.mcu.externaltools.gnu-tools-for-stm32.11.3.rel1.win32_1.1.100.202309141235/tools/bin/../lib/gcc/arm-none-eabi/11.3.1/thumb/v8-m.main+fp/hard/crtbegin.o
                0x00000000080034f8                PROVIDE (__init_array_end = .)
                0x00000000080034f8                . = ALIGN (0x4)

.fini_array     0x00000000080034f8        0x4
                0x00000000080034f8                . = ALIGN (0x4)
                [!provide]                        PROVIDE (__fini_array_start = .)
 *(SORT_BY_NAME(.fini_array.*))
 *(.fini_array*)
 .fini_array    0x00000000080034f8        0x4 C:/ST/STM32CubeIDE_1.13.0/STM32CubeIDE/plugins/com.st.stm32cube.ide.mcu.externaltools.gnu-tools-for-stm32.11.3.rel1.win32_1.1.100.202309141235/tools/bin/../lib/gcc/arm-none-eabi/11.3.1/thumb/v8-m.main+fp/hard/crtbegin.o
                [!provide]                        PROVIDE (__fini_array_end = .)
                0x00000000080034fc                . = ALIGN (0x4)
                0x00000000080034fc                _sidata = LOADADDR (.data)

.data           0x0000000020000000       0x54 load address 0x00000000080034fc
                0x0000000020000000                . = ALIGN (0x4)
                0x0000000020000000                _sdata = .
 *(.data)
 *(.data*)
 .data.SystemCoreClock
                0x0000000020000000        0x4 ./Src/system_stm32h5xx.o
                0x0000000020000000                SystemCoreClock
 .data._impure_data
                0x0000000020000004       0x4c C:/ST/STM32CubeIDE_1.13.0/STM32CubeIDE/plugins/com.st.stm32cube.ide.mcu.externaltools.gnu-tools-for-stm32.11.3.rel1.win32_1.1.100.202309141235/tools/bin/../lib/gcc/arm-none-eabi/11.3.1/../../../../arm-none-eabi/lib/thumb/v8-m.main+fp/hard\libc_nano.a(libc_a-impure.o)
                0x0000000020000004                _impure_data
 .data._impure_ptr
                0x0000000020000050        0x4 C:/ST/STM32CubeIDE_1.13.0/STM32CubeIDE/plugins/com.st.stm32cube.ide.mcu.externaltools.gnu-tools-for-stm32.11.3.rel1.win32_1.1.100.202309141235/tools/bin/../lib/gcc/arm-none-eabi/11.3.1/../../../../arm-none-eabi/lib/thumb/v8-m.main+fp/hard\libc_nano.a(libc_a-impure.o)
                0x0000000020000050                _impure_ptr
 *(.RamFunc)
 *(.RamFunc*)
                0x0000000020000054                . = ALIGN (0x4)
                0x0000000020000054                _edata = .

.igot.plt       0x0000000020000054        0x0 load address 0x0000000008003550
 .igot.plt      0x0000000020000054        0x0 C:/ST/STM32CubeIDE_1.13.0/STM32CubeIDE/plugins/com.st.stm32cube.ide.mcu.externaltools.gnu-tools-for-stm32.11.3.rel1.win32_1.1.100.202309141235/tools/bin/../lib/gcc/arm-none-eabi/11.3.1/thumb/v8-m.main+fp/hard/crtbegin.o
                0x0000000020000054                . = ALIGN (0x4)

.bss            0x0000000020000054      0x178 load address 0x0000000008003550
                0x0000000020000054                _sbss = .
                0x0000000020000054                __bss_start__ = _sbss
 *(.bss)
 .bss           0x0000000020000054       0x1c C:/ST/STM32CubeIDE_1.13.0/STM32CubeIDE/plugins/com.st.stm32cube.ide.mcu.externaltools.gnu-tools-for-stm32.11.3.rel1.win32_1.1.100.202309141235/tools/bin/../lib/gcc/arm-none-eabi/11.3.1/thumb/v8-m.main+fp/hard/crtbegin.o
 *(.bss*)
 .bss.g_ms_ticks
                0x0000000020000070        0x4 ./Src/main.o
                0x0000000020000070                g_ms_ticks
 .bss.g_lcd     0x0000000020000074        0xc ./Src/main.o
 .bss.__sbrk_heap_end
                0x0000000020000080        0x4 ./Src/sysmem.o
 .bss.__sf      0x0000000020000084      0x138 C:/ST/STM32CubeIDE_1.13.0/STM32CubeIDE/plugins/com.st.stm32cube.ide.mcu.externaltools.gnu-tools-for-stm32.11.3.rel1.win32_1.1.100.202309141235/tools/bin/../lib/gcc/arm-none-eabi/11.3.1/../../../../arm-none-eabi/lib/thumb/v8-m.main+fp/hard\libc_nano.a(libc_a-findfp.o)
                0x0000000020000084                __sf
 .bss.errno     0x00000000200001bc        0x4 C:/ST/STM32CubeIDE_1.13.0/STM32CubeIDE/plugins/com.st.stm32cube.ide.mcu.externaltools.gnu-tools-for-stm32.11.3.rel1.win32_1.1.100.202309141235/tools/bin/../lib/gcc/arm-none-eabi/11.3.1/../../../../arm-none-eabi/lib/thumb/v8-m.main+fp/hard\libc_nano.a(libc_a-reent.o)
                0x00000000200001bc                errno
 .bss.__lock___malloc_recursive_mutex
                0x00000000200001c0        0x1 C:/ST/STM32CubeIDE_1.13.0/STM32CubeIDE/plugins/com.st.stm32cube.ide.mcu.externaltools.gnu-tools-for-stm32.11.3.rel1.win32_1.1.100.202309141235/tools/bin/../lib/gcc/arm-none-eabi/11.3.1/../../../../arm-none-eabi/lib/thumb/v8-m.main+fp/hard\libc_nano.a(libc_a-lock.o)
                0x00000000200001c0                __lock___malloc_recursive_mutex
 *fill*         0x00000000200001c1        0x3 
 .bss.__malloc_free_list
                0x00000000200001c4        0x4 C:/ST/STM32CubeIDE_1.13.0/STM32CubeIDE/plugins/com.st.stm32cube.ide.mcu.externaltools.gnu-tools-for-stm32.11.3.rel1.win32_1.1.100.202309141235/tools/bin/../lib/gcc/arm-none-eabi/11.3.1/../../../../arm-none-eabi/lib/thumb/v8-m.main+fp/hard\libc_nano.a(libc_a-mallocr.o)
                0x00000000200001c4                __malloc_free_list
 .bss.__malloc_sbrk_start
                0x00000000200001c8        0x4 C:/ST/STM32CubeIDE_1.13.0/STM32CubeIDE/plugins/com.st.stm32cube.ide.mcu.externaltools.gnu-tools-for-stm32.11.3.rel1.win32_1.1.100.202309141235/tools/bin/../lib/gcc/arm-none-eabi/11.3.1/../../../../arm-none-eabi/lib/thumb/v8-m.main+fp/hard\libc_nano.a(libc_a-mallocr.o)
                0x00000000200001c8                __malloc_sbrk_start
 *(COMMON)
                0x00000000200001cc                . = ALIGN (0x4)
                0x00000000200001cc                _ebss = .
                0x00000000200001cc                __bss_end__ = _ebss

._user_heap_stack
                0x00000000200001cc      0x604 load address 0x0000000008003550
                0x00000000200001d0                . = ALIGN (0x8)
 *fill*         0x00000000200001cc        0x4 
                [!provide]                        PROVIDE (end = .)
                0x00000000200001d0                PROVIDE (_end = .)
                0x00000000200003d0                . = (. + _Min_Heap_Size)
 *fill*         0x00000000200001d0      0x200 
                0x00000000200007d0                . = (. + _Min_Stack_Size)
 *fill*         0x00000000200003d0      0x400 
                0x00000000200007d0                . = ALIGN (0x8)

/DISCARD/
 libc.a(*)
 libm.a(*)
 libgcc.a(*)

.ARM.attributes
                0x0000000000000000       0x36
 *(.ARM.attributes)
 .ARM.attributes
                0x0000000000000000       0x22 C:/ST/STM32CubeIDE_1.13.0/STM32CubeIDE/plugins/com.st.stm32cube.ide.mcu.externaltools.gnu-tools-for-stm32.11.3.rel1.win32_1.1.100.202309141235/tools/bin/../lib/gcc/arm-none-eabi/11.3.1/thumb/v8-m.main+fp/hard/crti.o
 .ARM.attributes
                0x0000000000000022       0x38 C:/ST/STM32CubeIDE_1.13.0/STM32CubeIDE/plugins/com.st.stm32cube.ide.mcu.externaltools.gnu-tools-for-stm32.11.3.rel1.win32_1.1.100.202309141235/tools/bin/../lib/gcc/arm-none-eabi/11.3.1/thumb/v8-m.main+fp/hard/crtbegin.o
 .ARM.attributes
                0x000000000000005a       0x3a ./Bsp/src/DDR5_Board.o
 .ARM.attributes
                0x0000000000000094       0x3a ./Bsp/src/DDR5_Board_Clock.o
 .ARM.attributes
                0x00000000000000ce       0x3a ./Bsp/src/DDR5_Board_IRQ.o
 .ARM.attributes
                0x0000000000000108       0x3a ./Bsp/src/nhd0420_i2c.o
 .ARM.attributes
                0x0000000000000142       0x3a ./Src/main.o
 .ARM.attributes
                0x000000000000017c       0x3a ./Src/sysmem.o
 .ARM.attributes
                0x00000000000001b6       0x3a ./Src/system_stm32h5xx.o
 .ARM.attributes
                0x00000000000001f0       0x24 ./Startup/startup_stm32h563zitx.o
 .ARM.attributes
                0x0000000000000214       0x38 C:/ST/STM32CubeIDE_1.13.0/STM32CubeIDE/plugins/com.st.stm32cube.ide.mcu.externaltools.gnu-tools-for-stm32.11.3.rel1.win32_1.1.100.202309141235/tools/bin/../lib/gcc/arm-none-eabi/11.3.1/../../../../arm-none-eabi/lib/thumb/v8-m.main+fp/hard\libc_nano.a(libc_a-findfp.o)
 .ARM.attributes
                0x000000000000024c       0x38 C:/ST/STM32CubeIDE_1.13.0/STM32CubeIDE/plugins/com.st.stm32cube.ide.mcu.externaltools.gnu-tools-for-stm32.11.3.rel1.win32_1.1.100.202309141235/tools/bin/../lib/gcc/arm-none-eabi/11.3.1/../../../../arm-none-eabi/lib/thumb/v8-m.main+fp/hard\libc_nano.a(libc_a-snprintf.o)
 .ARM.attributes
                0x0000000000000284       0x38 C:/ST/STM32CubeIDE_1.13.0/STM32CubeIDE/plugins/com.st.stm32cube.ide.mcu.externaltools.gnu-tools-for-stm32.11.3.rel1.win32_1.1.100.202309141235/tools/bin/../lib/gcc/arm-none-eabi/11.3.1/../../../../arm-none-eabi/lib/thumb/v8-m.main+fp/hard\libc_nano.a(libc_a-reent.o)
 .ARM.attributes
                0x00000000000002bc       0x38 C:/ST/STM32CubeIDE_1.13.0/STM32CubeIDE/plugins/com.st.stm32cube.ide.mcu.externaltools.gnu-tools-for-stm32.11.3.rel1.win32_1.1.100.202309141235/tools/bin/../lib/gcc/arm-none-eabi/11.3.1/../../../../arm-none-eabi/lib/thumb/v8-m.main+fp/hard\libc_nano.a(libc_a-impure.o)
 .ARM.attributes
                0x00000000000002f4       0x38 C:/ST/STM32CubeIDE_1.13.0/STM32CubeIDE/plugins/com.st.stm32cube.ide.mcu.externaltools.gnu-tools-for-stm32.11.3.rel1.win32_1.1.100.202309141235/tools/bin/../lib/gcc/arm-none-eabi/11.3.1/../../../../arm-none-eabi/lib/thumb/v8-m.main+fp/hard\libc_nano.a(libc_a-errno.o)
 .ARM.attributes
                0x000000000000032c       0x38 C:/ST/STM32CubeIDE_1.13.0/STM32CubeIDE/plugins/com.st.stm32cube.ide.mcu.externaltools.gnu-tools-for-stm32.11.3.rel1.win32_1.1.100.202309141235/tools/bin/../lib/gcc/arm-none-eabi/11.3.1/../../../../arm-none-eabi/lib/thumb/v8-m.main+fp/hard\libc_nano.a(libc_a-init.o)
 .ARM.attributes
                0x0000000000000364       0x38 C:/ST/STM32CubeIDE_1.13.0/STM32CubeIDE/plugins/com.st.stm32cube.ide.mcu.externaltools.gnu-tools-for-stm32.11.3.rel1.win32_1.1.100.202309141235/tools/bin/../lib/gcc/arm-none-eabi/11.3.1/../../../../arm-none-eabi/lib/thumb/v8-m.main+fp/hard\libc_nano.a(libc_a-lock.o)
 .ARM.attributes
                0x000000000000039c       0x38 C:/ST/STM32CubeIDE_1.13.0/STM32CubeIDE/plugins/com.st.stm32cube.ide.mcu.externaltools.gnu-tools-for-stm32.11.3.rel1.win32_1.1.100.202309141235/tools/bin/../lib/gcc/arm-none-eabi/11.3.1/../../../../arm-none-eabi/lib/thumb/v8-m.main+fp/hard\libc_nano.a(libc_a-freer.o)
 .ARM.attributes
                0x00000000000003d4       0x38 C:/ST/STM32CubeIDE_1.13.0/STM32CubeIDE/plugins/com.st.stm32cube.ide.mcu.externaltools.gnu-tools-for-stm32.11.3.rel1.win32_1.1.100.202309141235/tools/bin/../lib/gcc/arm-none-eabi/11.3.1/../../../../arm-none-eabi/lib/thumb/v8-m.main+fp/hard\libc_nano.a(libc_a-mallocr.o)
 .ARM.attributes
                0x000000000000040c       0x38 C:/ST/STM32CubeIDE_1.13.0/STM32CubeIDE/plugins/com.st.stm32cube.ide.mcu.externaltools.gnu-tools-for-stm32.11.3.rel1.win32_1.1.100.202309141235/tools/bin/../lib/gcc/arm-none-eabi/11.3.1/../../../../arm-none-eabi/lib/thumb/v8-m.main+fp/hard\libc_nano.a(libc_a-mlock.o)
 .ARM.attributes
                0x0000000000000444       0x38 C:/ST/STM32CubeIDE_1.13.0/STM32CubeIDE/plugins/com.st.stm32cube.ide.mcu.externaltools.gnu-tools-for-stm32.11.3.rel1.win32_1.1.100.202309141235/tools/bin/../lib/gcc/arm-none-eabi/11.3.1/../../../../arm-none-eabi/lib/thumb/v8-m.main+fp/hard\libc_nano.a(libc_a-nano-svfprintf.o)
 .ARM.attributes
                0x000000000000047c       0x38 C:/ST/STM32CubeIDE_1.13.0/STM32CubeIDE/plugins/com.st.stm32cube.ide.mcu.externaltools.gnu-tools-for-stm32.11.3.rel1.win32_1.1.100.202309141235/tools/bin/../lib/gcc/arm-none-eabi/11.3.1/../../../../arm-none-eabi/lib/thumb/v8-m.main+fp/hard\libc_nano.a(libc_a-nano-vfprintf_i.o)
 .ARM.attributes
                0x00000000000004b4       0x38 C:/ST/STM32CubeIDE_1.13.0/STM32CubeIDE/plugins/com.st.stm32cube.ide.mcu.externaltools.gnu-tools-for-stm32.11.3.rel1.win32_1.1.100.202309141235/tools/bin/../lib/gcc/arm-none-eabi/11.3.1/../../../../arm-none-eabi/lib/thumb/v8-m.main+fp/hard\libc_nano.a(libc_a-memmove.o)
 .ARM.attributes
                0x00000000000004ec       0x38 C:/ST/STM32CubeIDE_1.13.0/STM32CubeIDE/plugins/com.st.stm32cube.ide.mcu.externaltools.gnu-tools-for-stm32.11.3.rel1.win32_1.1.100.202309141235/tools/bin/../lib/gcc/arm-none-eabi/11.3.1/../../../../arm-none-eabi/lib/thumb/v8-m.main+fp/hard\libc_nano.a(libc_a-sbrkr.o)
 .ARM.attributes
                0x0000000000000524       0x38 C:/ST/STM32CubeIDE_1.13.0/STM32CubeIDE/plugins/com.st.stm32cube.ide.mcu.externaltools.gnu-tools-for-stm32.11.3.rel1.win32_1.1.100.202309141235/tools/bin/../lib/gcc/arm-none-eabi/11.3.1/../../../../arm-none-eabi/lib/thumb/v8-m.main+fp/hard\libc_nano.a(libc_a-memchr-stub.o)
 .ARM.attributes
                0x000000000000055c       0x38 C:/ST/STM32CubeIDE_1.13.0/STM32CubeIDE/plugins/com.st.stm32cube.ide.mcu.externaltools.gnu-tools-for-stm32.11.3.rel1.win32_1.1.100.202309141235/tools/bin/../lib/gcc/arm-none-eabi/11.3.1/../../../../arm-none-eabi/lib/thumb/v8-m.main+fp/hard\libc_nano.a(libc_a-memcpy-stub.o)
 .ARM.attributes
                0x0000000000000594       0x38 C:/ST/STM32CubeIDE_1.13.0/STM32CubeIDE/plugins/com.st.stm32cube.ide.mcu.externaltools.gnu-tools-for-stm32.11.3.rel1.win32_1.1.100.202309141235/tools/bin/../lib/gcc/arm-none-eabi/11.3.1/../../../../arm-none-eabi/lib/thumb/v8-m.main+fp/hard\libc_nano.a(libc_a-reallocr.o)
 .ARM.attributes
                0x00000000000005cc       0x38 C:/ST/STM32CubeIDE_1.13.0/STM32CubeIDE/plugins/com.st.stm32cube.ide.mcu.externaltools.gnu-tools-for-stm32.11.3.rel1.win32_1.1.100.202309141235/tools/bin/../lib/gcc/arm-none-eabi/11.3.1/../../../../arm-none-eabi/lib/thumb/v8-m.main+fp/hard\libc_nano.a(libc_a-msizer.o)
 .ARM.attributes
                0x0000000000000604       0x22 C:/ST/STM32CubeIDE_1.13.0/STM32CubeIDE/plugins/com.st.stm32cube.ide.mcu.externaltools.gnu-tools-for-stm32.11.3.rel1.win32_1.1.100.202309141235/tools/bin/../lib/gcc/arm-none-eabi/11.3.1/thumb/v8-m.main+fp/hard/crtn.o
OUTPUT(1_GPIO.elf elf32-littlearm)
LOAD linker stubs
LOAD C:/ST/STM32CubeIDE_1.13.0/STM32CubeIDE/plugins/com.st.stm32cube.ide.mcu.externaltools.gnu-tools-for-stm32.11.3.rel1.win32_1.1.100.202309141235/tools/bin/../lib/gcc/arm-none-eabi/11.3.1/../../../../arm-none-eabi/lib/thumb/v8-m.main+fp/hard\libc.a
LOAD C:/ST/STM32CubeIDE_1.13.0/STM32CubeIDE/plugins/com.st.stm32cube.ide.mcu.externaltools.gnu-tools-for-stm32.11.3.rel1.win32_1.1.100.202309141235/tools/bin/../lib/gcc/arm-none-eabi/11.3.1/../../../../arm-none-eabi/lib/thumb/v8-m.main+fp/hard\libm.a
LOAD C:/ST/STM32CubeIDE_1.13.0/STM32CubeIDE/plugins/com.st.stm32cube.ide.mcu.externaltools.gnu-tools-for-stm32.11.3.rel1.win32_1.1.100.202309141235/tools/bin/../lib/gcc/arm-none-eabi/11.3.1/thumb/v8-m.main+fp/hard\libgcc.a

.comment        0x0000000000000000       0x43
 .comment       0x0000000000000000       0x43 C:/ST/STM32CubeIDE_1.13.0/STM32CubeIDE/plugins/com.st.stm32cube.ide.mcu.externaltools.gnu-tools-for-stm32.11.3.rel1.win32_1.1.100.202309141235/tools/bin/../lib/gcc/arm-none-eabi/11.3.1/thumb/v8-m.main+fp/hard/crtbegin.o
                                         0x44 (size before relaxing)
 .comment       0x0000000000000043       0x44 ./Bsp/src/DDR5_Board.o
 .comment       0x0000000000000043       0x44 ./Bsp/src/DDR5_Board_Clock.o
 .comment       0x0000000000000043       0x44 ./Bsp/src/DDR5_Board_IRQ.o
 .comment       0x0000000000000043       0x44 ./Bsp/src/nhd0420_i2c.o
 .comment       0x0000000000000043       0x44 ./Src/main.o
 .comment       0x0000000000000043       0x44 ./Src/sysmem.o
 .comment       0x0000000000000043       0x44 ./Src/system_stm32h5xx.o

.debug_info     0x0000000000000000     0x6bbb
 .debug_info    0x0000000000000000     0x21a6 ./Bsp/src/DDR5_Board.o
 .debug_info    0x00000000000021a6     0x1f3c ./Bsp/src/DDR5_Board_Clock.o
 .debug_info    0x00000000000040e2      0xcb0 ./Bsp/src/DDR5_Board_IRQ.o
 .debug_info    0x0000000000004d92      0xb55 ./Bsp/src/nhd0420_i2c.o
 .debug_info    0x00000000000058e7      0x3bb ./Src/main.o
 .debug_info    0x0000000000005ca2      0x168 ./Src/sysmem.o
 .debug_info    0x0000000000005e0a      0xd8e ./Src/system_stm32h5xx.o
 .debug_info    0x0000000000006b98       0x23 ./Startup/startup_stm32h563zitx.o

.debug_abbrev   0x0000000000000000      0xd74
 .debug_abbrev  0x0000000000000000      0x378 ./Bsp/src/DDR5_Board.o
 .debug_abbrev  0x0000000000000378      0x230 ./Bsp/src/DDR5_Board_Clock.o
 .debug_abbrev  0x00000000000005a8      0x1d1 ./Bsp/src/DDR5_Board_IRQ.o
 .debug_abbrev  0x0000000000000779      0x237 ./Bsp/src/nhd0420_i2c.o
 .debug_abbrev  0x00000000000009b0      0x1bc ./Src/main.o
 .debug_abbrev  0x0000000000000b6c       0xbc ./Src/sysmem.o
 .debug_abbrev  0x0000000000000c28      0x13a ./Src/system_stm32h5xx.o
 .debug_abbrev  0x0000000000000d62       0x12 ./Startup/startup_stm32h563zitx.o

.debug_aranges  0x0000000000000000      0x720
 .debug_aranges
                0x0000000000000000      0x298 ./Bsp/src/DDR5_Board.o
 .debug_aranges
                0x0000000000000298      0x200 ./Bsp/src/DDR5_Board_Clock.o
 .debug_aranges
                0x0000000000000498       0xa8 ./Bsp/src/DDR5_Board_IRQ.o
 .debug_aranges
                0x0000000000000540      0x140 ./Bsp/src/nhd0420_i2c.o
 .debug_aranges
                0x0000000000000680       0x30 ./Src/main.o
 .debug_aranges
                0x00000000000006b0       0x20 ./Src/sysmem.o
 .debug_aranges
                0x00000000000006d0       0x28 ./Src/system_stm32h5xx.o
 .debug_aranges
                0x00000000000006f8       0x28 ./Startup/startup_stm32h563zitx.o

.debug_rnglists
                0x0000000000000000      0x545
 .debug_rnglists
                0x0000000000000000      0x1fc ./Bsp/src/DDR5_Board.o
 .debug_rnglists
                0x00000000000001fc      0x17c ./Bsp/src/DDR5_Board_Clock.o
 .debug_rnglists
                0x0000000000000378       0x7a ./Bsp/src/DDR5_Board_IRQ.o
 .debug_rnglists
                0x00000000000003f2       0xec ./Bsp/src/nhd0420_i2c.o
 .debug_rnglists
                0x00000000000004de       0x20 ./Src/main.o
 .debug_rnglists
                0x00000000000004fe       0x13 ./Src/sysmem.o
 .debug_rnglists
                0x0000000000000511       0x1b ./Src/system_stm32h5xx.o
 .debug_rnglists
                0x000000000000052c       0x19 ./Startup/startup_stm32h563zitx.o

.debug_macro    0x0000000000000000    0x27d08
 .debug_macro   0x0000000000000000      0x214 ./Bsp/src/DDR5_Board.o
 .debug_macro   0x0000000000000214      0xaae ./Bsp/src/DDR5_Board.o
 .debug_macro   0x0000000000000cc2       0x22 ./Bsp/src/DDR5_Board.o
 .debug_macro   0x0000000000000ce4       0x5b ./Bsp/src/DDR5_Board.o
 .debug_macro   0x0000000000000d3f       0x2a ./Bsp/src/DDR5_Board.o
 .debug_macro   0x0000000000000d69       0x94 ./Bsp/src/DDR5_Board.o
 .debug_macro   0x0000000000000dfd       0x43 ./Bsp/src/DDR5_Board.o
 .debug_macro   0x0000000000000e40       0x34 ./Bsp/src/DDR5_Board.o
 .debug_macro   0x0000000000000e74      0x174 ./Bsp/src/DDR5_Board.o
 .debug_macro   0x0000000000000fe8       0x16 ./Bsp/src/DDR5_Board.o
 .debug_macro   0x0000000000000ffe       0x43 ./Bsp/src/DDR5_Board.o
 .debug_macro   0x0000000000001041       0x57 ./Bsp/src/DDR5_Board.o
 .debug_macro   0x0000000000001098       0x34 ./Bsp/src/DDR5_Board.o
 .debug_macro   0x00000000000010cc       0x10 ./Bsp/src/DDR5_Board.o
 .debug_macro   0x00000000000010dc       0x58 ./Bsp/src/DDR5_Board.o
 .debug_macro   0x0000000000001134       0x8e ./Bsp/src/DDR5_Board.o
 .debug_macro   0x00000000000011c2       0x1c ./Bsp/src/DDR5_Board.o
 .debug_macro   0x00000000000011de      0x177 ./Bsp/src/DDR5_Board.o
 .debug_macro   0x0000000000001355      0x369 ./Bsp/src/DDR5_Board.o
 .debug_macro   0x00000000000016be      0x19b ./Bsp/src/DDR5_Board.o
 .debug_macro   0x0000000000001859       0x28 ./Bsp/src/DDR5_Board.o
 .debug_macro   0x0000000000001881       0x49 ./Bsp/src/DDR5_Board.o
 .debug_macro   0x00000000000018ca      0x103 ./Bsp/src/DDR5_Board.o
 .debug_macro   0x00000000000019cd       0x6a ./Bsp/src/DDR5_Board.o
 .debug_macro   0x0000000000001a37      0x1df ./Bsp/src/DDR5_Board.o
 .debug_macro   0x0000000000001c16       0x1c ./Bsp/src/DDR5_Board.o
 .debug_macro   0x0000000000001c32       0x29 ./Bsp/src/DDR5_Board.o
 .debug_macro   0x0000000000001c5b       0xfb ./Bsp/src/DDR5_Board.o
 .debug_macro   0x0000000000001d56     0x1685 ./Bsp/src/DDR5_Board.o
 .debug_macro   0x00000000000033db       0x5e ./Bsp/src/DDR5_Board.o
 .debug_macro   0x0000000000003439    0x2108f ./Bsp/src/DDR5_Board.o
 .debug_macro   0x00000000000244c8       0x6d ./Bsp/src/DDR5_Board.o
 .debug_macro   0x0000000000024535      0x2d3 ./Bsp/src/DDR5_Board.o
 .debug_macro   0x0000000000024808      0x167 ./Bsp/src/DDR5_Board.o
 .debug_macro   0x000000000002496f      0x29d ./Bsp/src/DDR5_Board.o
 .debug_macro   0x0000000000024c0c      0x279 ./Bsp/src/DDR5_Board.o
 .debug_macro   0x0000000000024e85       0x82 ./Bsp/src/DDR5_Board.o
 .debug_macro   0x0000000000024f07      0x39f ./Bsp/src/DDR5_Board.o
 .debug_macro   0x00000000000252a6      0x24d ./Bsp/src/DDR5_Board.o
 .debug_macro   0x00000000000254f3      0x40f ./Bsp/src/DDR5_Board.o
 .debug_macro   0x0000000000025902      0x22a ./Bsp/src/DDR5_Board_Clock.o
 .debug_macro   0x0000000000025b2c      0xdf3 ./Bsp/src/DDR5_Board_Clock.o
 .debug_macro   0x000000000002691f       0xe6 ./Bsp/src/DDR5_Board_Clock.o
 .debug_macro   0x0000000000026a05      0x296 ./Bsp/src/DDR5_Board_Clock.o
 .debug_macro   0x0000000000026c9b      0x1cc ./Bsp/src/DDR5_Board_IRQ.o
 .debug_macro   0x0000000000026e67      0x165 ./Bsp/src/DDR5_Board_IRQ.o
 .debug_macro   0x0000000000026fcc      0x1b7 ./Bsp/src/nhd0420_i2c.o
 .debug_macro   0x0000000000027183      0x20a ./Src/main.o
 .debug_macro   0x000000000002738d      0x2cd ./Src/main.o
 .debug_macro   0x000000000002765a       0x1c ./Src/main.o
 .debug_macro   0x0000000000027676       0x35 ./Src/main.o
 .debug_macro   0x00000000000276ab       0x10 ./Src/main.o
 .debug_macro   0x00000000000276bb       0x1c ./Src/main.o
 .debug_macro   0x00000000000276d7       0x16 ./Src/main.o
 .debug_macro   0x00000000000276ed      0x147 ./Src/main.o
 .debug_macro   0x0000000000027834       0xff ./Src/sysmem.o
 .debug_macro   0x0000000000027933      0x23c ./Src/sysmem.o
 .debug_macro   0x0000000000027b6f      0x199 ./Src/system_stm32h5xx.o

.debug_line     0x0000000000000000     0x5c4c
 .debug_line    0x0000000000000000     0x1877 ./Bsp/src/DDR5_Board.o
 .debug_line    0x0000000000001877     0x160a ./Bsp/src/DDR5_Board_Clock.o
 .debug_line    0x0000000000002e81      0xa32 ./Bsp/src/DDR5_Board_IRQ.o
 .debug_line    0x00000000000038b3      0xd98 ./Bsp/src/nhd0420_i2c.o
 .debug_line    0x000000000000464b      0x805 ./Src/main.o
 .debug_line    0x0000000000004e50      0x57e ./Src/sysmem.o
 .debug_line    0x00000000000053ce      0x803 ./Src/system_stm32h5xx.o
 .debug_line    0x0000000000005bd1       0x7b ./Startup/startup_stm32h563zitx.o

.debug_str      0x0000000000000000    0xeaf7a
 .debug_str     0x0000000000000000    0xdc74f ./Bsp/src/DDR5_Board.o
                                      0xdca87 (size before relaxing)
 .debug_str     0x00000000000dc74f     0xcfed ./Bsp/src/DDR5_Board_Clock.o
                                      0xe6614 (size before relaxing)
 .debug_str     0x00000000000e973c      0x89d ./Bsp/src/DDR5_Board_IRQ.o
                                      0xda576 (size before relaxing)
 .debug_str     0x00000000000e9fd9      0x30e ./Bsp/src/nhd0420_i2c.o
                                      0xd58c8 (size before relaxing)
 .debug_str     0x00000000000ea2e7      0x696 ./Src/main.o
                                      0xda04c (size before relaxing)
 .debug_str     0x00000000000ea97d      0x4d7 ./Src/sysmem.o
                                       0x6073 (size before relaxing)
 .debug_str     0x00000000000eae54       0xf7 ./Src/system_stm32h5xx.o
                                      0xd4869 (size before relaxing)
 .debug_str     0x00000000000eaf4b       0x2f ./Startup/startup_stm32h563zitx.o
                                         0x5f (size before relaxing)

.debug_frame    0x0000000000000000     0x2344
 .debug_frame   0x0000000000000000      0xc20 ./Bsp/src/DDR5_Board.o
 .debug_frame   0x0000000000000c20      0x888 ./Bsp/src/DDR5_Board_Clock.o
 .debug_frame   0x00000000000014a8      0x278 ./Bsp/src/DDR5_Board_IRQ.o
 .debug_frame   0x0000000000001720      0x580 ./Bsp/src/nhd0420_i2c.o
 .debug_frame   0x0000000000001ca0       0x74 ./Src/main.o
 .debug_frame   0x0000000000001d14       0x34 ./Src/sysmem.o
 .debug_frame   0x0000000000001d48       0x60 ./Src/system_stm32h5xx.o
 .debug_frame   0x0000000000001da8      0x144 C:/ST/STM32CubeIDE_1.13.0/STM32CubeIDE/plugins/com.st.stm32cube.ide.mcu.externaltools.gnu-tools-for-stm32.11.3.rel1.win32_1.1.100.202309141235/tools/bin/../lib/gcc/arm-none-eabi/11.3.1/../../../../arm-none-eabi/lib/thumb/v8-m.main+fp/hard\libc_nano.a(libc_a-findfp.o)
 .debug_frame   0x0000000000001eec       0x7c C:/ST/STM32CubeIDE_1.13.0/STM32CubeIDE/plugins/com.st.stm32cube.ide.mcu.externaltools.gnu-tools-for-stm32.11.3.rel1.win32_1.1.100.202309141235/tools/bin/../lib/gcc/arm-none-eabi/11.3.1/../../../../arm-none-eabi/lib/thumb/v8-m.main+fp/hard\libc_nano.a(libc_a-snprintf.o)
 .debug_frame   0x0000000000001f68       0x38 C:/ST/STM32CubeIDE_1.13.0/STM32CubeIDE/plugins/com.st.stm32cube.ide.mcu.externaltools.gnu-tools-for-stm32.11.3.rel1.win32_1.1.100.202309141235/tools/bin/../lib/gcc/arm-none-eabi/11.3.1/../../../../arm-none-eabi/lib/thumb/v8-m.main+fp/hard\libc_nano.a(libc_a-reent.o)
 .debug_frame   0x0000000000001fa0       0x20 C:/ST/STM32CubeIDE_1.13.0/STM32CubeIDE/plugins/com.st.stm32cube.ide.mcu.externaltools.gnu-tools-for-stm32.11.3.rel1.win32_1.1.100.202309141235/tools/bin/../lib/gcc/arm-none-eabi/11.3.1/../../../../arm-none-eabi/lib/thumb/v8-m.main+fp/hard\libc_nano.a(libc_a-errno.o)
 .debug_frame   0x0000000000001fc0       0x2c C:/ST/STM32CubeIDE_1.13.0/STM32CubeIDE/plugins/com.st.stm32cube.ide.mcu.externaltools.gnu-tools-for-stm32.11.3.rel1.win32_1.1.100.202309141235/tools/bin/../lib/gcc/arm-none-eabi/11.3.1/../../../../arm-none-eabi/lib/thumb/v8-m.main+fp/hard\libc_nano.a(libc_a-init.o)
 .debug_frame   0x0000000000001fec       0xb0 C:/ST/STM32CubeIDE_1.13.0/STM32CubeIDE/plugins/com.st.stm32cube.ide.mcu.externaltools.gnu-tools-for-stm32.11.3.rel1.win32_1.1.100.202309141235/tools/bin/../lib/gcc/arm-none-eabi/11.3.1/../../../../arm-none-eabi/lib/thumb/v8-m.main+fp/hard\libc_nano.a(libc_a-lock.o)
 .debug_frame   0x000000000000209c       0x38 C:/ST/STM32CubeIDE_1.13.0/STM32CubeIDE/plugins/com.st.stm32cube.ide.mcu.externaltools.gnu-tools-for-stm32.11.3.rel1.win32_1.1.100.202309141235/tools/bin/../lib/gcc/arm-none-eabi/11.3.1/../../../../arm-none-eabi/lib/thumb/v8-m.main+fp/hard\libc_nano.a(libc_a-freer.o)
 .debug_frame   0x00000000000020d4       0x50 C:/ST/STM32CubeIDE_1.13.0/STM32CubeIDE/plugins/com.st.stm32cube.ide.mcu.externaltools.gnu-tools-for-stm32.11.3.rel1.win32_1.1.100.202309141235/tools/bin/../lib/gcc/arm-none-eabi/11.3.1/../../../../arm-none-eabi/lib/thumb/v8-m.main+fp/hard\libc_nano.a(libc_a-mallocr.o)
 .debug_frame   0x0000000000002124       0x30 C:/ST/STM32CubeIDE_1.13.0/STM32CubeIDE/plugins/com.st.stm32cube.ide.mcu.externaltools.gnu-tools-for-stm32.11.3.rel1.win32_1.1.100.202309141235/tools/bin/../lib/gcc/arm-none-eabi/11.3.1/../../../../arm-none-eabi/lib/thumb/v8-m.main+fp/hard\libc_nano.a(libc_a-mlock.o)
 .debug_frame   0x0000000000002154       0x90 C:/ST/STM32CubeIDE_1.13.0/STM32CubeIDE/plugins/com.st.stm32cube.ide.mcu.externaltools.gnu-tools-for-stm32.11.3.rel1.win32_1.1.100.202309141235/tools/bin/../lib/gcc/arm-none-eabi/11.3.1/../../../../arm-none-eabi/lib/thumb/v8-m.main+fp/hard\libc_nano.a(libc_a-nano-svfprintf.o)
 .debug_frame   0x00000000000021e4       0x60 C:/ST/STM32CubeIDE_1.13.0/STM32CubeIDE/plugins/com.st.stm32cube.ide.mcu.externaltools.gnu-tools-for-stm32.11.3.rel1.win32_1.1.100.202309141235/tools/bin/../lib/gcc/arm-none-eabi/11.3.1/../../../../arm-none-eabi/lib/thumb/v8-m.main+fp/hard\libc_nano.a(libc_a-nano-vfprintf_i.o)
 .debug_frame   0x0000000000002244       0x28 C:/ST/STM32CubeIDE_1.13.0/STM32CubeIDE/plugins/com.st.stm32cube.ide.mcu.externaltools.gnu-tools-for-stm32.11.3.rel1.win32_1.1.100.202309141235/tools/bin/../lib/gcc/arm-none-eabi/11.3.1/../../../../arm-none-eabi/lib/thumb/v8-m.main+fp/hard\libc_nano.a(libc_a-memmove.o)
 .debug_frame   0x000000000000226c       0x2c C:/ST/STM32CubeIDE_1.13.0/STM32CubeIDE/plugins/com.st.stm32cube.ide.mcu.externaltools.gnu-tools-for-stm32.11.3.rel1.win32_1.1.100.202309141235/tools/bin/../lib/gcc/arm-none-eabi/11.3.1/../../../../arm-none-eabi/lib/thumb/v8-m.main+fp/hard\libc_nano.a(libc_a-sbrkr.o)
 .debug_frame   0x0000000000002298       0x28 C:/ST/STM32CubeIDE_1.13.0/STM32CubeIDE/plugins/com.st.stm32cube.ide.mcu.externaltools.gnu-tools-for-stm32.11.3.rel1.win32_1.1.100.202309141235/tools/bin/../lib/gcc/arm-none-eabi/11.3.1/../../../../arm-none-eabi/lib/thumb/v8-m.main+fp/hard\libc_nano.a(libc_a-memchr-stub.o)
 .debug_frame   0x00000000000022c0       0x28 C:/ST/STM32CubeIDE_1.13.0/STM32CubeIDE/plugins/com.st.stm32cube.ide.mcu.externaltools.gnu-tools-for-stm32.11.3.rel1.win32_1.1.100.202309141235/tools/bin/../lib/gcc/arm-none-eabi/11.3.1/../../../../arm-none-eabi/lib/thumb/v8-m.main+fp/hard\libc_nano.a(libc_a-memcpy-stub.o)
 .debug_frame   0x00000000000022e8       0x3c C:/ST/STM32CubeIDE_1.13.0/STM32CubeIDE/plugins/com.st.stm32cube.ide.mcu.externaltools.gnu-tools-for-stm32.11.3.rel1.win32_1.1.100.202309141235/tools/bin/../lib/gcc/arm-none-eabi/11.3.1/../../../../arm-none-eabi/lib/thumb/v8-m.main+fp/hard\libc_nano.a(libc_a-reallocr.o)
 .debug_frame   0x0000000000002324       0x20 C:/ST/STM32CubeIDE_1.13.0/STM32CubeIDE/plugins/com.st.stm32cube.ide.mcu.externaltools.gnu-tools-for-stm32.11.3.rel1.win32_1.1.100.202309141235/tools/bin/../lib/gcc/arm-none-eabi/11.3.1/../../../../arm-none-eabi/lib/thumb/v8-m.main+fp/hard\libc_nano.a(libc_a-msizer.o)

.debug_line_str
                0x0000000000000000       0x53
 .debug_line_str
                0x0000000000000000       0x53 ./Startup/startup_stm32h563zitx.o
                                         0x6b (size before relaxing)
