Archive member included to satisfy reference by file (symbol)

C:/ST/STM32CubeIDE_1.13.0/STM32CubeIDE/plugins/com.st.stm32cube.ide.mcu.externaltools.gnu-tools-for-stm32.11.3.rel1.win32_1.1.100.202309141235/tools/bin/../lib/gcc/arm-none-eabi/11.3.1/../../../../arm-none-eabi/lib/thumb/v8-m.main+fp/hard\libc_nano.a(libc_a-exit.o)
                              C:/ST/STM32CubeIDE_1.13.0/STM32CubeIDE/plugins/com.st.stm32cube.ide.mcu.externaltools.gnu-tools-for-stm32.11.3.rel1.win32_1.1.100.202309141235/tools/bin/../lib/gcc/arm-none-eabi/11.3.1/../../../../arm-none-eabi/lib/thumb/v8-m.main+fp/hard/crt0.o (exit)
C:/ST/STM32CubeIDE_1.13.0/STM32CubeIDE/plugins/com.st.stm32cube.ide.mcu.externaltools.gnu-tools-for-stm32.11.3.rel1.win32_1.1.100.202309141235/tools/bin/../lib/gcc/arm-none-eabi/11.3.1/../../../../arm-none-eabi/lib/thumb/v8-m.main+fp/hard\libc_nano.a(libc_a-findfp.o)
                              C:/ST/STM32CubeIDE_1.13.0/STM32CubeIDE/plugins/com.st.stm32cube.ide.mcu.externaltools.gnu-tools-for-stm32.11.3.rel1.win32_1.1.100.202309141235/tools/bin/../lib/gcc/arm-none-eabi/11.3.1/../../../../arm-none-eabi/lib/thumb/v8-m.main+fp/hard\libc_nano.a(libc_a-exit.o) (__stdio_exit_handler)
C:/ST/STM32CubeIDE_1.13.0/STM32CubeIDE/plugins/com.st.stm32cube.ide.mcu.externaltools.gnu-tools-for-stm32.11.3.rel1.win32_1.1.100.202309141235/tools/bin/../lib/gcc/arm-none-eabi/11.3.1/../../../../arm-none-eabi/lib/thumb/v8-m.main+fp/hard\libc_nano.a(libc_a-fwalk.o)
                              C:/ST/STM32CubeIDE_1.13.0/STM32CubeIDE/plugins/com.st.stm32cube.ide.mcu.externaltools.gnu-tools-for-stm32.11.3.rel1.win32_1.1.100.202309141235/tools/bin/../lib/gcc/arm-none-eabi/11.3.1/../../../../arm-none-eabi/lib/thumb/v8-m.main+fp/hard\libc_nano.a(libc_a-findfp.o) (_fwalk_sglue)
C:/ST/STM32CubeIDE_1.13.0/STM32CubeIDE/plugins/com.st.stm32cube.ide.mcu.externaltools.gnu-tools-for-stm32.11.3.rel1.win32_1.1.100.202309141235/tools/bin/../lib/gcc/arm-none-eabi/11.3.1/../../../../arm-none-eabi/lib/thumb/v8-m.main+fp/hard\libc_nano.a(libc_a-snprintf.o)
                              ./Bsp/src/DDR5_Board.o (snprintf)
C:/ST/STM32CubeIDE_1.13.0/STM32CubeIDE/plugins/com.st.stm32cube.ide.mcu.externaltools.gnu-tools-for-stm32.11.3.rel1.win32_1.1.100.202309141235/tools/bin/../lib/gcc/arm-none-eabi/11.3.1/../../../../arm-none-eabi/lib/thumb/v8-m.main+fp/hard\libc_nano.a(libc_a-stdio.o)
                              C:/ST/STM32CubeIDE_1.13.0/STM32CubeIDE/plugins/com.st.stm32cube.ide.mcu.externaltools.gnu-tools-for-stm32.11.3.rel1.win32_1.1.100.202309141235/tools/bin/../lib/gcc/arm-none-eabi/11.3.1/../../../../arm-none-eabi/lib/thumb/v8-m.main+fp/hard\libc_nano.a(libc_a-findfp.o) (__sread)
C:/ST/STM32CubeIDE_1.13.0/STM32CubeIDE/plugins/com.st.stm32cube.ide.mcu.externaltools.gnu-tools-for-stm32.11.3.rel1.win32_1.1.100.202309141235/tools/bin/../lib/gcc/arm-none-eabi/11.3.1/../../../../arm-none-eabi/lib/thumb/v8-m.main+fp/hard\libc_nano.a(libc_a-memset.o)
                              C:/ST/STM32CubeIDE_1.13.0/STM32CubeIDE/plugins/com.st.stm32cube.ide.mcu.externaltools.gnu-tools-for-stm32.11.3.rel1.win32_1.1.100.202309141235/tools/bin/../lib/gcc/arm-none-eabi/11.3.1/../../../../arm-none-eabi/lib/thumb/v8-m.main+fp/hard/crt0.o (memset)
C:/ST/STM32CubeIDE_1.13.0/STM32CubeIDE/plugins/com.st.stm32cube.ide.mcu.externaltools.gnu-tools-for-stm32.11.3.rel1.win32_1.1.100.202309141235/tools/bin/../lib/gcc/arm-none-eabi/11.3.1/../../../../arm-none-eabi/lib/thumb/v8-m.main+fp/hard\libc_nano.a(libc_a-closer.o)
                              C:/ST/STM32CubeIDE_1.13.0/STM32CubeIDE/plugins/com.st.stm32cube.ide.mcu.externaltools.gnu-tools-for-stm32.11.3.rel1.win32_1.1.100.202309141235/tools/bin/../lib/gcc/arm-none-eabi/11.3.1/../../../../arm-none-eabi/lib/thumb/v8-m.main+fp/hard\libc_nano.a(libc_a-stdio.o) (_close_r)
C:/ST/STM32CubeIDE_1.13.0/STM32CubeIDE/plugins/com.st.stm32cube.ide.mcu.externaltools.gnu-tools-for-stm32.11.3.rel1.win32_1.1.100.202309141235/tools/bin/../lib/gcc/arm-none-eabi/11.3.1/../../../../arm-none-eabi/lib/thumb/v8-m.main+fp/hard\libc_nano.a(libc_a-reent.o)
                              C:/ST/STM32CubeIDE_1.13.0/STM32CubeIDE/plugins/com.st.stm32cube.ide.mcu.externaltools.gnu-tools-for-stm32.11.3.rel1.win32_1.1.100.202309141235/tools/bin/../lib/gcc/arm-none-eabi/11.3.1/../../../../arm-none-eabi/lib/thumb/v8-m.main+fp/hard\libc_nano.a(libc_a-closer.o) (errno)
C:/ST/STM32CubeIDE_1.13.0/STM32CubeIDE/plugins/com.st.stm32cube.ide.mcu.externaltools.gnu-tools-for-stm32.11.3.rel1.win32_1.1.100.202309141235/tools/bin/../lib/gcc/arm-none-eabi/11.3.1/../../../../arm-none-eabi/lib/thumb/v8-m.main+fp/hard\libc_nano.a(libc_a-impure.o)
                              C:/ST/STM32CubeIDE_1.13.0/STM32CubeIDE/plugins/com.st.stm32cube.ide.mcu.externaltools.gnu-tools-for-stm32.11.3.rel1.win32_1.1.100.202309141235/tools/bin/../lib/gcc/arm-none-eabi/11.3.1/../../../../arm-none-eabi/lib/thumb/v8-m.main+fp/hard\libc_nano.a(libc_a-snprintf.o) (_impure_ptr)
[...]
Memory Configuration

Name             Origin             Length             Attributes
RAM              0x0000000020000000 0x00000000000a0000 xrw
FLASH            0x0000000008000000 0x0000000000200000 xr
*default*        0x0000000000000000 0xffffffffffffffff

Linker script and memory map

LOAD C:/ST/STM32CubeIDE_1.13.0/STM32CubeIDE/plugins/com.st.stm32cube.ide.mcu.externaltools.gnu-tools-for-stm32.11.3.rel1.win32_1.1.100.202309141235/tools/bin/../lib/gcc/arm-none-eabi/11.3.1/thumb/v8-m.main+fp/hard/crti.o
LOAD C:/ST/STM32CubeIDE_1.13.0/STM32CubeIDE/plugins/com.st.stm32cube.ide.mcu.externaltools.gnu-tools-for-stm32.11.3.rel1.win32_1.1.100.202309141235/tools/bin/../lib/gcc/arm-none-eabi/11.3.1/thumb/v8-m.main+fp/hard/crtbegin.o
LOAD C:/ST/STM32CubeIDE_1.13.0/STM32CubeIDE/plugins/com.st.stm32cube.ide.mcu.externaltools.gnu-tools-for-stm32.11.3.rel1.win32_1.1.100.202309141235/tools/bin/../lib/gcc/arm-none-eabi/11.3.1/../../../../arm-none-eabi/lib/thumb/v8-m.main+fp/hard/crt0.o
LOAD ./Bsp/src/DDR5_Board.o
LOAD ./Bsp/src/DDR5_Board_Clock.o
LOAD ./Bsp/src/DDR5_Board_IRQ.o
LOAD ./Bsp/src/nhd0420_i2c.o
LOAD ./Src/main.o
LOAD ./Src/syscalls.o
LOAD ./Src/sysmem.o
LOAD ./Src/system_stm32h5xx.o
LOAD ./Startup/startup_stm32h563zitx.o
START GROUP
LOAD C:/ST/STM32CubeIDE_1.13.0/STM32CubeIDE/plugins/com.st.stm32cube.ide.mcu.externaltools.gnu-tools-for-stm32.11.3.rel1.win32_1.1.100.202309141235/tools/bin/../lib/gcc/arm-none-eabi/11.3.1/../../../../arm-none-eabi/lib/thumb/v8-m.main+fp/hard\libc_nano.a
LOAD C:/ST/STM32CubeIDE_1.13.0/STM32CubeIDE/plugins/com.st.stm32cube.ide.mcu.externaltools.gnu-tools-for-stm32.11.3.rel1.win32_1.1.100.202309141235/tools/bin/../lib/gcc/arm-none-eabi/11.3.1/../../../../arm-none-eabi/lib/thumb/v8-m.main+fp/hard\libm.a
END GROUP
START GROUP
LOAD C:/ST/STM32CubeIDE_1.13.0/STM32CubeIDE/plugins/com.st.stm32cube.ide.mcu.externaltools.gnu-tools-for-stm32.11.3.rel1.win32_1.1.100.202309141235/tools/bin/../lib/gcc/arm-none-eabi/11.3.1/thumb/v8-m.main+fp/hard\libgcc.a
LOAD C:/ST/STM32CubeIDE_1.13.0/STM32CubeIDE/plugins/com.st.stm32cube.ide.mcu.externaltools.gnu-tools-for-stm32.11.3.rel1.win32_1.1.100.202309141235/tools/bin/../lib/gcc/arm-none-eabi/11.3.1/../../../../arm-none-eabi/lib/thumb/v8-m.main+fp/hard\libc_nano.a
END GROUP
START GROUP
LOAD C:/ST/STM32CubeIDE_1.13.0/STM32CubeIDE/plugins/com.st.stm32cube.ide.mcu.externaltools.gnu-tools-for-stm32.11.3.rel1.win32_1.1.100.202309141235/tools/bin/../lib/gcc/arm-none-eabi/11.3.1/thumb/v8-m.main+fp/hard\libgcc.a
LOAD C:/ST/STM32CubeIDE_1.13.0/STM32CubeIDE/plugins/com.st.stm32cube.ide.mcu.externaltools.gnu-tools-for-stm32.11.3.rel1.win32_1.1.100.202309141235/tools/bin/../lib/gcc/arm-none-eabi/11.3.1/../../../../arm-none-eabi/lib/thumb/v8-m.main+fp/hard\libc_nano.a
LOAD C:/ST/STM32CubeIDE_1.13.0/STM32CubeIDE/plugins/com.st.stm32cube.ide.mcu.externaltools.gnu-tools-for-stm32.11.3.rel1.win32_1.1.100.202309141235/tools/bin/../lib/gcc/arm-none-eabi/11.3.1/../../../../arm-none-eabi/lib/thumb/v8-m.main+fp/hard\libnosys.a
END GROUP
START GROUP
LOAD C:/ST/STM32CubeIDE_1.13.0/STM32CubeIDE/plugins/com.st.stm32cube.ide.mcu.externaltools.gnu-tools-for-stm32.11.3.rel1.win32_1.1.100.202309141235/tools/bin/../lib/gcc/arm-none-eabi/11.3.1/thumb/v8-m.main+fp/hard\libgcc.a
LOAD C:/ST/STM32CubeIDE_1.13.0/STM32CubeIDE/plugins/com.st.stm32cube.ide.mcu.externaltools.gnu-tools-for-stm32.11.3.rel1.win32_1.1.100.202309141235/tools/bin/../lib/gcc/arm-none-eabi/11.3.1/../../../../arm-none-eabi/lib/thumb/v8-m.main+fp/hard\libc_nano.a
LOAD C:/ST/STM32CubeIDE_1.13.0/STM32CubeIDE/plugins/com.st.stm32cube.ide.mcu.externaltools.gnu-tools-for-stm32.11.3.rel1.win32_1.1.100.202309141235/tools/bin/../lib/gcc/arm-none-eabi/11.3.1/../../../../arm-none-eabi/lib/thumb/v8-m.main+fp/hard\libnosys.a
END GROUP
LOAD C:/ST/STM32CubeIDE_1.13.0/STM32CubeIDE/plugins/com.st.stm32cube.ide.mcu.externaltools.gnu-tools-for-stm32.11.3.rel1.win32_1.1.100.202309141235/tools/bin/../lib/gcc/arm-none-eabi/11.3.1/thumb/v8-m.main+fp/hard/crtend.o
LOAD C:/ST/STM32CubeIDE_1.13.0/STM32CubeIDE/plugins/com.st.stm32cube.ide.mcu.externaltools.gnu-tools-for-stm32.11.3.rel1.win32_1.1.100.202309141235/tools/bin/../lib/gcc/arm-none-eabi/11.3.1/thumb/v8-m.main+fp/hard/crtn.o
                0x00000000200a0000                _estack = (ORIGIN (RAM) + LENGTH (RAM))
                0x0000000000000200                _Min_Heap_Size = 0x200
                0x0000000000000400                _Min_Stack_Size = 0x400

.isr_vector     0x0000000008000000      0x24c
                0x0000000008000000                . = ALIGN (0x4)
 *(.isr_vector)
 .isr_vector    0x0000000008000000      0x24c ./Startup/startup_stm32h563zitx.o
                0x0000000008000000                g_pfnVectors
                0x000000000800024c                . = ALIGN (0x4)

.text           0x000000000800024c     0x1e10
                0x000000000800024c                . = ALIGN (0x4)
 *(.text)
 .text          0x000000000800024c       0x40 C:/ST/STM32CubeIDE_1.13.0/STM32CubeIDE/plugins/com.st.stm32cube.ide.mcu.externaltools.gnu-tools-for-stm32.11.3.rel1.win32_1.1.100.202309141235/tools/bin/../lib/gcc/arm-none-eabi/11.3.1/thumb/v8-m.main+fp/hard/crtbegin.o
 *(.text*)
 .text.LL_AHB2_GRP1_EnableClock
                0x000000000800028c       0x38 ./Bsp/src/DDR5_Board.o
 .text.LL_APB1_GRP1_EnableClock
                0x00000000080002c4       0x38 ./Bsp/src/DDR5_Board.o
 .text.LL_GPIO_SetPinMode
                0x00000000080002fc       0x7a ./Bsp/src/DDR5_Board.o
 .text.LL_GPIO_SetPinOutputType
                0x0000000008000376       0x30 ./Bsp/src/DDR5_Board.o
 .text.LL_GPIO_SetPinSpeed
                0x00000000080003a6       0x7a ./Bsp/src/DDR5_Board.o
 .text.LL_GPIO_SetPinPull
                0x0000000008000420       0x7a ./Bsp/src/DDR5_Board.o
 .text.LL_GPIO_SetAFPin_0_7
                0x000000000800049a       0x7a ./Bsp/src/DDR5_Board.o
 .text.LL_GPIO_SetAFPin_8_15
                0x0000000008000514       0x7e ./Bsp/src/DDR5_Board.o
 .text.LL_GPIO_SetOutputPin
                0x0000000008000592       0x1c ./Bsp/src/DDR5_Board.o
 .text.LL_GPIO_ResetOutputPin
                0x00000000080005ae       0x1c ./Bsp/src/DDR5_Board.o
 .text.DDR5_GPIO_ClocksEnable
                0x00000000080005ca       0x26 ./Bsp/src/DDR5_Board.o
 .text.LL_I2C_Enable
                0x00000000080005f0       0x20 ./Bsp/src/DDR5_Board.o
 .text.LL_I2C_Disable
                0x0000000008000610       0x20 ./Bsp/src/DDR5_Board.o
 .text.LL_I2C_SetDigitalFilter
                0x0000000008000630       0x28 ./Bsp/src/DDR5_Board.o
 .text.LL_I2C_EnableAnalogFilter
                0x0000000008000658       0x20 ./Bsp/src/DDR5_Board.o
 .text.LL_I2C_DisableGeneralCall
                0x0000000008000678       0x20 ./Bsp/src/DDR5_Board.o
 .text.LL_I2C_SetOwnAddress1
                0x0000000008000698       0x30 ./Bsp/src/DDR5_Board.o
 .text.LL_I2C_DisableOwnAddress1
                0x00000000080006c8       0x20 ./Bsp/src/DDR5_Board.o
 .text.LL_I2C_DisableOwnAddress2
                0x00000000080006e8       0x20 ./Bsp/src/DDR5_Board.o
 .text.LL_I2C_SetTiming
                0x0000000008000708       0x1c ./Bsp/src/DDR5_Board.o
 .text.LL_USART_Enable
                0x0000000008000724       0x20 ./Bsp/src/DDR5_Board.o
 .text.LL_USART_Disable
                0x0000000008000744       0x20 ./Bsp/src/DDR5_Board.o
 .text.LL_USART_SetTransferDirection
                0x0000000008000764       0x48 ./Bsp/src/DDR5_Board.o
 .text.LL_USART_SetOverSampling
                0x00000000080007ac       0x26 ./Bsp/src/DDR5_Board.o
 .text.LL_USART_SetPrescaler
                0x00000000080007d2       0x28 ./Bsp/src/DDR5_Board.o
 .text.LL_USART_ConfigCharacter
                0x00000000080007fa       0x42 ./Bsp/src/DDR5_Board.o
 .text.LL_USART_SetHWFlowCtrl
                0x000000000800083c       0x26 ./Bsp/src/DDR5_Board.o
 *fill*         0x0000000008000862        0x2 
 .text.LL_USART_SetBaudRate
                0x0000000008000864       0xa0 ./Bsp/src/DDR5_Board.o
 .text.LL_USART_TransmitData8
                0x0000000008000904       0x1e ./Bsp/src/DDR5_Board.o
 .text.DDR5_GPIO_Init_Output
                0x0000000008000922       0x3e ./Bsp/src/DDR5_Board.o
 .text.DDR5_GPIO_Init_Input
                0x0000000008000960       0x28 ./Bsp/src/DDR5_Board.o
 .text.DDR5_GPIO_IsLowPin
                0x0000000008000988       0x22 ./Bsp/src/DDR5_Board.o
 .text.DDR5_GPIO_Init_AF
                0x00000000080009aa       0x60 ./Bsp/src/DDR5_Board.o
 *fill*         0x0000000008000a0a        0x2 
 .text.DDR5_GPIO_Init
                0x0000000008000a0c      0x368 ./Bsp/src/DDR5_Board.o
                0x0000000008000a0c                DDR5_GPIO_Init
 .text.DDR5_I2C1_Init
                0x0000000008000d74       0xc4 ./Bsp/src/DDR5_Board.o
                0x0000000008000d74                DDR5_I2C1_Init
 .text.DDR5_UART_WaitFlagSet
                0x0000000008000e38       0x3a ./Bsp/src/DDR5_Board.o
 .text.DDR5_UART_Init_115200_8N1
                0x0000000008000e72       0x78 ./Bsp/src/DDR5_Board.o
                0x0000000008000e72                DDR5_UART_Init_115200_8N1
 .text.DDR5_UART_WriteByte
                0x0000000008000eea       0x62 ./Bsp/src/DDR5_Board.o
                0x0000000008000eea                DDR5_UART_WriteByte
 .text.DDR5_UART_WriteString
                0x0000000008000f4c       0x50 ./Bsp/src/DDR5_Board.o
                0x0000000008000f4c                DDR5_UART_WriteString
 .text.__NVIC_SetPriority
                0x0000000008000f9c       0x54 ./Bsp/src/DDR5_Board_Clock.o
 .text.SysTick_Config
                0x0000000008000ff0       0x44 ./Bsp/src/DDR5_Board_Clock.o
 .text.LL_FLASH_SetLatency
                0x0000000008001034       0x28 ./Bsp/src/DDR5_Board_Clock.o
 .text.LL_FLASH_GetLatency
                0x000000000800105c       0x1c ./Bsp/src/DDR5_Board_Clock.o
 .text.LL_RCC_HSI_Enable
                0x0000000008001078       0x20 ./Bsp/src/DDR5_Board_Clock.o
 .text.LL_RCC_HSI_IsReady
                0x0000000008001098       0x24 ./Bsp/src/DDR5_Board_Clock.o
 .text.LL_RCC_HSI_SetDivider
                0x00000000080010bc       0x28 ./Bsp/src/DDR5_Board_Clock.o
 .text.LL_RCC_HSI_GetDivider
                0x00000000080010e4       0x1c ./Bsp/src/DDR5_Board_Clock.o
 .text.LL_RCC_SetSysClkSource
                0x0000000008001100       0x28 ./Bsp/src/DDR5_Board_Clock.o
 .text.LL_RCC_GetSysClkSource
                0x0000000008001128       0x1c ./Bsp/src/DDR5_Board_Clock.o
 .text.LL_RCC_SetAHBPrescaler
                0x0000000008001144       0x28 ./Bsp/src/DDR5_Board_Clock.o
 .text.LL_RCC_SetAPB1Prescaler
                0x000000000800116c       0x28 ./Bsp/src/DDR5_Board_Clock.o
 .text.LL_RCC_SetAPB2Prescaler
                0x0000000008001194       0x28 ./Bsp/src/DDR5_Board_Clock.o
 .text.LL_RCC_SetAPB3Prescaler
                0x00000000080011bc       0x28 ./Bsp/src/DDR5_Board_Clock.o
 .text.LL_RCC_SetClockSource
                0x00000000080011e4       0x54 ./Bsp/src/DDR5_Board_Clock.o
 .text.LL_RCC_SetUSARTClockSource
                0x0000000008001238       0x16 ./Bsp/src/DDR5_Board_Clock.o
 .text.LL_RCC_SetI2CClockSource
                0x000000000800124e       0x16 ./Bsp/src/DDR5_Board_Clock.o
 .text.LL_RCC_SetI3CClockSource
                0x0000000008001264       0x16 ./Bsp/src/DDR5_Board_Clock.o
 *fill*         0x000000000800127a        0x2 
 .text.LL_RCC_PLL1_Enable
                0x000000000800127c       0x20 ./Bsp/src/DDR5_Board_Clock.o
 .text.LL_RCC_PLL1_Disable
                0x000000000800129c       0x20 ./Bsp/src/DDR5_Board_Clock.o
 .text.LL_RCC_PLL1_IsReady
                0x00000000080012bc       0x28 ./Bsp/src/DDR5_Board_Clock.o
 .text.LL_RCC_PLL1P_Enable
                0x00000000080012e4       0x20 ./Bsp/src/DDR5_Board_Clock.o
 .text.LL_RCC_PLL1Q_Enable
                0x0000000008001304       0x20 ./Bsp/src/DDR5_Board_Clock.o
 .text.LL_RCC_PLL1R_Enable
                0x0000000008001324       0x20 ./Bsp/src/DDR5_Board_Clock.o
 .text.LL_RCC_PLL1_SetSource
                0x0000000008001344       0x28 ./Bsp/src/DDR5_Board_Clock.o
 .text.LL_RCC_PLL1_SetN
                0x000000000800136c       0x30 ./Bsp/src/DDR5_Board_Clock.o
 .text.LL_RCC_PLL1_SetP
                0x000000000800139c       0x2c ./Bsp/src/DDR5_Board_Clock.o
 .text.LL_RCC_PLL1_SetQ
                0x00000000080013c8       0x2c ./Bsp/src/DDR5_Board_Clock.o
 .text.LL_RCC_PLL1_SetR
                0x00000000080013f4       0x2c ./Bsp/src/DDR5_Board_Clock.o
 .text.LL_RCC_PLL1_SetM
                0x0000000008001420       0x2c ./Bsp/src/DDR5_Board_Clock.o
 .text.LL_RCC_PLL1FRACN_Disable
                0x000000000800144c       0x20 ./Bsp/src/DDR5_Board_Clock.o
 .text.LL_RCC_PLL1_SetVCOInputRange
                0x000000000800146c       0x2c ./Bsp/src/DDR5_Board_Clock.o
 .text.LL_RCC_PLL1_SetVCOOutputRange
                0x0000000008001498       0x2c ./Bsp/src/DDR5_Board_Clock.o
 .text.LL_RCC_PLL3_Enable
                0x00000000080014c4       0x20 ./Bsp/src/DDR5_Board_Clock.o
 .text.LL_RCC_PLL3_Disable
                0x00000000080014e4       0x20 ./Bsp/src/DDR5_Board_Clock.o
 .text.LL_RCC_PLL3_IsReady
                0x0000000008001504       0x28 ./Bsp/src/DDR5_Board_Clock.o
 .text.LL_RCC_PLL3_SetSource
                0x000000000800152c       0x28 ./Bsp/src/DDR5_Board_Clock.o
 .text.LL_RCC_PLL3_SetN
                0x0000000008001554       0x30 ./Bsp/src/DDR5_Board_Clock.o
 .text.LL_RCC_PLL3_SetP
                0x0000000008001584       0x2c ./Bsp/src/DDR5_Board_Clock.o
 .text.LL_RCC_PLL3_SetQ
                0x00000000080015b0       0x2c ./Bsp/src/DDR5_Board_Clock.o
 .text.LL_RCC_PLL3_SetR
                0x00000000080015dc       0x2c ./Bsp/src/DDR5_Board_Clock.o
 .text.LL_RCC_PLL3_SetM
                0x0000000008001608       0x2c ./Bsp/src/DDR5_Board_Clock.o
 .text.LL_RCC_PLL3P_Disable
                0x0000000008001634       0x20 ./Bsp/src/DDR5_Board_Clock.o
 .text.LL_RCC_PLL3Q_Disable
                0x0000000008001654       0x20 ./Bsp/src/DDR5_Board_Clock.o
 .text.LL_RCC_PLL3R_Enable
                0x0000000008001674       0x20 ./Bsp/src/DDR5_Board_Clock.o
 .text.LL_RCC_PLL3FRACN_Disable
                0x0000000008001694       0x20 ./Bsp/src/DDR5_Board_Clock.o
 .text.LL_RCC_PLL3_SetVCOInputRange
                0x00000000080016b4       0x2c ./Bsp/src/DDR5_Board_Clock.o
 .text.LL_RCC_PLL3_SetVCOOutputRange
                0x00000000080016e0       0x2c ./Bsp/src/DDR5_Board_Clock.o
 .text.LL_PWR_SetRegulVoltageScaling
                0x000000000800170c       0x28 ./Bsp/src/DDR5_Board_Clock.o
 .text.LL_PWR_IsActiveFlag_VOS
                0x0000000008001734       0x24 ./Bsp/src/DDR5_Board_Clock.o
 .text.DDR5_Clock_SetVoltageScale
                0x0000000008001758       0x1c ./Bsp/src/DDR5_Board_Clock.o
 .text.DDR5_Clock_SetFlashLatency
                0x0000000008001774       0x1c ./Bsp/src/DDR5_Board_Clock.o
 .text.DDR5_Clock_InitSafeHSI
                0x0000000008001790       0x78 ./Bsp/src/DDR5_Board_Clock.o
 .text.DDR5_PLL1_Config
                0x0000000008001808       0x74 ./Bsp/src/DDR5_Board_Clock.o
 .text.DDR5_PLL3_Config
                0x000000000800187c       0x74 ./Bsp/src/DDR5_Board_Clock.o
 .text.DDR5_Clock_Init
                0x00000000080018f0       0x7c ./Bsp/src/DDR5_Board_Clock.o
                0x00000000080018f0                DDR5_Clock_Init
 .text.LL_EXTI_IsActiveFallingFlag_0_31
                0x000000000800196c       0x2c ./Bsp/src/DDR5_Board_IRQ.o
 .text.LL_EXTI_ClearFallingFlag_0_31
                0x0000000008001998       0x20 ./Bsp/src/DDR5_Board_IRQ.o
 .text.LL_EXTI_IsActiveRisingFlag_0_31
                0x00000000080019b8       0x2c ./Bsp/src/DDR5_Board_IRQ.o
 .text.LL_EXTI_ClearRisingFlag_0_31
                0x00000000080019e4       0x20 ./Bsp/src/DDR5_Board_IRQ.o
 .text.DDR5_OnButtonIRQ
                0x0000000008001a04       0x14 ./Bsp/src/DDR5_Board_IRQ.o
                0x0000000008001a04                DDR5_OnButtonIRQ
 .text.DDR5_OnTriggerInIRQ
                0x0000000008001a18        0xe ./Bsp/src/DDR5_Board_IRQ.o
                0x0000000008001a18                DDR5_OnTriggerInIRQ
 .text.EXTI0_IRQHandler
                0x0000000008001a26       0x20 ./Bsp/src/DDR5_Board_IRQ.o
                0x0000000008001a26                EXTI0_IRQHandler
 .text.EXTI1_IRQHandler
                0x0000000008001a46       0x1e ./Bsp/src/DDR5_Board_IRQ.o
                0x0000000008001a46                EXTI1_IRQHandler
 .text.EXTI2_IRQHandler
                0x0000000008001a64       0x20 ./Bsp/src/DDR5_Board_IRQ.o
                0x0000000008001a64                EXTI2_IRQHandler
 .text.EXTI3_IRQHandler
                0x0000000008001a84       0x20 ./Bsp/src/DDR5_Board_IRQ.o
                0x0000000008001a84                EXTI3_IRQHandler
 .text.EXTI4_IRQHandler
                0x0000000008001aa4       0x20 ./Bsp/src/DDR5_Board_IRQ.o
                0x0000000008001aa4                EXTI4_IRQHandler
 .text.EXTI5_IRQHandler
                0x0000000008001ac4       0x20 ./Bsp/src/DDR5_Board_IRQ.o
                0x0000000008001ac4                EXTI5_IRQHandler
 .text.EXTI6_IRQHandler
                0x0000000008001ae4       0x20 ./Bsp/src/DDR5_Board_IRQ.o
                0x0000000008001ae4                EXTI6_IRQHandler
 .text.LL_GPIO_IsInputPinSet
                0x0000000008001b04       0x2a ./Src/main.o
 .text.LL_GPIO_SetOutputPin
                0x0000000008001b2e       0x1c ./Src/main.o
 .text.LL_GPIO_ResetOutputPin
                0x0000000008001b4a       0x1c ./Src/main.o
 .text.DDR5_ButtonPressed
                0x0000000008001b66       0x26 ./Src/main.o
 .text.DDR5_UPButtonPressed
                0x0000000008001b8c       0x18 ./Src/main.o
 .text.DDR5_DOWNButtonPressed
                0x0000000008001ba4       0x18 ./Src/main.o
 .text.DDR5_LEFTButtonPressed
                0x0000000008001bbc       0x18 ./Src/main.o
 .text.DDR5_RIGHTButtonPressed
                0x0000000008001bd4       0x18 ./Src/main.o
 .text.DDR5_OKButtonPressed
                0x0000000008001bec       0x18 ./Src/main.o
 .text.DDR5_CANCELButtonPressed
                0x0000000008001c04       0x18 ./Src/main.o
 .text.SysTick_Handler
                0x0000000008001c1c       0x1c ./Src/main.o
                0x0000000008001c1c                SysTick_Handler
 .text.delay_ms
                0x0000000008001c38       0x30 ./Src/main.o
 .text.main     0x0000000008001c68      0x240 ./Src/main.o
                0x0000000008001c68                main
 .text.SystemInit
                0x0000000008001ea8      0x100 ./Src/system_stm32h5xx.o
                0x0000000008001ea8                SystemInit
 .text.Reset_Handler
                0x0000000008001fa8       0x50 ./Startup/startup_stm32h563zitx.o
                0x0000000008001fa8                Reset_Handler
 .text.Default_Handler
                0x0000000008001ff8        0x2 ./Startup/startup_stm32h563zitx.o
                0x0000000008001ff8                TIM8_CC_IRQHandler
                0x0000000008001ff8                I3C1_ER_IRQHandler
                0x0000000008001ff8                DebugMon_Handler
                0x0000000008001ff8                UART8_IRQHandler
                0x0000000008001ff8                SPI4_IRQHandler
                0x0000000008001ff8                FLASH_S_IRQHandler
                0x0000000008001ff8                EXTI13_IRQHandler
                0x0000000008001ff8                TIM1_CC_IRQHandler
                0x0000000008001ff8                Cordic_IRQHandler
                0x0000000008001ff8                HardFault_Handler
                0x0000000008001ff8                TIM1_TRG_COM_DIR_IDX_IRQHandler
                0x0000000008001ff8                TAMP_IRQHandler
                0x0000000008001ff8                TIM6_IRQHandler
                0x0000000008001ff8                EXTI12_IRQHandler
                0x0000000008001ff8                PendSV_Handler
                0x0000000008001ff8                NMI_Handler
                0x0000000008001ff8                LPTIM4_IRQHandler
                0x0000000008001ff8                EXTI8_IRQHandler
                0x0000000008001ff8                LPTIM2_IRQHandler
                0x0000000008001ff8                GPDMA1_CH5_IRQHandler
                0x0000000008001ff8                USB_FS_IRQHandler
                0x0000000008001ff8                USART10_IRQHandler
                0x0000000008001ff8                LPTIM3_IRQHandler
                0x0000000008001ff8                I2C2_EV_IRQHandler
                0x0000000008001ff8                FDCAN1_IT1_IRQHandler
                0x0000000008001ff8                RAMCFG_IRQHandler
                0x0000000008001ff8                UsageFault_Handler
                0x0000000008001ff8                GPDMA1_CH3_IRQHandler
                0x0000000008001ff8                SPI1_IRQHandler
                0x0000000008001ff8                OCTOSPI1_IRQHandler
                0x0000000008001ff8                GPDMA1_CH4_IRQHandler
                0x0000000008001ff8                TIM8_UP_IRQHandler
                0x0000000008001ff8                RCC_S_IRQHandler
                0x0000000008001ff8                SAI2_IRQHandler
                0x0000000008001ff8                ADC1_IRQHandler
                0x0000000008001ff8                USART6_IRQHandler
                0x0000000008001ff8                TIM8_TRG_COM_DIR_IDX_IRQHandler
                0x0000000008001ff8                EXTI15_IRQHandler
                0x0000000008001ff8                TIM17_IRQHandler
                0x0000000008001ff8                GPDMA2_CH6_IRQHandler
                0x0000000008001ff8                USART3_IRQHandler
                0x0000000008001ff8                EXTI9_IRQHandler
                0x0000000008001ff8                LPTIM5_IRQHandler
                0x0000000008001ff8                UART5_IRQHandler
                0x0000000008001ff8                GPDMA1_CH7_IRQHandler
                0x0000000008001ff8                TIM4_IRQHandler
                0x0000000008001ff8                I2C1_EV_IRQHandler
                0x0000000008001ff8                TIM16_IRQHandler
                0x0000000008001ff8                UART4_IRQHandler
                0x0000000008001ff8                SecureFault_Handler
                0x0000000008001ff8                GPDMA1_CH6_IRQHandler
                0x0000000008001ff8                TIM3_IRQHandler
                0x0000000008001ff8                RCC_IRQHandler
                0x0000000008001ff8                UART9_IRQHandler
                0x0000000008001ff8                Default_Handler
                0x0000000008001ff8                GPDMA1_CH1_IRQHandler
                0x0000000008001ff8                GPDMA2_CH0_IRQHandler
                0x0000000008001ff8                FMAC_IRQHandler
                0x0000000008001ff8                USART11_IRQHandler
                0x0000000008001ff8                TIM14_IRQHandler
                0x0000000008001ff8                TIM13_IRQHandler
                0x0000000008001ff8                GPDMA2_CH4_IRQHandler
                0x0000000008001ff8                SPI5_IRQHandler
                0x0000000008001ff8                GPDMA1_CH0_IRQHandler
                0x0000000008001ff8                TIM12_IRQHandler
                0x0000000008001ff8                TIM7_IRQHandler
                0x0000000008001ff8                SDMMC1_IRQHandler
                0x0000000008001ff8                TIM5_IRQHandler
                0x0000000008001ff8                UCPD1_IRQHandler
                0x0000000008001ff8                I3C1_EV_IRQHandler
                0x0000000008001ff8                TIM15_IRQHandler
                0x0000000008001ff8                GPDMA2_CH3_IRQHandler
                0x0000000008001ff8                ETH_WKUP_IRQHandler
                0x0000000008001ff8                ADC2_IRQHandler
                0x0000000008001ff8                SPI2_IRQHandler
                0x0000000008001ff8                MemManage_Handler
                0x0000000008001ff8                GPDMA1_CH2_IRQHandler
                0x0000000008001ff8                EXTI14_IRQHandler
                0x0000000008001ff8                EXTI11_IRQHandler
                0x0000000008001ff8                SVC_Handler
                0x0000000008001ff8                CRS_IRQHandler
                0x0000000008001ff8                GPDMA2_CH2_IRQHandler
                0x0000000008001ff8                TIM1_BRK_TERR_IERR_IRQHandler
                0x0000000008001ff8                RNG_IRQHandler
                0x0000000008001ff8                DCACHE_IRQHandler
                0x0000000008001ff8                FDCAN2_IT1_IRQHandler
                0x0000000008001ff8                ETH_IRQHandler
                0x0000000008001ff8                GPDMA2_CH7_IRQHandler
                0x0000000008001ff8                TIM1_UP_IRQHandler
                0x0000000008001ff8                UART12_IRQHandler
                0x0000000008001ff8                WWDG_IRQHandler
                0x0000000008001ff8                SPI6_IRQHandler
                0x0000000008001ff8                FDCAN2_IT0_IRQHandler
                0x0000000008001ff8                IWDG_IRQHandler
                0x0000000008001ff8                LPUART1_IRQHandler
                0x0000000008001ff8                FDCAN1_IT0_IRQHandler
                0x0000000008001ff8                TIM2_IRQHandler
                0x0000000008001ff8                DTS_WKUP_IRQHandler
                0x0000000008001ff8                GPDMA2_CH1_IRQHandler
                0x0000000008001ff8                EXTI7_IRQHandler
                0x0000000008001ff8                SDMMC2_IRQHandler
                0x0000000008001ff8                LPTIM6_IRQHandler
                0x0000000008001ff8                DAC1_IRQHandler
                0x0000000008001ff8                UART7_IRQHandler
                0x0000000008001ff8                GTZC_IRQHandler
                0x0000000008001ff8                USART2_IRQHandler
                0x0000000008001ff8                I2C2_ER_IRQHandler
                0x0000000008001ff8                FLASH_IRQHandler
                0x0000000008001ff8                BusFault_Handler
                0x0000000008001ff8                USART1_IRQHandler
                0x0000000008001ff8                EXTI10_IRQHandler
                0x0000000008001ff8                SPI3_IRQHandler
                0x0000000008001ff8                IM8_BRK_TERR_IERR_IRQHandler
                0x0000000008001ff8                I2C1_ER_IRQHandler
                0x0000000008001ff8                FMC_IRQHandler
                0x0000000008001ff8                LPTIM1_IRQHandler
                0x0000000008001ff8                DCMI_PSSI_IRQHandler
                0x0000000008001ff8                GPDMA2_CH5_IRQHandler
                0x0000000008001ff8                ICACHE_IRQHandler
                0x0000000008001ff8                SAI1_IRQHandler
                0x0000000008001ff8                HASH_IRQHandler
 *fill*         0x0000000008001ffa        0x2 
 .text.__libc_init_array
                0x0000000008001ffc       0x48 C:/ST/STM32CubeIDE_1.13.0/STM32CubeIDE/plugins/com.st.stm32cube.ide.mcu.externaltools.gnu-tools-for-stm32.11.3.rel1.win32_1.1.100.202309141235/tools/bin/../lib/gcc/arm-none-eabi/11.3.1/../../../../arm-none-eabi/lib/thumb/v8-m.main+fp/hard\libc_nano.a(libc_a-init.o)
                0x0000000008001ffc                __libc_init_array
 *(.glue_7)
 .glue_7        0x0000000008002044        0x0 linker stubs
 *(.glue_7t)
 .glue_7t       0x0000000008002044        0x0 linker stubs
 *(.eh_frame)
 .eh_frame      0x0000000008002044        0x0 C:/ST/STM32CubeIDE_1.13.0/STM32CubeIDE/plugins/com.st.stm32cube.ide.mcu.externaltools.gnu-tools-for-stm32.11.3.rel1.win32_1.1.100.202309141235/tools/bin/../lib/gcc/arm-none-eabi/11.3.1/thumb/v8-m.main+fp/hard/crtbegin.o
 *(.init)
 .init          0x0000000008002044        0x4 C:/ST/STM32CubeIDE_1.13.0/STM32CubeIDE/plugins/com.st.stm32cube.ide.mcu.externaltools.gnu-tools-for-stm32.11.3.rel1.win32_1.1.100.202309141235/tools/bin/../lib/gcc/arm-none-eabi/11.3.1/thumb/v8-m.main+fp/hard/crti.o
                0x0000000008002044                _init
 .init          0x0000000008002048        0x8 C:/ST/STM32CubeIDE_1.13.0/STM32CubeIDE/plugins/com.st.stm32cube.ide.mcu.externaltools.gnu-tools-for-stm32.11.3.rel1.win32_1.1.100.202309141235/tools/bin/../lib/gcc/arm-none-eabi/11.3.1/thumb/v8-m.main+fp/hard/crtn.o
 *(.fini)
 .fini          0x0000000008002050        0x4 C:/ST/STM32CubeIDE_1.13.0/STM32CubeIDE/plugins/com.st.stm32cube.ide.mcu.externaltools.gnu-tools-for-stm32.11.3.rel1.win32_1.1.100.202309141235/tools/bin/../lib/gcc/arm-none-eabi/11.3.1/thumb/v8-m.main+fp/hard/crti.o
                0x0000000008002050                _fini
 .fini          0x0000000008002054        0x8 C:/ST/STM32CubeIDE_1.13.0/STM32CubeIDE/plugins/com.st.stm32cube.ide.mcu.externaltools.gnu-tools-for-stm32.11.3.rel1.win32_1.1.100.202309141235/tools/bin/../lib/gcc/arm-none-eabi/11.3.1/thumb/v8-m.main+fp/hard/crtn.o
                0x000000000800205c                . = ALIGN (0x4)
                0x000000000800205c                _etext = .

.vfp11_veneer   0x000000000800205c        0x0
 .vfp11_veneer  0x000000000800205c        0x0 linker stubs

.v4_bx          0x000000000800205c        0x0
 .v4_bx         0x000000000800205c        0x0 linker stubs

.iplt           0x000000000800205c        0x0
 .iplt          0x000000000800205c        0x0 C:/ST/STM32CubeIDE_1.13.0/STM32CubeIDE/plugins/com.st.stm32cube.ide.mcu.externaltools.gnu-tools-for-stm32.11.3.rel1.win32_1.1.100.202309141235/tools/bin/../lib/gcc/arm-none-eabi/11.3.1/thumb/v8-m.main+fp/hard/crtbegin.o

.rodata         0x000000000800205c       0xe0
                0x000000000800205c                . = ALIGN (0x4)
 *(.rodata)
 .rodata        0x000000000800205c       0xa0 ./Src/main.o
 *(.rodata*)
 .rodata.USART_PRESCALER_TAB
                0x00000000080020fc       0x40 ./Bsp/src/DDR5_Board.o
                0x000000000800213c                . = ALIGN (0x4)

.rel.dyn        0x000000000800213c        0x0
 .rel.iplt      0x000000000800213c        0x0 C:/ST/STM32CubeIDE_1.13.0/STM32CubeIDE/plugins/com.st.stm32cube.ide.mcu.externaltools.gnu-tools-for-stm32.11.3.rel1.win32_1.1.100.202309141235/tools/bin/../lib/gcc/arm-none-eabi/11.3.1/thumb/v8-m.main+fp/hard/crtbegin.o

.ARM.extab      0x000000000800213c        0x0
                0x000000000800213c                . = ALIGN (0x4)
 *(.ARM.extab* .gnu.linkonce.armextab.*)
                0x000000000800213c                . = ALIGN (0x4)

.ARM            0x000000000800213c        0x0
                0x000000000800213c                . = ALIGN (0x4)
                0x000000000800213c                __exidx_start = .
 *(.ARM.exidx*)
                0x000000000800213c                __exidx_end = .
                0x000000000800213c                . = ALIGN (0x4)

.preinit_array  0x000000000800213c        0x0
                0x000000000800213c                . = ALIGN (0x4)
                0x000000000800213c                PROVIDE (__preinit_array_start = .)
 *(.preinit_array*)
                0x000000000800213c                PROVIDE (__preinit_array_end = .)
                0x000000000800213c                . = ALIGN (0x4)

.init_array     0x000000000800213c        0x4
                0x000000000800213c                . = ALIGN (0x4)
                0x000000000800213c                PROVIDE (__init_array_start = .)
 *(SORT_BY_NAME(.init_array.*))
 *(.init_array*)
 .init_array    0x000000000800213c        0x4 C:/ST/STM32CubeIDE_1.13.0/STM32CubeIDE/plugins/com.st.stm32cube.ide.mcu.externaltools.gnu-tools-for-stm32.11.3.rel1.win32_1.1.100.202309141235/tools/bin/../lib/gcc/arm-none-eabi/11.3.1/thumb/v8-m.main+fp/hard/crtbegin.o
                0x0000000008002140                PROVIDE (__init_array_end = .)
                0x0000000008002140                . = ALIGN (0x4)

.fini_array     0x0000000008002140        0x4
                0x0000000008002140                . = ALIGN (0x4)
                [!provide]                        PROVIDE (__fini_array_start = .)
 *(SORT_BY_NAME(.fini_array.*))
 *(.fini_array*)
 .fini_array    0x0000000008002140        0x4 C:/ST/STM32CubeIDE_1.13.0/STM32CubeIDE/plugins/com.st.stm32cube.ide.mcu.externaltools.gnu-tools-for-stm32.11.3.rel1.win32_1.1.100.202309141235/tools/bin/../lib/gcc/arm-none-eabi/11.3.1/thumb/v8-m.main+fp/hard/crtbegin.o
                [!provide]                        PROVIDE (__fini_array_end = .)
                0x0000000008002144                . = ALIGN (0x4)
                0x0000000008002144                _sidata = LOADADDR (.data)

.data           0x0000000020000000        0x4 load address 0x0000000008002144
                0x0000000020000000                . = ALIGN (0x4)
                0x0000000020000000                _sdata = .
 *(.data)
 *(.data*)
 .data.SystemCoreClock
                0x0000000020000000        0x4 ./Src/system_stm32h5xx.o
                0x0000000020000000                SystemCoreClock
 *(.RamFunc)
 *(.RamFunc*)
                0x0000000020000004                . = ALIGN (0x4)
                0x0000000020000004                _edata = .

.igot.plt       0x0000000020000004        0x0 load address 0x0000000008002148
 .igot.plt      0x0000000020000004        0x0 C:/ST/STM32CubeIDE_1.13.0/STM32CubeIDE/plugins/com.st.stm32cube.ide.mcu.externaltools.gnu-tools-for-stm32.11.3.rel1.win32_1.1.100.202309141235/tools/bin/../lib/gcc/arm-none-eabi/11.3.1/thumb/v8-m.main+fp/hard/crtbegin.o
                0x0000000020000004                . = ALIGN (0x4)

.bss            0x0000000020000004       0x20 load address 0x0000000008002148
                0x0000000020000004                _sbss = .
                0x0000000020000004                __bss_start__ = _sbss
 *(.bss)
 .bss           0x0000000020000004       0x1c C:/ST/STM32CubeIDE_1.13.0/STM32CubeIDE/plugins/com.st.stm32cube.ide.mcu.externaltools.gnu-tools-for-stm32.11.3.rel1.win32_1.1.100.202309141235/tools/bin/../lib/gcc/arm-none-eabi/11.3.1/thumb/v8-m.main+fp/hard/crtbegin.o
 *(.bss*)
 .bss.g_ms_ticks
                0x0000000020000020        0x4 ./Src/main.o
                0x0000000020000020                g_ms_ticks
 *(COMMON)
                0x0000000020000024                . = ALIGN (0x4)
                0x0000000020000024                _ebss = .
                0x0000000020000024                __bss_end__ = _ebss

._user_heap_stack
                0x0000000020000024      0x604 load address 0x0000000008002148
                0x0000000020000028                . = ALIGN (0x8)
 *fill*         0x0000000020000024        0x4 
                [!provide]                        PROVIDE (end = .)
                0x0000000020000028                PROVIDE (_end = .)
                0x0000000020000228                . = (. + _Min_Heap_Size)
 *fill*         0x0000000020000028      0x200 
                0x0000000020000628                . = (. + _Min_Stack_Size)
 *fill*         0x0000000020000228      0x400 
                0x0000000020000628                . = ALIGN (0x8)

/DISCARD/
 libc.a(*)
 libm.a(*)
 libgcc.a(*)

.ARM.attributes
                0x0000000000000000       0x36
 *(.ARM.attributes)
 .ARM.attributes
                0x0000000000000000       0x22 C:/ST/STM32CubeIDE_1.13.0/STM32CubeIDE/plugins/com.st.stm32cube.ide.mcu.externaltools.gnu-tools-for-stm32.11.3.rel1.win32_1.1.100.202309141235/tools/bin/../lib/gcc/arm-none-eabi/11.3.1/thumb/v8-m.main+fp/hard/crti.o
 .ARM.attributes
                0x0000000000000022       0x38 C:/ST/STM32CubeIDE_1.13.0/STM32CubeIDE/plugins/com.st.stm32cube.ide.mcu.externaltools.gnu-tools-for-stm32.11.3.rel1.win32_1.1.100.202309141235/tools/bin/../lib/gcc/arm-none-eabi/11.3.1/thumb/v8-m.main+fp/hard/crtbegin.o
 .ARM.attributes
                0x000000000000005a       0x3a ./Bsp/src/DDR5_Board.o
 .ARM.attributes
                0x0000000000000094       0x3a ./Bsp/src/DDR5_Board_Clock.o
 .ARM.attributes
                0x00000000000000ce       0x3a ./Bsp/src/DDR5_Board_IRQ.o
 .ARM.attributes
                0x0000000000000108       0x3a ./Src/main.o
 .ARM.attributes
                0x0000000000000142       0x3a ./Src/system_stm32h5xx.o
 .ARM.attributes
                0x000000000000017c       0x24 ./Startup/startup_stm32h563zitx.o
 .ARM.attributes
                0x00000000000001a0       0x38 C:/ST/STM32CubeIDE_1.13.0/STM32CubeIDE/plugins/com.st.stm32cube.ide.mcu.externaltools.gnu-tools-for-stm32.11.3.rel1.win32_1.1.100.202309141235/tools/bin/../lib/gcc/arm-none-eabi/11.3.1/../../../../arm-none-eabi/lib/thumb/v8-m.main+fp/hard\libc_nano.a(libc_a-init.o)
 .ARM.attributes
                0x00000000000001d8       0x22 C:/ST/STM32CubeIDE_1.13.0/STM32CubeIDE/plugins/com.st.stm32cube.ide.mcu.externaltools.gnu-tools-for-stm32.11.3.rel1.win32_1.1.100.202309141235/tools/bin/../lib/gcc/arm-none-eabi/11.3.1/thumb/v8-m.main+fp/hard/crtn.o
OUTPUT(1_GPIO.elf elf32-littlearm)
LOAD linker stubs
LOAD C:/ST/STM32CubeIDE_1.13.0/STM32CubeIDE/plugins/com.st.stm32cube.ide.mcu.externaltools.gnu-tools-for-stm32.11.3.rel1.win32_1.1.100.202309141235/tools/bin/../lib/gcc/arm-none-eabi/11.3.1/../../../../arm-none-eabi/lib/thumb/v8-m.main+fp/hard\libc.a
LOAD C:/ST/STM32CubeIDE_1.13.0/STM32CubeIDE/plugins/com.st.stm32cube.ide.mcu.externaltools.gnu-tools-for-stm32.11.3.rel1.win32_1.1.100.202309141235/tools/bin/../lib/gcc/arm-none-eabi/11.3.1/../../../../arm-none-eabi/lib/thumb/v8-m.main+fp/hard\libm.a
LOAD C:/ST/STM32CubeIDE_1.13.0/STM32CubeIDE/plugins/com.st.stm32cube.ide.mcu.externaltools.gnu-tools-for-stm32.11.3.rel1.win32_1.1.100.202309141235/tools/bin/../lib/gcc/arm-none-eabi/11.3.1/thumb/v8-m.main+fp/hard\libgcc.a

.comment        0x0000000000000000       0x43
 .comment       0x0000000000000000       0x43 C:/ST/STM32CubeIDE_1.13.0/STM32CubeIDE/plugins/com.st.stm32cube.ide.mcu.externaltools.gnu-tools-for-stm32.11.3.rel1.win32_1.1.100.202309141235/tools/bin/../lib/gcc/arm-none-eabi/11.3.1/thumb/v8-m.main+fp/hard/crtbegin.o
                                         0x44 (size before relaxing)
 .comment       0x0000000000000043       0x44 ./Bsp/src/DDR5_Board.o
 .comment       0x0000000000000043       0x44 ./Bsp/src/DDR5_Board_Clock.o
 .comment       0x0000000000000043       0x44 ./Bsp/src/DDR5_Board_IRQ.o
 .comment       0x0000000000000043       0x44 ./Src/main.o
 .comment       0x0000000000000043       0x44 ./Src/system_stm32h5xx.o

.debug_info     0x0000000000000000     0x5af1
 .debug_info    0x0000000000000000     0x1b71 ./Bsp/src/DDR5_Board.o
 .debug_info    0x0000000000001b71     0x1f64 ./Bsp/src/DDR5_Board_Clock.o
 .debug_info    0x0000000000003ad5      0xcb0 ./Bsp/src/DDR5_Board_IRQ.o
 .debug_info    0x0000000000004785      0x5bb ./Src/main.o
 .debug_info    0x0000000000004d40      0xd8e ./Src/system_stm32h5xx.o
 .debug_info    0x0000000000005ace       0x23 ./Startup/startup_stm32h563zitx.o

.debug_abbrev   0x0000000000000000      0xa68
 .debug_abbrev  0x0000000000000000      0x2e2 ./Bsp/src/DDR5_Board.o
 .debug_abbrev  0x00000000000002e2      0x230 ./Bsp/src/DDR5_Board_Clock.o
 .debug_abbrev  0x0000000000000512      0x1d1 ./Bsp/src/DDR5_Board_IRQ.o
 .debug_abbrev  0x00000000000006e3      0x239 ./Src/main.o
 .debug_abbrev  0x000000000000091c      0x13a ./Src/system_stm32h5xx.o
 .debug_abbrev  0x0000000000000a56       0x12 ./Startup/startup_stm32h563zitx.o

.debug_aranges  0x0000000000000000      0x5a8
 .debug_aranges
                0x0000000000000000      0x228 ./Bsp/src/DDR5_Board.o
 .debug_aranges
                0x0000000000000228      0x208 ./Bsp/src/DDR5_Board_Clock.o
 .debug_aranges
                0x0000000000000430       0xa8 ./Bsp/src/DDR5_Board_IRQ.o
 .debug_aranges
                0x00000000000004d8       0x80 ./Src/main.o
 .debug_aranges
                0x0000000000000558       0x28 ./Src/system_stm32h5xx.o
 .debug_aranges
                0x0000000000000580       0x28 ./Startup/startup_stm32h563zitx.o

.debug_rnglists
                0x0000000000000000      0x42e
 .debug_rnglists
                0x0000000000000000      0x1a2 ./Bsp/src/DDR5_Board.o
 .debug_rnglists
                0x00000000000001a2      0x182 ./Bsp/src/DDR5_Board_Clock.o
 .debug_rnglists
                0x0000000000000324       0x7a ./Bsp/src/DDR5_Board_IRQ.o
 .debug_rnglists
                0x000000000000039e       0x5c ./Src/main.o
 .debug_rnglists
                0x00000000000003fa       0x1b ./Src/system_stm32h5xx.o
 .debug_rnglists
                0x0000000000000415       0x19 ./Startup/startup_stm32h563zitx.o

.debug_macro    0x0000000000000000    0x27548
 .debug_macro   0x0000000000000000      0x201 ./Bsp/src/DDR5_Board.o
 .debug_macro   0x0000000000000201      0xaae ./Bsp/src/DDR5_Board.o
 .debug_macro   0x0000000000000caf       0x22 ./Bsp/src/DDR5_Board.o
 .debug_macro   0x0000000000000cd1       0x5b ./Bsp/src/DDR5_Board.o
 .debug_macro   0x0000000000000d2c       0x2a ./Bsp/src/DDR5_Board.o
 .debug_macro   0x0000000000000d56       0x94 ./Bsp/src/DDR5_Board.o
 .debug_macro   0x0000000000000dea       0x43 ./Bsp/src/DDR5_Board.o
 .debug_macro   0x0000000000000e2d       0x34 ./Bsp/src/DDR5_Board.o
 .debug_macro   0x0000000000000e61      0x174 ./Bsp/src/DDR5_Board.o
 .debug_macro   0x0000000000000fd5       0x16 ./Bsp/src/DDR5_Board.o
 .debug_macro   0x0000000000000feb       0x43 ./Bsp/src/DDR5_Board.o
 .debug_macro   0x000000000000102e       0x57 ./Bsp/src/DDR5_Board.o
 .debug_macro   0x0000000000001085       0x34 ./Bsp/src/DDR5_Board.o
 .debug_macro   0x00000000000010b9       0x10 ./Bsp/src/DDR5_Board.o
 .debug_macro   0x00000000000010c9       0x58 ./Bsp/src/DDR5_Board.o
 .debug_macro   0x0000000000001121       0x8e ./Bsp/src/DDR5_Board.o
 .debug_macro   0x00000000000011af       0x1c ./Bsp/src/DDR5_Board.o
 .debug_macro   0x00000000000011cb      0x177 ./Bsp/src/DDR5_Board.o
 .debug_macro   0x0000000000001342      0x369 ./Bsp/src/DDR5_Board.o
 .debug_macro   0x00000000000016ab      0x19b ./Bsp/src/DDR5_Board.o
 .debug_macro   0x0000000000001846       0x28 ./Bsp/src/DDR5_Board.o
 .debug_macro   0x000000000000186e       0x49 ./Bsp/src/DDR5_Board.o
 .debug_macro   0x00000000000018b7      0x103 ./Bsp/src/DDR5_Board.o
 .debug_macro   0x00000000000019ba       0x6a ./Bsp/src/DDR5_Board.o
 .debug_macro   0x0000000000001a24      0x1df ./Bsp/src/DDR5_Board.o
 .debug_macro   0x0000000000001c03       0x1c ./Bsp/src/DDR5_Board.o
 .debug_macro   0x0000000000001c1f       0x29 ./Bsp/src/DDR5_Board.o
 .debug_macro   0x0000000000001c48       0xfb ./Bsp/src/DDR5_Board.o
 .debug_macro   0x0000000000001d43     0x1685 ./Bsp/src/DDR5_Board.o
 .debug_macro   0x00000000000033c8       0x5e ./Bsp/src/DDR5_Board.o
 .debug_macro   0x0000000000003426    0x2108f ./Bsp/src/DDR5_Board.o
 .debug_macro   0x00000000000244b5       0x6d ./Bsp/src/DDR5_Board.o
 .debug_macro   0x0000000000024522      0x2d3 ./Bsp/src/DDR5_Board.o
 .debug_macro   0x00000000000247f5      0x167 ./Bsp/src/DDR5_Board.o
 .debug_macro   0x000000000002495c      0x29d ./Bsp/src/DDR5_Board.o
 .debug_macro   0x0000000000024bf9      0x279 ./Bsp/src/DDR5_Board.o
 .debug_macro   0x0000000000024e72      0x39e ./Bsp/src/DDR5_Board.o
 .debug_macro   0x0000000000025210      0x24d ./Bsp/src/DDR5_Board.o
 .debug_macro   0x000000000002545d      0x40f ./Bsp/src/DDR5_Board.o
 .debug_macro   0x000000000002586c      0x217 ./Bsp/src/DDR5_Board_Clock.o
 .debug_macro   0x0000000000025a83      0xdf3 ./Bsp/src/DDR5_Board_Clock.o
 .debug_macro   0x0000000000026876       0xe6 ./Bsp/src/DDR5_Board_Clock.o
 .debug_macro   0x000000000002695c      0x296 ./Bsp/src/DDR5_Board_Clock.o
 .debug_macro   0x0000000000026bf2      0x1b9 ./Bsp/src/DDR5_Board_IRQ.o
 .debug_macro   0x0000000000026dab      0x165 ./Bsp/src/DDR5_Board_IRQ.o
 .debug_macro   0x0000000000026f10      0x1d2 ./Src/main.o
 .debug_macro   0x00000000000270e2      0x2cd ./Src/main.o
 .debug_macro   0x00000000000273af      0x199 ./Src/system_stm32h5xx.o

.debug_line     0x0000000000000000     0x4531
 .debug_line    0x0000000000000000     0x136b ./Bsp/src/DDR5_Board.o
 .debug_line    0x000000000000136b     0x15fe ./Bsp/src/DDR5_Board_Clock.o
 .debug_line    0x0000000000002969      0xa0c ./Bsp/src/DDR5_Board_IRQ.o
 .debug_line    0x0000000000003375      0x94c ./Src/main.o
 .debug_line    0x0000000000003cc1      0x7f5 ./Src/system_stm32h5xx.o
 .debug_line    0x00000000000044b6       0x7b ./Startup/startup_stm32h563zitx.o

.debug_str      0x0000000000000000    0xea067
 .debug_str     0x0000000000000000    0xdc2ff ./Bsp/src/DDR5_Board.o
                                      0xdc60e (size before relaxing)
 .debug_str     0x00000000000dc2ff     0xd011 ./Bsp/src/DDR5_Board_Clock.o
                                      0xe63d2 (size before relaxing)
 .debug_str     0x00000000000e9310      0x89d ./Bsp/src/DDR5_Board_IRQ.o
                                      0xda310 (size before relaxing)
 .debug_str     0x00000000000e9bad      0x394 ./Src/main.o
                                      0xd9ae4 (size before relaxing)
 .debug_str     0x00000000000e9f41       0xf7 ./Src/system_stm32h5xx.o
                                      0xd4869 (size before relaxing)
 .debug_str     0x00000000000ea038       0x2f ./Startup/startup_stm32h563zitx.o
                                         0x5f (size before relaxing)

.debug_frame    0x0000000000000000     0x1770
 .debug_frame   0x0000000000000000      0xa04 ./Bsp/src/DDR5_Board.o
 .debug_frame   0x0000000000000a04      0x8ac ./Bsp/src/DDR5_Board_Clock.o
 .debug_frame   0x00000000000012b0      0x278 ./Bsp/src/DDR5_Board_IRQ.o
 .debug_frame   0x0000000000001528      0x1bc ./Src/main.o
 .debug_frame   0x00000000000016e4       0x60 ./Src/system_stm32h5xx.o
 .debug_frame   0x0000000000001744       0x2c C:/ST/STM32CubeIDE_1.13.0/STM32CubeIDE/plugins/com.st.stm32cube.ide.mcu.externaltools.gnu-tools-for-stm32.11.3.rel1.win32_1.1.100.202309141235/tools/bin/../lib/gcc/arm-none-eabi/11.3.1/../../../../arm-none-eabi/lib/thumb/v8-m.main+fp/hard\libc_nano.a(libc_a-init.o)

.debug_line_str
                0x0000000000000000       0x53
 .debug_line_str
                0x0000000000000000       0x53 ./Startup/startup_stm32h563zitx.o
                                         0x6b (size before relaxing)
