19:23:44 **** Build of configuration Debug for project DDR5_TestPlatform ****
make -j16 all 
arm-none-eabi-gcc "C:/Users/Xavi/Documents/UOC/DDR5_Test_Platform_XR/Papers/STM32H563ZIT6/DDR5_TestPlatform/Drivers/STM32H5xx_HAL_Driver/Src/stm32h5xx_hal.c" -mcpu=cortex-m33 -std=gnu11 -g3 -DDEBUG -DUSE_FULL_LL_DRIVER -DUSE_HAL_DRIVER -DSTM32H563xx -c -I../../Core/Inc -I../../Drivers/STM32H5xx_HAL_Driver/Inc -I../../Drivers/STM32H5xx_HAL_Driver/Inc/Legacy -I../../Drivers/CMSIS/Device/ST/STM32H5xx/Include -I../../Drivers/CMSIS/Include -O0 -ffunction-sections -fdata-sections -Wall -fstack-usage -fcyclomatic-complexity -MMD -MP -MF"Drivers/STM32H5xx_HAL_Driver/stm32h5xx_hal.d" -MT"Drivers/STM32H5xx_HAL_Driver/stm32h5xx_hal.o" --specs=nano.specs -mfpu=fpv5-sp-d16 -mfloat-abi=hard -mthumb -o "Drivers/STM32H5xx_HAL_Driver/stm32h5xx_hal.o"
arm-none-eabi-gcc "C:/Users/Xavi/Documents/UOC/DDR5_Test_Platform_XR/Papers/STM32H563ZIT6/DDR5_TestPlatform/Drivers/STM32H5xx_HAL_Driver/Src/stm32h5xx_hal_adc.c" -mcpu=cortex-m33 -std=gnu11 -g3 -DDEBUG -DUSE_FULL_LL_DRIVER -DUSE_HAL_DRIVER -DSTM32H563xx -c -I../../Core/Inc -I../../Drivers/STM32H5xx_HAL_Driver/Inc -I../../Drivers/STM32H5xx_HAL_Driver/Inc/Legacy -I../../Drivers/CMSIS/Device/ST/STM32H5xx/Include -I../../Drivers/CMSIS/Include -O0 -ffunction-sections -fdata-sections -Wall -fstack-usage -fcyclomatic-complexity -MMD -MP -MF"Drivers/STM32H5xx_HAL_Driver/stm32h5xx_hal_adc.d" -MT"Drivers/STM32H5xx_HAL_Driver/stm32h5xx_hal_adc.o" --specs=nano.specs -mfpu=fpv5-sp-d16 -mfloat-abi=hard -mthumb -o "Drivers/STM32H5xx_HAL_Driver/stm32h5xx_hal_adc.o"
arm-none-eabi-gcc "C:/Users/Xavi/Documents/UOC/DDR5_Test_Platform_XR/Papers/STM32H563ZIT6/DDR5_TestPlatform/Drivers/STM32H5xx_HAL_Driver/Src/stm32h5xx_hal_adc_ex.c" -mcpu=cortex-m33 -std=gnu11 -g3 -DDEBUG -DUSE_FULL_LL_DRIVER -DUSE_HAL_DRIVER -DSTM32H563xx -c -I../../Core/Inc -I../../Drivers/STM32H5xx_HAL_Driver/Inc -I../../Drivers/STM32H5xx_HAL_Driver/Inc/Legacy -I../../Drivers/CMSIS/Device/ST/STM32H5xx/Include -I../../Drivers/CMSIS/Include -O0 -ffunction-sections -fdata-sections -Wall -fstack-usage -fcyclomatic-complexity -MMD -MP -MF"Drivers/STM32H5xx_HAL_Driver/stm32h5xx_hal_adc_ex.d" -MT"Drivers/STM32H5xx_HAL_Driver/stm32h5xx_hal_adc_ex.o" --specs=nano.specs -mfpu=fpv5-sp-d16 -mfloat-abi=hard -mthumb -o "Drivers/STM32H5xx_HAL_Driver/stm32h5xx_hal_adc_ex.o"
arm-none-eabi-gcc "C:/Users/Xavi/Documents/UOC/DDR5_Test_Platform_XR/Papers/STM32H563ZIT6/DDR5_TestPlatform/Drivers/STM32H5xx_HAL_Driver/Src/stm32h5xx_hal_cortex.c" -mcpu=cortex-m33 -std=gnu11 -g3 -DDEBUG -DUSE_FULL_LL_DRIVER -DUSE_HAL_DRIVER -DSTM32H563xx -c -I../../Core/Inc -I../../Drivers/STM32H5xx_HAL_Driver/Inc -I../../Drivers/STM32H5xx_HAL_Driver/Inc/Legacy -I../../Drivers/CMSIS/Device/ST/STM32H5xx/Include -I../../Drivers/CMSIS/Include -O0 -ffunction-sections -fdata-sections -Wall -fstack-usage -fcyclomatic-complexity -MMD -MP -MF"Drivers/STM32H5xx_HAL_Driver/stm32h5xx_hal_cortex.d" -MT"Drivers/STM32H5xx_HAL_Driver/stm32h5xx_hal_cortex.o" --specs=nano.specs -mfpu=fpv5-sp-d16 -mfloat-abi=hard -mthumb -o "Drivers/STM32H5xx_HAL_Driver/stm32h5xx_hal_cortex.o"
arm-none-eabi-gcc "C:/Users/Xavi/Documents/UOC/DDR5_Test_Platform_XR/Papers/STM32H563ZIT6/DDR5_TestPlatform/Drivers/STM32H5xx_HAL_Driver/Src/stm32h5xx_hal_dma.c" -mcpu=cortex-m33 -std=gnu11 -g3 -DDEBUG -DUSE_FULL_LL_DRIVER -DUSE_HAL_DRIVER -DSTM32H563xx -c -I../../Core/Inc -I../../Drivers/STM32H5xx_HAL_Driver/Inc -I../../Drivers/STM32H5xx_HAL_Driver/Inc/Legacy -I../../Drivers/CMSIS/Device/ST/STM32H5xx/Include -I../../Drivers/CMSIS/Include -O0 -ffunction-sections -fdata-sections -Wall -fstack-usage -fcyclomatic-complexity -MMD -MP -MF"Drivers/STM32H5xx_HAL_Driver/stm32h5xx_hal_dma.d" -MT"Drivers/STM32H5xx_HAL_Driver/stm32h5xx_hal_dma.o" --specs=nano.specs -mfpu=fpv5-sp-d16 -mfloat-abi=hard -mthumb -o "Drivers/STM32H5xx_HAL_Driver/stm32h5xx_hal_dma.o"
arm-none-eabi-gcc "C:/Users/Xavi/Documents/UOC/DDR5_Test_Platform_XR/Papers/STM32H563ZIT6/DDR5_TestPlatform/Drivers/STM32H5xx_HAL_Driver/Src/stm32h5xx_hal_dma_ex.c" -mcpu=cortex-m33 -std=gnu11 -g3 -DDEBUG -DUSE_FULL_LL_DRIVER -DUSE_HAL_DRIVER -DSTM32H563xx -c -I../../Core/Inc -I../../Drivers/STM32H5xx_HAL_Driver/Inc -I../../Drivers/STM32H5xx_HAL_Driver/Inc/Legacy -I../../Drivers/CMSIS/Device/ST/STM32H5xx/Include -I../../Drivers/CMSIS/Include -O0 -ffunction-sections -fdata-sections -Wall -fstack-usage -fcyclomatic-complexity -MMD -MP -MF"Drivers/STM32H5xx_HAL_Driver/stm32h5xx_hal_dma_ex.d" -MT"Drivers/STM32H5xx_HAL_Driver/stm32h5xx_hal_dma_ex.o" --specs=nano.specs -mfpu=fpv5-sp-d16 -mfloat-abi=hard -mthumb -o "Drivers/STM32H5xx_HAL_Driver/stm32h5xx_hal_dma_ex.o"
arm-none-eabi-gcc "C:/Users/Xavi/Documents/UOC/DDR5_Test_Platform_XR/Papers/STM32H563ZIT6/DDR5_TestPlatform/Drivers/STM32H5xx_HAL_Driver/Src/stm32h5xx_hal_exti.c" -mcpu=cortex-m33 -std=gnu11 -g3 -DDEBUG -DUSE_FULL_LL_DRIVER -DUSE_HAL_DRIVER -DSTM32H563xx -c -I../../Core/Inc -I../../Drivers/STM32H5xx_HAL_Driver/Inc -I../../Drivers/STM32H5xx_HAL_Driver/Inc/Legacy -I../../Drivers/CMSIS/Device/ST/STM32H5xx/Include -I../../Drivers/CMSIS/Include -O0 -ffunction-sections -fdata-sections -Wall -fstack-usage -fcyclomatic-complexity -MMD -MP -MF"Drivers/STM32H5xx_HAL_Driver/stm32h5xx_hal_exti.d" -MT"Drivers/STM32H5xx_HAL_Driver/stm32h5xx_hal_exti.o" --specs=nano.specs -mfpu=fpv5-sp-d16 -mfloat-abi=hard -mthumb -o "Drivers/STM32H5xx_HAL_Driver/stm32h5xx_hal_exti.o"
arm-none-eabi-gcc "C:/Users/Xavi/Documents/UOC/DDR5_Test_Platform_XR/Papers/STM32H563ZIT6/DDR5_TestPlatform/Drivers/STM32H5xx_HAL_Driver/Src/stm32h5xx_hal_flash.c" -mcpu=cortex-m33 -std=gnu11 -g3 -DDEBUG -DUSE_FULL_LL_DRIVER -DUSE_HAL_DRIVER -DSTM32H563xx -c -I../../Core/Inc -I../../Drivers/STM32H5xx_HAL_Driver/Inc -I../../Drivers/STM32H5xx_HAL_Driver/Inc/Legacy -I../../Drivers/CMSIS/Device/ST/STM32H5xx/Include -I../../Drivers/CMSIS/Include -O0 -ffunction-sections -fdata-sections -Wall -fstack-usage -fcyclomatic-complexity -MMD -MP -MF"Drivers/STM32H5xx_HAL_Driver/stm32h5xx_hal_flash.d" -MT"Drivers/STM32H5xx_HAL_Driver/stm32h5xx_hal_flash.o" --specs=nano.specs -mfpu=fpv5-sp-d16 -mfloat-abi=hard -mthumb -o "Drivers/STM32H5xx_HAL_Driver/stm32h5xx_hal_flash.o"
arm-none-eabi-gcc "C:/Users/Xavi/Documents/UOC/DDR5_Test_Platform_XR/Papers/STM32H563ZIT6/DDR5_TestPlatform/Drivers/STM32H5xx_HAL_Driver/Src/stm32h5xx_hal_flash_ex.c" -mcpu=cortex-m33 -std=gnu11 -g3 -DDEBUG -DUSE_FULL_LL_DRIVER -DUSE_HAL_DRIVER -DSTM32H563xx -c -I../../Core/Inc -I../../Drivers/STM32H5xx_HAL_Driver/Inc -I../../Drivers/STM32H5xx_HAL_Driver/Inc/Legacy -I../../Drivers/CMSIS/Device/ST/STM32H5xx/Include -I../../Drivers/CMSIS/Include -O0 -ffunction-sections -fdata-sections -Wall -fstack-usage -fcyclomatic-complexity -MMD -MP -MF"Drivers/STM32H5xx_HAL_Driver/stm32h5xx_hal_flash_ex.d" -MT"Drivers/STM32H5xx_HAL_Driver/stm32h5xx_hal_flash_ex.o" --specs=nano.specs -mfpu=fpv5-sp-d16 -mfloat-abi=hard -mthumb -o "Drivers/STM32H5xx_HAL_Driver/stm32h5xx_hal_flash_ex.o"
arm-none-eabi-gcc "C:/Users/Xavi/Documents/UOC/DDR5_Test_Platform_XR/Papers/STM32H563ZIT6/DDR5_TestPlatform/Drivers/STM32H5xx_HAL_Driver/Src/stm32h5xx_hal_gpio.c" -mcpu=cortex-m33 -std=gnu11 -g3 -DDEBUG -DUSE_FULL_LL_DRIVER -DUSE_HAL_DRIVER -DSTM32H563xx -c -I../../Core/Inc -I../../Drivers/STM32H5xx_HAL_Driver/Inc -I../../Drivers/STM32H5xx_HAL_Driver/Inc/Legacy -I../../Drivers/CMSIS/Device/ST/STM32H5xx/Include -I../../Drivers/CMSIS/Include -O0 -ffunction-sections -fdata-sections -Wall -fstack-usage -fcyclomatic-complexity -MMD -MP -MF"Drivers/STM32H5xx_HAL_Driver/stm32h5xx_hal_gpio.d" -MT"Drivers/STM32H5xx_HAL_Driver/stm32h5xx_hal_gpio.o" --specs=nano.specs -mfpu=fpv5-sp-d16 -mfloat-abi=hard -mthumb -o "Drivers/STM32H5xx_HAL_Driver/stm32h5xx_hal_gpio.o"
arm-none-eabi-gcc "C:/Users/Xavi/Documents/UOC/DDR5_Test_Platform_XR/Papers/STM32H563ZIT6/DDR5_TestPlatform/Drivers/STM32H5xx_HAL_Driver/Src/stm32h5xx_hal_i2c.c" -mcpu=cortex-m33 -std=gnu11 -g3 -DDEBUG -DUSE_FULL_LL_DRIVER -DUSE_HAL_DRIVER -DSTM32H563xx -c -I../../Core/Inc -I../../Drivers/STM32H5xx_HAL_Driver/Inc -I../../Drivers/STM32H5xx_HAL_Driver/Inc/Legacy -I../../Drivers/CMSIS/Device/ST/STM32H5xx/Include -I../../Drivers/CMSIS/Include -O0 -ffunction-sections -fdata-sections -Wall -fstack-usage -fcyclomatic-complexity -MMD -MP -MF"Drivers/STM32H5xx_HAL_Driver/stm32h5xx_hal_i2c.d" -MT"Drivers/STM32H5xx_HAL_Driver/stm32h5xx_hal_i2c.o" --specs=nano.specs -mfpu=fpv5-sp-d16 -mfloat-abi=hard -mthumb -o "Drivers/STM32H5xx_HAL_Driver/stm32h5xx_hal_i2c.o"
arm-none-eabi-gcc "C:/Users/Xavi/Documents/UOC/DDR5_Test_Platform_XR/Papers/STM32H563ZIT6/DDR5_TestPlatform/Drivers/STM32H5xx_HAL_Driver/Src/stm32h5xx_hal_i2c_ex.c" -mcpu=cortex-m33 -std=gnu11 -g3 -DDEBUG -DUSE_FULL_LL_DRIVER -DUSE_HAL_DRIVER -DSTM32H563xx -c -I../../Core/Inc -I../../Drivers/STM32H5xx_HAL_Driver/Inc -I../../Drivers/STM32H5xx_HAL_Driver/Inc/Legacy -I../../Drivers/CMSIS/Device/ST/STM32H5xx/Include -I../../Drivers/CMSIS/Include -O0 -ffunction-sections -fdata-sections -Wall -fstack-usage -fcyclomatic-complexity -MMD -MP -MF"Drivers/STM32H5xx_HAL_Driver/stm32h5xx_hal_i2c_ex.d" -MT"Drivers/STM32H5xx_HAL_Driver/stm32h5xx_hal_i2c_ex.o" --specs=nano.specs -mfpu=fpv5-sp-d16 -mfloat-abi=hard -mthumb -o "Drivers/STM32H5xx_HAL_Driver/stm32h5xx_hal_i2c_ex.o"
arm-none-eabi-gcc "C:/Users/Xavi/Documents/UOC/DDR5_Test_Platform_XR/Papers/STM32H563ZIT6/DDR5_TestPlatform/Drivers/STM32H5xx_HAL_Driver/Src/stm32h5xx_hal_i3c.c" -mcpu=cortex-m33 -std=gnu11 -g3 -DDEBUG -DUSE_FULL_LL_DRIVER -DUSE_HAL_DRIVER -DSTM32H563xx -c -I../../Core/Inc -I../../Drivers/STM32H5xx_HAL_Driver/Inc -I../../Drivers/STM32H5xx_HAL_Driver/Inc/Legacy -I../../Drivers/CMSIS/Device/ST/STM32H5xx/Include -I../../Drivers/CMSIS/Include -O0 -ffunction-sections -fdata-sections -Wall -fstack-usage -fcyclomatic-complexity -MMD -MP -MF"Drivers/STM32H5xx_HAL_Driver/stm32h5xx_hal_i3c.d" -MT"Drivers/STM32H5xx_HAL_Driver/stm32h5xx_hal_i3c.o" --specs=nano.specs -mfpu=fpv5-sp-d16 -mfloat-abi=hard -mthumb -o "Drivers/STM32H5xx_HAL_Driver/stm32h5xx_hal_i3c.o"
arm-none-eabi-gcc "C:/Users/Xavi/Documents/UOC/DDR5_Test_Platform_XR/Papers/STM32H563ZIT6/DDR5_TestPlatform/Drivers/STM32H5xx_HAL_Driver/Src/stm32h5xx_hal_icache.c" -mcpu=cortex-m33 -std=gnu11 -g3 -DDEBUG -DUSE_FULL_LL_DRIVER -DUSE_HAL_DRIVER -DSTM32H563xx -c -I../../Core/Inc -I../../Drivers/STM32H5xx_HAL_Driver/Inc -I../../Drivers/STM32H5xx_HAL_Driver/Inc/Legacy -I../../Drivers/CMSIS/Device/ST/STM32H5xx/Include -I../../Drivers/CMSIS/Include -O0 -ffunction-sections -fdata-sections -Wall -fstack-usage -fcyclomatic-complexity -MMD -MP -MF"Drivers/STM32H5xx_HAL_Driver/stm32h5xx_hal_icache.d" -MT"Drivers/STM32H5xx_HAL_Driver/stm32h5xx_hal_icache.o" --specs=nano.specs -mfpu=fpv5-sp-d16 -mfloat-abi=hard -mthumb -o "Drivers/STM32H5xx_HAL_Driver/stm32h5xx_hal_icache.o"
arm-none-eabi-gcc "C:/Users/Xavi/Documents/UOC/DDR5_Test_Platform_XR/Papers/STM32H563ZIT6/DDR5_TestPlatform/Drivers/STM32H5xx_HAL_Driver/Src/stm32h5xx_hal_pcd.c" -mcpu=cortex-m33 -std=gnu11 -g3 -DDEBUG -DUSE_FULL_LL_DRIVER -DUSE_HAL_DRIVER -DSTM32H563xx -c -I../../Core/Inc -I../../Drivers/STM32H5xx_HAL_Driver/Inc -I../../Drivers/STM32H5xx_HAL_Driver/Inc/Legacy -I../../Drivers/CMSIS/Device/ST/STM32H5xx/Include -I../../Drivers/CMSIS/Include -O0 -ffunction-sections -fdata-sections -Wall -fstack-usage -fcyclomatic-complexity -MMD -MP -MF"Drivers/STM32H5xx_HAL_Driver/stm32h5xx_hal_pcd.d" -MT"Drivers/STM32H5xx_HAL_Driver/stm32h5xx_hal_pcd.o" --specs=nano.specs -mfpu=fpv5-sp-d16 -mfloat-abi=hard -mthumb -o "Drivers/STM32H5xx_HAL_Driver/stm32h5xx_hal_pcd.o"
arm-none-eabi-gcc "C:/Users/Xavi/Documents/UOC/DDR5_Test_Platform_XR/Papers/STM32H563ZIT6/DDR5_TestPlatform/Drivers/STM32H5xx_HAL_Driver/Src/stm32h5xx_hal_pcd_ex.c" -mcpu=cortex-m33 -std=gnu11 -g3 -DDEBUG -DUSE_FULL_LL_DRIVER -DUSE_HAL_DRIVER -DSTM32H563xx -c -I../../Core/Inc -I../../Drivers/STM32H5xx_HAL_Driver/Inc -I../../Drivers/STM32H5xx_HAL_Driver/Inc/Legacy -I../../Drivers/CMSIS/Device/ST/STM32H5xx/Include -I../../Drivers/CMSIS/Include -O0 -ffunction-sections -fdata-sections -Wall -fstack-usage -fcyclomatic-complexity -MMD -MP -MF"Drivers/STM32H5xx_HAL_Driver/stm32h5xx_hal_pcd_ex.d" -MT"Drivers/STM32H5xx_HAL_Driver/stm32h5xx_hal_pcd_ex.o" --specs=nano.specs -mfpu=fpv5-sp-d16 -mfloat-abi=hard -mthumb -o "Drivers/STM32H5xx_HAL_Driver/stm32h5xx_hal_pcd_ex.o"
arm-none-eabi-gcc "C:/Users/Xavi/Documents/UOC/DDR5_Test_Platform_XR/Papers/STM32H563ZIT6/DDR5_TestPlatform/Drivers/STM32H5xx_HAL_Driver/Src/stm32h5xx_hal_pwr.c" -mcpu=cortex-m33 -std=gnu11 -g3 -DDEBUG -DUSE_FULL_LL_DRIVER -DUSE_HAL_DRIVER -DSTM32H563xx -c -I../../Core/Inc -I../../Drivers/STM32H5xx_HAL_Driver/Inc -I../../Drivers/STM32H5xx_HAL_Driver/Inc/Legacy -I../../Drivers/CMSIS/Device/ST/STM32H5xx/Include -I../../Drivers/CMSIS/Include -O0 -ffunction-sections -fdata-sections -Wall -fstack-usage -fcyclomatic-complexity -MMD -MP -MF"Drivers/STM32H5xx_HAL_Driver/stm32h5xx_hal_pwr.d" -MT"Drivers/STM32H5xx_HAL_Driver/stm32h5xx_hal_pwr.o" --specs=nano.specs -mfpu=fpv5-sp-d16 -mfloat-abi=hard -mthumb -o "Drivers/STM32H5xx_HAL_Driver/stm32h5xx_hal_pwr.o"
arm-none-eabi-gcc "C:/Users/Xavi/Documents/UOC/DDR5_Test_Platform_XR/Papers/STM32H563ZIT6/DDR5_TestPlatform/Drivers/STM32H5xx_HAL_Driver/Src/stm32h5xx_hal_pwr_ex.c" -mcpu=cortex-m33 -std=gnu11 -g3 -DDEBUG -DUSE_FULL_LL_DRIVER -DUSE_HAL_DRIVER -DSTM32H563xx -c -I../../Core/Inc -I../../Drivers/STM32H5xx_HAL_Driver/Inc -I../../Drivers/STM32H5xx_HAL_Driver/Inc/Legacy -I../../Drivers/CMSIS/Device/ST/STM32H5xx/Include -I../../Drivers/CMSIS/Include -O0 -ffunction-sections -fdata-sections -Wall -fstack-usage -fcyclomatic-complexity -MMD -MP -MF"Drivers/STM32H5xx_HAL_Driver/stm32h5xx_hal_pwr_ex.d" -MT"Drivers/STM32H5xx_HAL_Driver/stm32h5xx_hal_pwr_ex.o" --specs=nano.specs -mfpu=fpv5-sp-d16 -mfloat-abi=hard -mthumb -o "Drivers/STM32H5xx_HAL_Driver/stm32h5xx_hal_pwr_ex.o"
arm-none-eabi-gcc "C:/Users/Xavi/Documents/UOC/DDR5_Test_Platform_XR/Papers/STM32H563ZIT6/DDR5_TestPlatform/Drivers/STM32H5xx_HAL_Driver/Src/stm32h5xx_hal_rcc.c" -mcpu=cortex-m33 -std=gnu11 -g3 -DDEBUG -DUSE_FULL_LL_DRIVER -DUSE_HAL_DRIVER -DSTM32H563xx -c -I../../Core/Inc -I../../Drivers/STM32H5xx_HAL_Driver/Inc -I../../Drivers/STM32H5xx_HAL_Driver/Inc/Legacy -I../../Drivers/CMSIS/Device/ST/STM32H5xx/Include -I../../Drivers/CMSIS/Include -O0 -ffunction-sections -fdata-sections -Wall -fstack-usage -fcyclomatic-complexity -MMD -MP -MF"Drivers/STM32H5xx_HAL_Driver/stm32h5xx_hal_rcc.d" -MT"Drivers/STM32H5xx_HAL_Driver/stm32h5xx_hal_rcc.o" --specs=nano.specs -mfpu=fpv5-sp-d16 -mfloat-abi=hard -mthumb -o "Drivers/STM32H5xx_HAL_Driver/stm32h5xx_hal_rcc.o"
arm-none-eabi-gcc "C:/Users/Xavi/Documents/UOC/DDR5_Test_Platform_XR/Papers/STM32H563ZIT6/DDR5_TestPlatform/Drivers/STM32H5xx_HAL_Driver/Src/stm32h5xx_hal_rcc_ex.c" -mcpu=cortex-m33 -std=gnu11 -g3 -DDEBUG -DUSE_FULL_LL_DRIVER -DUSE_HAL_DRIVER -DSTM32H563xx -c -I../../Core/Inc -I../../Drivers/STM32H5xx_HAL_Driver/Inc -I../../Drivers/STM32H5xx_HAL_Driver/Inc/Legacy -I../../Drivers/CMSIS/Device/ST/STM32H5xx/Include -I../../Drivers/CMSIS/Include -O0 -ffunction-sections -fdata-sections -Wall -fstack-usage -fcyclomatic-complexity -MMD -MP -MF"Drivers/STM32H5xx_HAL_Driver/stm32h5xx_hal_rcc_ex.d" -MT"Drivers/STM32H5xx_HAL_Driver/stm32h5xx_hal_rcc_ex.o" --specs=nano.specs -mfpu=fpv5-sp-d16 -mfloat-abi=hard -mthumb -o "Drivers/STM32H5xx_HAL_Driver/stm32h5xx_hal_rcc_ex.o"
arm-none-eabi-gcc "C:/Users/Xavi/Documents/UOC/DDR5_Test_Platform_XR/Papers/STM32H563ZIT6/DDR5_TestPlatform/Drivers/STM32H5xx_HAL_Driver/Src/stm32h5xx_hal_uart.c" -mcpu=cortex-m33 -std=gnu11 -g3 -DDEBUG -DUSE_FULL_LL_DRIVER -DUSE_HAL_DRIVER -DSTM32H563xx -c -I../../Core/Inc -I../../Drivers/STM32H5xx_HAL_Driver/Inc -I../../Drivers/STM32H5xx_HAL_Driver/Inc/Legacy -I../../Drivers/CMSIS/Device/ST/STM32H5xx/Include -I../../Drivers/CMSIS/Include -O0 -ffunction-sections -fdata-sections -Wall -fstack-usage -fcyclomatic-complexity -MMD -MP -MF"Drivers/STM32H5xx_HAL_Driver/stm32h5xx_hal_uart.d" -MT"Drivers/STM32H5xx_HAL_Driver/stm32h5xx_hal_uart.o" --specs=nano.specs -mfpu=fpv5-sp-d16 -mfloat-abi=hard -mthumb -o "Drivers/STM32H5xx_HAL_Driver/stm32h5xx_hal_uart.o"
arm-none-eabi-gcc "C:/Users/Xavi/Documents/UOC/DDR5_Test_Platform_XR/Papers/STM32H563ZIT6/DDR5_TestPlatform/Drivers/STM32H5xx_HAL_Driver/Src/stm32h5xx_hal_uart_ex.c" -mcpu=cortex-m33 -std=gnu11 -g3 -DDEBUG -DUSE_FULL_LL_DRIVER -DUSE_HAL_DRIVER -DSTM32H563xx -c -I../../Core/Inc -I../../Drivers/STM32H5xx_HAL_Driver/Inc -I../../Drivers/STM32H5xx_HAL_Driver/Inc/Legacy -I../../Drivers/CMSIS/Device/ST/STM32H5xx/Include -I../../Drivers/CMSIS/Include -O0 -ffunction-sections -fdata-sections -Wall -fstack-usage -fcyclomatic-complexity -MMD -MP -MF"Drivers/STM32H5xx_HAL_Driver/stm32h5xx_hal_uart_ex.d" -MT"Drivers/STM32H5xx_HAL_Driver/stm32h5xx_hal_uart_ex.o" --specs=nano.specs -mfpu=fpv5-sp-d16 -mfloat-abi=hard -mthumb -o "Drivers/STM32H5xx_HAL_Driver/stm32h5xx_hal_uart_ex.o"
arm-none-eabi-gcc "C:/Users/Xavi/Documents/UOC/DDR5_Test_Platform_XR/Papers/STM32H563ZIT6/DDR5_TestPlatform/Drivers/STM32H5xx_HAL_Driver/Src/stm32h5xx_ll_dma.c" -mcpu=cortex-m33 -std=gnu11 -g3 -DDEBUG -DUSE_FULL_LL_DRIVER -DUSE_HAL_DRIVER -DSTM32H563xx -c -I../../Core/Inc -I../../Drivers/STM32H5xx_HAL_Driver/Inc -I../../Drivers/STM32H5xx_HAL_Driver/Inc/Legacy -I../../Drivers/CMSIS/Device/ST/STM32H5xx/Include -I../../Drivers/CMSIS/Include -O0 -ffunction-sections -fdata-sections -Wall -fstack-usage -fcyclomatic-complexity -MMD -MP -MF"Drivers/STM32H5xx_HAL_Driver/stm32h5xx_ll_dma.d" -MT"Drivers/STM32H5xx_HAL_Driver/stm32h5xx_ll_dma.o" --specs=nano.specs -mfpu=fpv5-sp-d16 -mfloat-abi=hard -mthumb -o "Drivers/STM32H5xx_HAL_Driver/stm32h5xx_ll_dma.o"
arm-none-eabi-gcc "C:/Users/Xavi/Documents/UOC/DDR5_Test_Platform_XR/Papers/STM32H563ZIT6/DDR5_TestPlatform/Drivers/STM32H5xx_HAL_Driver/Src/stm32h5xx_ll_exti.c" -mcpu=cortex-m33 -std=gnu11 -g3 -DDEBUG -DUSE_FULL_LL_DRIVER -DUSE_HAL_DRIVER -DSTM32H563xx -c -I../../Core/Inc -I../../Drivers/STM32H5xx_HAL_Driver/Inc -I../../Drivers/STM32H5xx_HAL_Driver/Inc/Legacy -I../../Drivers/CMSIS/Device/ST/STM32H5xx/Include -I../../Drivers/CMSIS/Include -O0 -ffunction-sections -fdata-sections -Wall -fstack-usage -fcyclomatic-complexity -MMD -MP -MF"Drivers/STM32H5xx_HAL_Driver/stm32h5xx_ll_exti.d" -MT"Drivers/STM32H5xx_HAL_Driver/stm32h5xx_ll_exti.o" --specs=nano.specs -mfpu=fpv5-sp-d16 -mfloat-abi=hard -mthumb -o "Drivers/STM32H5xx_HAL_Driver/stm32h5xx_ll_exti.o"
arm-none-eabi-gcc "C:/Users/Xavi/Documents/UOC/DDR5_Test_Platform_XR/Papers/STM32H563ZIT6/DDR5_TestPlatform/Drivers/STM32H5xx_HAL_Driver/Src/stm32h5xx_ll_gpio.c" -mcpu=cortex-m33 -std=gnu11 -g3 -DDEBUG -DUSE_FULL_LL_DRIVER -DUSE_HAL_DRIVER -DSTM32H563xx -c -I../../Core/Inc -I../../Drivers/STM32H5xx_HAL_Driver/Inc -I../../Drivers/STM32H5xx_HAL_Driver/Inc/Legacy -I../../Drivers/CMSIS/Device/ST/STM32H5xx/Include -I../../Drivers/CMSIS/Include -O0 -ffunction-sections -fdata-sections -Wall -fstack-usage -fcyclomatic-complexity -MMD -MP -MF"Drivers/STM32H5xx_HAL_Driver/stm32h5xx_ll_gpio.d" -MT"Drivers/STM32H5xx_HAL_Driver/stm32h5xx_ll_gpio.o" --specs=nano.specs -mfpu=fpv5-sp-d16 -mfloat-abi=hard -mthumb -o "Drivers/STM32H5xx_HAL_Driver/stm32h5xx_ll_gpio.o"
arm-none-eabi-gcc "C:/Users/Xavi/Documents/UOC/DDR5_Test_Platform_XR/Papers/STM32H563ZIT6/DDR5_TestPlatform/Drivers/STM32H5xx_HAL_Driver/Src/stm32h5xx_ll_rcc.c" -mcpu=cortex-m33 -std=gnu11 -g3 -DDEBUG -DUSE_FULL_LL_DRIVER -DUSE_HAL_DRIVER -DSTM32H563xx -c -I../../Core/Inc -I../../Drivers/STM32H5xx_HAL_Driver/Inc -I../../Drivers/STM32H5xx_HAL_Driver/Inc/Legacy -I../../Drivers/CMSIS/Device/ST/STM32H5xx/Include -I../../Drivers/CMSIS/Include -O0 -ffunction-sections -fdata-sections -Wall -fstack-usage -fcyclomatic-complexity -MMD -MP -MF"Drivers/STM32H5xx_HAL_Driver/stm32h5xx_ll_rcc.d" -MT"Drivers/STM32H5xx_HAL_Driver/stm32h5xx_ll_rcc.o" --specs=nano.specs -mfpu=fpv5-sp-d16 -mfloat-abi=hard -mthumb -o "Drivers/STM32H5xx_HAL_Driver/stm32h5xx_ll_rcc.o"
arm-none-eabi-gcc "C:/Users/Xavi/Documents/UOC/DDR5_Test_Platform_XR/Papers/STM32H563ZIT6/DDR5_TestPlatform/Drivers/STM32H5xx_HAL_Driver/Src/stm32h5xx_ll_ucpd.c" -mcpu=cortex-m33 -std=gnu11 -g3 -DDEBUG -DUSE_FULL_LL_DRIVER -DUSE_HAL_DRIVER -DSTM32H563xx -c -I../../Core/Inc -I../../Drivers/STM32H5xx_HAL_Driver/Inc -I../../Drivers/STM32H5xx_HAL_Driver/Inc/Legacy -I../../Drivers/CMSIS/Device/ST/STM32H5xx/Include -I../../Drivers/CMSIS/Include -O0 -ffunction-sections -fdata-sections -Wall -fstack-usage -fcyclomatic-complexity -MMD -MP -MF"Drivers/STM32H5xx_HAL_Driver/stm32h5xx_ll_ucpd.d" -MT"Drivers/STM32H5xx_HAL_Driver/stm32h5xx_ll_ucpd.o" --specs=nano.specs -mfpu=fpv5-sp-d16 -mfloat-abi=hard -mthumb -o "Drivers/STM32H5xx_HAL_Driver/stm32h5xx_ll_ucpd.o"
arm-none-eabi-gcc "C:/Users/Xavi/Documents/UOC/DDR5_Test_Platform_XR/Papers/STM32H563ZIT6/DDR5_TestPlatform/Drivers/STM32H5xx_HAL_Driver/Src/stm32h5xx_ll_usb.c" -mcpu=cortex-m33 -std=gnu11 -g3 -DDEBUG -DUSE_FULL_LL_DRIVER -DUSE_HAL_DRIVER -DSTM32H563xx -c -I../../Core/Inc -I../../Drivers/STM32H5xx_HAL_Driver/Inc -I../../Drivers/STM32H5xx_HAL_Driver/Inc/Legacy -I../../Drivers/CMSIS/Device/ST/STM32H5xx/Include -I../../Drivers/CMSIS/Include -O0 -ffunction-sections -fdata-sections -Wall -fstack-usage -fcyclomatic-complexity -MMD -MP -MF"Drivers/STM32H5xx_HAL_Driver/stm32h5xx_ll_usb.d" -MT"Drivers/STM32H5xx_HAL_Driver/stm32h5xx_ll_usb.o" --specs=nano.specs -mfpu=fpv5-sp-d16 -mfloat-abi=hard -mthumb -o "Drivers/STM32H5xx_HAL_Driver/stm32h5xx_ll_usb.o"
arm-none-eabi-gcc "C:/Users/Xavi/Documents/UOC/DDR5_Test_Platform_XR/Papers/STM32H563ZIT6/DDR5_TestPlatform/Drivers/STM32H5xx_HAL_Driver/Src/stm32h5xx_ll_utils.c" -mcpu=cortex-m33 -std=gnu11 -g3 -DDEBUG -DUSE_FULL_LL_DRIVER -DUSE_HAL_DRIVER -DSTM32H563xx -c -I../../Core/Inc -I../../Drivers/STM32H5xx_HAL_Driver/Inc -I../../Drivers/STM32H5xx_HAL_Driver/Inc/Legacy -I../../Drivers/CMSIS/Device/ST/STM32H5xx/Include -I../../Drivers/CMSIS/Include -O0 -ffunction-sections -fdata-sections -Wall -fstack-usage -fcyclomatic-complexity -MMD -MP -MF"Drivers/STM32H5xx_HAL_Driver/stm32h5xx_ll_utils.d" -MT"Drivers/STM32H5xx_HAL_Driver/stm32h5xx_ll_utils.o" --specs=nano.specs -mfpu=fpv5-sp-d16 -mfloat-abi=hard -mthumb -o "Drivers/STM32H5xx_HAL_Driver/stm32h5xx_ll_utils.o"
arm-none-eabi-gcc "C:/Users/Xavi/Documents/UOC/DDR5_Test_Platform_XR/Papers/STM32H563ZIT6/DDR5_TestPlatform/Core/Src/system_stm32h5xx.c" -mcpu=cortex-m33 -std=gnu11 -g3 -DDEBUG -DUSE_FULL_LL_DRIVER -DUSE_HAL_DRIVER -DSTM32H563xx -c -I../../Core/Inc -I../../Drivers/STM32H5xx_HAL_Driver/Inc -I../../Drivers/STM32H5xx_HAL_Driver/Inc/Legacy -I../../Drivers/CMSIS/Device/ST/STM32H5xx/Include -I../../Drivers/CMSIS/Include -O0 -ffunction-sections -fdata-sections -Wall -fstack-usage -fcyclomatic-complexity -MMD -MP -MF"Drivers/CMSIS/system_stm32h5xx.d" -MT"Drivers/CMSIS/system_stm32h5xx.o" --specs=nano.specs -mfpu=fpv5-sp-d16 -mfloat-abi=hard -mthumb -o "Drivers/CMSIS/system_stm32h5xx.o"
arm-none-eabi-gcc -mcpu=cortex-m33 -g3 -DDEBUG -c -x assembler-with-cpp -MMD -MP -MF"Application/User/Startup/startup_stm32h563zitx.d" -MT"Application/User/Startup/startup_stm32h563zitx.o" --specs=nano.specs -mfpu=fpv5-sp-d16 -mfloat-abi=hard -mthumb -o "Application/User/Startup/startup_stm32h563zitx.o" "../Application/User/Startup/startup_stm32h563zitx.s"
arm-none-eabi-gcc "C:/Users/Xavi/Documents/UOC/DDR5_Test_Platform_XR/Papers/STM32H563ZIT6/DDR5_TestPlatform/Core/Src/main.c" -mcpu=cortex-m33 -std=gnu11 -g3 -DDEBUG -DUSE_FULL_LL_DRIVER -DUSE_HAL_DRIVER -DSTM32H563xx -c -I../../Core/Inc -I../../Drivers/STM32H5xx_HAL_Driver/Inc -I../../Drivers/STM32H5xx_HAL_Driver/Inc/Legacy -I../../Drivers/CMSIS/Device/ST/STM32H5xx/Include -I../../Drivers/CMSIS/Include -O0 -ffunction-sections -fdata-sections -Wall -fstack-usage -fcyclomatic-complexity -MMD -MP -MF"Application/User/Core/main.d" -MT"Application/User/Core/main.o" --specs=nano.specs -mfpu=fpv5-sp-d16 -mfloat-abi=hard -mthumb -o "Application/User/Core/main.o"
arm-none-eabi-gcc "C:/Users/Xavi/Documents/UOC/DDR5_Test_Platform_XR/Papers/STM32H563ZIT6/DDR5_TestPlatform/Core/Src/stm32h5xx_hal_msp.c" -mcpu=cortex-m33 -std=gnu11 -g3 -DDEBUG -DUSE_FULL_LL_DRIVER -DUSE_HAL_DRIVER -DSTM32H563xx -c -I../../Core/Inc -I../../Drivers/STM32H5xx_HAL_Driver/Inc -I../../Drivers/STM32H5xx_HAL_Driver/Inc/Legacy -I../../Drivers/CMSIS/Device/ST/STM32H5xx/Include -I../../Drivers/CMSIS/Include -O0 -ffunction-sections -fdata-sections -Wall -fstack-usage -fcyclomatic-complexity -MMD -MP -MF"Application/User/Core/stm32h5xx_hal_msp.d" -MT"Application/User/Core/stm32h5xx_hal_msp.o" --specs=nano.specs -mfpu=fpv5-sp-d16 -mfloat-abi=hard -mthumb -o "Application/User/Core/stm32h5xx_hal_msp.o"
arm-none-eabi-gcc "C:/Users/Xavi/Documents/UOC/DDR5_Test_Platform_XR/Papers/STM32H563ZIT6/DDR5_TestPlatform/Core/Src/stm32h5xx_it.c" -mcpu=cortex-m33 -std=gnu11 -g3 -DDEBUG -DUSE_FULL_LL_DRIVER -DUSE_HAL_DRIVER -DSTM32H563xx -c -I../../Core/Inc -I../../Drivers/STM32H5xx_HAL_Driver/Inc -I../../Drivers/STM32H5xx_HAL_Driver/Inc/Legacy -I../../Drivers/CMSIS/Device/ST/STM32H5xx/Include -I../../Drivers/CMSIS/Include -O0 -ffunction-sections -fdata-sections -Wall -fstack-usage -fcyclomatic-complexity -MMD -MP -MF"Application/User/Core/stm32h5xx_it.d" -MT"Application/User/Core/stm32h5xx_it.o" --specs=nano.specs -mfpu=fpv5-sp-d16 -mfloat-abi=hard -mthumb -o "Application/User/Core/stm32h5xx_it.o"
arm-none-eabi-gcc "../Application/User/Core/syscalls.c" -mcpu=cortex-m33 -std=gnu11 -g3 -DDEBUG -DUSE_FULL_LL_DRIVER -DUSE_HAL_DRIVER -DSTM32H563xx -c -I../../Core/Inc -I../../Drivers/STM32H5xx_HAL_Driver/Inc -I../../Drivers/STM32H5xx_HAL_Driver/Inc/Legacy -I../../Drivers/CMSIS/Device/ST/STM32H5xx/Include -I../../Drivers/CMSIS/Include -O0 -ffunction-sections -fdata-sections -Wall -fstack-usage -fcyclomatic-complexity -MMD -MP -MF"Application/User/Core/syscalls.d" -MT"Application/User/Core/syscalls.o" --specs=nano.specs -mfpu=fpv5-sp-d16 -mfloat-abi=hard -mthumb -o "Application/User/Core/syscalls.o"
arm-none-eabi-gcc "../Application/User/Core/sysmem.c" -mcpu=cortex-m33 -std=gnu11 -g3 -DDEBUG -DUSE_FULL_LL_DRIVER -DUSE_HAL_DRIVER -DSTM32H563xx -c -I../../Core/Inc -I../../Drivers/STM32H5xx_HAL_Driver/Inc -I../../Drivers/STM32H5xx_HAL_Driver/Inc/Legacy -I../../Drivers/CMSIS/Device/ST/STM32H5xx/Include -I../../Drivers/CMSIS/Include -O0 -ffunction-sections -fdata-sections -Wall -fstack-usage -fcyclomatic-complexity -MMD -MP -MF"Application/User/Core/sysmem.d" -MT"Application/User/Core/sysmem.o" --specs=nano.specs -mfpu=fpv5-sp-d16 -mfloat-abi=hard -mthumb -o "Application/User/Core/sysmem.o"
arm-none-eabi-gcc -o "DDR5_TestPlatform.elf" @"objects.list"   -mcpu=cortex-m33 -T"C:\Users\Xavi\Documents\UOC\DDR5_Test_Platform_XR\Papers\STM32H563ZIT6\DDR5_TestPlatform\STM32CubeIDE\STM32H563ZITX_FLASH.ld" --specs=nosys.specs -Wl,-Map="DDR5_TestPlatform.map" -Wl,--gc-sections -static --specs=nano.specs -mfpu=fpv5-sp-d16 -mfloat-abi=hard -mthumb -Wl,--start-group -lc -lm -Wl,--end-group
Finished building target: DDR5_TestPlatform.elf
 
arm-none-eabi-size  DDR5_TestPlatform.elf 
arm-none-eabi-objdump -h -S DDR5_TestPlatform.elf  > "DDR5_TestPlatform.list"
   text	   data	    bss	    dec	    hex	filename
  40904	     20	   2772	  43696	   aab0	DDR5_TestPlatform.elf
Finished building: default.size.stdout
 
Finished building: DDR5_TestPlatform.list
 

19:23:46 Build Finished. 0 errors, 0 warnings. (took 1s.971ms)

